******************************************************************************
                  TI ARM Linker PC v18.1.1                     
******************************************************************************
>> Linked Thu Jul  4 17:10:02 2019

OUTPUT FILE NAME:   <RTOS2.out>
ENTRY POINT SYMBOL: "_c_int00_noargs"  address: 000031dd


MEMORY CONFIGURATION

         name            origin    length      used     unused   attr    fill
----------------------  --------  ---------  --------  --------  ----  --------
  FLASH                 00000000   00040000  00003494  0003cb6c  R  X
  SRAM                  20000000   00008000  000051f0  00002e10  RW X


SEGMENT ALLOCATION MAP

run origin  load origin   length   init length attrs members
----------  ----------- ---------- ----------- ----- -------
00000000    00000000    00003498   00003498    r-x
  00000000    00000000    0000026c   0000026c    r-- .intvecs
  0000026c    0000026c    000030bc   000030bc    r-x .text
  00003328    00003328    00000134   00000134    r-- .const
  00003460    00003460    00000038   00000038    r-- .cinit
20000000    20000000    000051f0   00000000    rw-
  20000000    20000000    00004fa0   00000000    rw- .bss
  20004fa0    20004fa0    00000200   00000000    rw- .stack
  200051a0    200051a0    00000050   00000000    rw- .data


SECTION ALLOCATION MAP

 output                                  attributes/
section   page    origin      length       input sections
--------  ----  ----------  ----------   ----------------
.intvecs   0    00000000    0000026c     
                  00000000    0000026c     tm4c123gh6pm_startup_ccs.obj (.intvecs)

.text      0    0000026c    000030bc     
                  0000026c    00001110     tasks.obj (.text)
                  0000137c    00000c6a     queue.obj (.text)
                  00001fe6    00000002     --HOLE-- [fill = 0]
                  00001fe8    00000394     croutine.obj (.text)
                  0000237c    0000013c     port.obj (.text)
                  000024b8    00000136     driverlib.lib : can.obj (.text:CANMessageSet)
                  000025ee    00000132                   : gpio.obj (.text:GPIOPadConfigSet)
                  00002720    00000132     list.obj (.text)
                  00002852    00000002     --HOLE-- [fill = 0]
                  00002854    00000110     driverlib.lib : sysctl.obj (.text:SysCtlClockGet)
                  00002964    0000010e                   : can.obj (.text:CANMessageGet)
                  00002a72    00000002     --HOLE-- [fill = 0]
                  00002a74    00000108     can1.obj (.text)
                  00002b7c    00000104     User_tasks.obj (.text)
                  00002c80    000000da     portasm.obj (.text)
                  00002d5a    00000002     --HOLE-- [fill = 0]
                  00002d5c    000000b8     main.obj (.text)
                  00002e14    0000009c     heap_1.obj (.text)
                  00002eb0    0000009c     rtsv7M4_T_le_v4SPD16_eabi.lib : memcpy_t2.asm.obj (.text)
                  00002f4c    0000007a                                   : memset_t2.asm.obj (.text)
                  00002fc6    00000002     --HOLE-- [fill = 0]
                  00002fc8    0000006c     driverlib.lib : can.obj (.text:CANBitRateSet)
                  00003034    00000068     rtsv7M4_T_le_v4SPD16_eabi.lib : copy_decompress_lzss.c.obj (.text:decompress:lzss:__TI_decompress_lzss)
                  0000309c    00000048     driverlib.lib : gpio.obj (.text:GPIOPinConfigure)
                  000030e4    00000044     rtsv7M4_T_le_v4SPD16_eabi.lib : autoinit.c.obj (.text:__TI_auto_init_nobinit_nopinit:__TI_auto_init_nobinit_nopinit)
                  00003128    00000040     driverlib.lib : can.obj (.text:CANStatusGet)
                  00003168    0000003a                   : can.obj (.text:CANInit)
                  000031a2    00000002     --HOLE-- [fill = 0]
                  000031a4    00000038                   : sysctl.obj (.text:SysCtlPeripheralReady)
                  000031dc    00000038     rtsv7M4_T_le_v4SPD16_eabi.lib : boot_cortex_m.c.obj (.text:_c_int00_noargs:_c_int00_noargs)
                  00003214    00000034     driverlib.lib : sysctl.obj (.text:SysCtlPeripheralEnable)
                  00003248    0000002a                   : gpio.obj (.text:GPIODirModeSet)
                  00003272    0000002a                   : can.obj (.text:_CANDataRegRead)
                  0000329c    00000024                   : can.obj (.text:_CANDataRegWrite)
                  000032c0    00000018                   : gpio.obj (.text:GPIOPinTypeGPIOOutput)
                  000032d8    00000012                   : gpio.obj (.text:GPIOPinTypeCAN)
                  000032ea    0000000e     rtsv7M4_T_le_v4SPD16_eabi.lib : copy_decompress_none.c.obj (.text:decompress:none:__TI_decompress_none)
                  000032f8    0000000c                                   : copy_zero_init.c.obj (.text:decompress:ZI:__TI_zero_init)
                  00003304    0000000c     tm4c123gh6pm_startup_ccs.obj (.text)
                  00003310    0000000a     driverlib.lib : can.obj (.text:CANEnable)
                  0000331a    00000006                   : gpio.obj (.text:GPIOPinWrite)
                  00003320    00000004     rtsv7M4_T_le_v4SPD16_eabi.lib : pre_init.c.obj (.text:_system_pre_init)
                  00003324    00000004                                   : exit.c.obj (.text:abort:abort)

.const     0    00003328    00000134     
                  00003328    00000090     driverlib.lib : gpio.obj (.const:g_pui32GPIOBaseAddrs)
                  000033b8    0000006c                   : sysctl.obj (.const:g_pui32Xtals)
                  00003424    00000020                   : can.obj (.const)
                  00003444    00000014     can1.obj (.const:$P$T0$1)
                  00003458    00000004     port.obj (.const)

.cinit     0    00003460    00000038     
                  00003460    00000014     (.cinit..data.load) [load image, compression = lzss]
                  00003474    0000000c     (__TI_handler_table)
                  00003480    00000008     (.cinit..bss.load) [load image, compression = zero_init]
                  00003488    00000010     (__TI_cinit_table)

.init_array 
*          0    00000000    00000000     UNINITIALIZED

.bss       0    20000000    00004fa0     UNINITIALIZED
                  20000000    00004e20     heap_1.obj (.bss:ucHeap)
                  20004e20    000000a0     tasks.obj (.bss:pxReadyTasksLists)
                  20004ec0    00000028     croutine.obj (.bss:pxReadyCoRoutineLists)
                  20004ee8    00000014     croutine.obj (.bss:xDelayedCoRoutineList1)
                  20004efc    00000014     croutine.obj (.bss:xDelayedCoRoutineList2)
                  20004f10    00000014     tasks.obj (.bss:xDelayedTaskList1)
                  20004f24    00000014     tasks.obj (.bss:xDelayedTaskList2)
                  20004f38    00000014     croutine.obj (.bss:xPendingReadyCoRoutineList)
                  20004f4c    00000014     tasks.obj (.bss:xPendingReadyList)
                  20004f60    00000014     tasks.obj (.bss:xSuspendedTaskList)
                  20004f74    00000014     tasks.obj (.bss:xTasksWaitingTermination)
                  20004f88    00000008     croutine.obj (.bss)
                  20004f90    00000008     tasks.obj (.bss)
                  20004f98    00000004     (.common:Key_Semaphore)
                  20004f9c    00000004     (.common:Key_Semaphore2)

.data      0    200051a0    00000050     UNINITIALIZED
                  200051a0    00000034     tasks.obj (.data)
                  200051d4    0000000e     croutine.obj (.data)
                  200051e2    00000002     --HOLE--
                  200051e4    00000008     heap_1.obj (.data)
                  200051ec    00000004     port.obj (.data)

.stack     0    20004fa0    00000200     UNINITIALIZED
                  20004fa0    00000004     rtsv7M4_T_le_v4SPD16_eabi.lib : boot_cortex_m.c.obj (.stack)
                  20004fa4    000001fc     --HOLE--

MODULE SUMMARY

       Module                         code    ro data   rw data
       ------                         ----    -------   -------
    .\
       heap_1.obj                     156     0         20008  
       tasks.obj                      4368    0         320    
       queue.obj                      3178    0         0      
       croutine.obj                   916     0         122    
       tm4c123gh6pm_startup_ccs.obj   12      620       0      
       port.obj                       316     4         4      
       list.obj                       306     0         0      
       can1.obj                       264     20        0      
       User_tasks.obj                 260     0         0      
       portasm.obj                    218     0         0      
       main.obj                       184     0         8      
    +--+------------------------------+-------+---------+---------+
       Total:                         10178   644       20462  
                                                               
    C:/ti/TivaWare_C_Series-2.1.4.178/driverlib/ccs/Debug/driverlib.lib
       can.obj                        898     32        0      
       gpio.obj                       468     144       0      
       sysctl.obj                     380     108       0      
    +--+------------------------------+-------+---------+---------+
       Total:                         1746    284       0      
                                                               
    C:\ti\ccsv8\tools\compiler\ti-cgt-arm_18.1.1.LTS\lib\rtsv7M4_T_le_v4SPD16_eabi.lib
       memcpy_t2.asm.obj              156     0         0      
       memset_t2.asm.obj              122     0         0      
       copy_decompress_lzss.c.obj     104     0         0      
       autoinit.c.obj                 68      0         0      
       boot_cortex_m.c.obj            56      0         0      
       copy_decompress_none.c.obj     14      0         0      
       copy_zero_init.c.obj           12      0         0      
       exit.c.obj                     4       0         0      
       pre_init.c.obj                 4       0         0      
    +--+------------------------------+-------+---------+---------+
       Total:                         540     0         0      
                                                               
       Stack:                         0       0         512    
       Linker Generated:              0       56        0      
    +--+------------------------------+-------+---------+---------+
       Grand Total:                   12464   984       20974  


LINKER GENERATED COPY TABLES

__TI_cinit_table @ 00003488 records: 2, size/record: 8, table size: 16
	.data: load addr=00003460, load size=00000014 bytes, run addr=200051a0, run size=00000050 bytes, compression=lzss
	.bss: load addr=00003480, load size=00000008 bytes, run addr=20000000, run size=00004fa0 bytes, compression=zero_init


LINKER GENERATED HANDLER TABLE

__TI_handler_table @ 00003474 records: 3, size/record: 4, table size: 12
	index: 0, handler: __TI_decompress_lzss
	index: 1, handler: __TI_decompress_none
	index: 2, handler: __TI_zero_init


GLOBAL SYMBOLS: SORTED ALPHABETICALLY BY Name 

address   name                             
-------   ----                             
00003325  C$$EXIT                          
00002fc9  CANBitRateSet                    
00003311  CANEnable                        
00003169  CANInit                          
00002965  CANMessageGet                    
000024b9  CANMessageSet                    
00003129  CANStatusGet                     
00002ba5  CAN_Read                         
00002b27  CAN_SEND                         
00002a75  CAN_init1                        
00002ac7  CAN_recieve                      
00003249  GPIODirModeSet                   
000025ef  GPIOPadConfigSet                 
0000309d  GPIOPinConfigure                 
000032d9  GPIOPinTypeCAN                   
000032c1  GPIOPinTypeGPIOOutput            
0000331b  GPIOPinWrite                     
20004f98  Key_Semaphore                    
20004f9c  Key_Semaphore2                   
00002bf5  LEDOn                            
00002b7d  Preipherals_Init                 
00003305  ResetISR                         
00002c35  SEND_key                         
00002855  SysCtlClockGet                   
00003215  SysCtlPeripheralEnable           
000031a5  SysCtlPeripheralReady            
200051a0  __STACK_END                      
00000200  __STACK_SIZE                     
200051a0  __STACK_TOP                      
00003488  __TI_CINIT_Base                  
00003498  __TI_CINIT_Limit                 
00003474  __TI_Handler_Table_Base          
00003480  __TI_Handler_Table_Limit         
000030e5  __TI_auto_init_nobinit_nopinit   
00003035  __TI_decompress_lzss             
000032eb  __TI_decompress_none             
ffffffff  __TI_pprof_out_hndl              
ffffffff  __TI_prof_data_size              
ffffffff  __TI_prof_data_start             
00000000  __TI_static_base__               
000032f9  __TI_zero_init                   
00002f4d  __aeabi_memclr                   
00002f4d  __aeabi_memclr4                  
00002f4d  __aeabi_memclr8                  
00002eb1  __aeabi_memcpy                   
00002eb1  __aeabi_memcpy4                  
00002eb1  __aeabi_memcpy8                  
00002f4f  __aeabi_memset                   
00002f4f  __aeabi_memset4                  
00002f4f  __aeabi_memset8                  
ffffffff  __binit__                        
ffffffff  __c_args__                       
UNDEFED   __mpu_init                       
20004fa0  __stack                          
000031dd  _c_int00_noargs                  
UNDEFED   _system_post_cinit               
00003321  _system_pre_init                 
00003325  abort                            
ffffffff  binit                            
00000000  g_pfnVectors                     
00002d5d  main                             
00002eb1  memcpy                           
00002f55  memset                           
0000099d  pcTaskGetName                    
00002e15  pvPortMalloc                     
200051d4  pxCurrentCoRoutine               
200051a0  pxCurrentTCB                     
0000237d  pxPortInitialiseStack            
00003458  ulMaxSyscallInterruptPriority    
00002c91  ulPortGetIPSR                    
00000e7d  ulTaskNotifyTake                 
0000280b  uxListRemove                     
00001b13  uxQueueMessagesWaiting           
00001b49  uxQueueMessagesWaitingFromISR    
00001b29  uxQueueSpacesAvailable           
00000997  uxTaskGetNumberOfTasks           
00000e4d  uxTaskResetEventItemValue        
00002099  vCoRoutineAddToDelayedList       
0000223f  vCoRoutineSchedule               
00002721  vListInitialise                  
00002751  vListInitialiseItem              
0000279d  vListInsert                      
00002761  vListInsertEnd                   
00002d4d  vPortEnableVFP                   
0000241d  vPortEndScheduler                
0000241f  vPortEnterCritical               
0000243f  vPortExitCritical                
00002e85  vPortFree                        
00002e8f  vPortInitialiseBlocks            
00002d09  vPortSVCHandler                  
0000247b  vPortSetupTimerInterrupt         
00002d29  vPortStartFirstTask              
00001b5f  vQueueDelete                     
000005a1  vTaskDelay                       
000004f3  vTaskDelayUntil                  
00000445  vTaskDelete                      
0000084d  vTaskEndScheduler                
00000c8f  vTaskInternalSetTimeOutState     
00000d41  vTaskMissedYield                 
000011c1  vTaskNotifyGiveFromISR           
00000b27  vTaskPlaceOnEventList            
00000b4d  vTaskPlaceOnUnorderedEventList   
00000c01  vTaskRemoveFromUnorderedEventList
0000070d  vTaskResume                      
00000c71  vTaskSetTimeOutState             
00000803  vTaskStartScheduler              
000005e5  vTaskSuspend                     
00000869  vTaskSuspendAll                  
00000ac5  vTaskSwitchContext               
00001fe9  xCoRoutineCreate                 
00002319  xCoRoutineRemoveFromEventList    
00002e97  xPortGetFreeHeapSize             
00002ca9  xPortPendSVHandler               
000023e7  xPortStartScheduler              
00002455  xPortSysTickHandler              
00001e41  xQueueCRReceive                  
00001f63  xQueueCRReceiveFromISR           
00001d91  xQueueCRSend                     
00001f17  xQueueCRSendFromISR              
00001497  xQueueCreateCountingSemaphore    
0000140d  xQueueGenericCreate              
0000137d  xQueueGenericReset               
000014b7  xQueueGenericSend                
000015c9  xQueueGenericSendFromISR         
00001665  xQueueGiveFromISR                
00001d25  xQueueIsQueueEmptyFromISR        
00001d6b  xQueueIsQueueFullFromISR         
00001913  xQueuePeek                       
00001ac1  xQueuePeekFromISR                
000016f9  xQueueReceive                    
00001a27  xQueueReceiveFromISR             
0000180d  xQueueSemaphoreTake              
00000cb5  xTaskCheckForTimeOut             
0000026d  xTaskCreate                      
00000fd5  xTaskGenericNotify               
000010b9  xTaskGenericNotifyFromISR        
0000094d  xTaskGetTickCount                
00000969  xTaskGetTickCountFromISR         
000009c1  xTaskIncrementTick               
0000126d  xTaskNotifyStateClear            
00000f01  xTaskNotifyWait                  
00000b89  xTaskRemoveFromEventList         
00000879  xTaskResumeAll                   
0000077d  xTaskResumeFromISR               


GLOBAL SYMBOLS: SORTED BY Symbol Address 

address   name                             
-------   ----                             
00000000  __TI_static_base__               
00000000  g_pfnVectors                     
00000200  __STACK_SIZE                     
0000026d  xTaskCreate                      
00000445  vTaskDelete                      
000004f3  vTaskDelayUntil                  
000005a1  vTaskDelay                       
000005e5  vTaskSuspend                     
0000070d  vTaskResume                      
0000077d  xTaskResumeFromISR               
00000803  vTaskStartScheduler              
0000084d  vTaskEndScheduler                
00000869  vTaskSuspendAll                  
00000879  xTaskResumeAll                   
0000094d  xTaskGetTickCount                
00000969  xTaskGetTickCountFromISR         
00000997  uxTaskGetNumberOfTasks           
0000099d  pcTaskGetName                    
000009c1  xTaskIncrementTick               
00000ac5  vTaskSwitchContext               
00000b27  vTaskPlaceOnEventList            
00000b4d  vTaskPlaceOnUnorderedEventList   
00000b89  xTaskRemoveFromEventList         
00000c01  vTaskRemoveFromUnorderedEventList
00000c71  vTaskSetTimeOutState             
00000c8f  vTaskInternalSetTimeOutState     
00000cb5  xTaskCheckForTimeOut             
00000d41  vTaskMissedYield                 
00000e4d  uxTaskResetEventItemValue        
00000e7d  ulTaskNotifyTake                 
00000f01  xTaskNotifyWait                  
00000fd5  xTaskGenericNotify               
000010b9  xTaskGenericNotifyFromISR        
000011c1  vTaskNotifyGiveFromISR           
0000126d  xTaskNotifyStateClear            
0000137d  xQueueGenericReset               
0000140d  xQueueGenericCreate              
00001497  xQueueCreateCountingSemaphore    
000014b7  xQueueGenericSend                
000015c9  xQueueGenericSendFromISR         
00001665  xQueueGiveFromISR                
000016f9  xQueueReceive                    
0000180d  xQueueSemaphoreTake              
00001913  xQueuePeek                       
00001a27  xQueueReceiveFromISR             
00001ac1  xQueuePeekFromISR                
00001b13  uxQueueMessagesWaiting           
00001b29  uxQueueSpacesAvailable           
00001b49  uxQueueMessagesWaitingFromISR    
00001b5f  vQueueDelete                     
00001d25  xQueueIsQueueEmptyFromISR        
00001d6b  xQueueIsQueueFullFromISR         
00001d91  xQueueCRSend                     
00001e41  xQueueCRReceive                  
00001f17  xQueueCRSendFromISR              
00001f63  xQueueCRReceiveFromISR           
00001fe9  xCoRoutineCreate                 
00002099  vCoRoutineAddToDelayedList       
0000223f  vCoRoutineSchedule               
00002319  xCoRoutineRemoveFromEventList    
0000237d  pxPortInitialiseStack            
000023e7  xPortStartScheduler              
0000241d  vPortEndScheduler                
0000241f  vPortEnterCritical               
0000243f  vPortExitCritical                
00002455  xPortSysTickHandler              
0000247b  vPortSetupTimerInterrupt         
000024b9  CANMessageSet                    
000025ef  GPIOPadConfigSet                 
00002721  vListInitialise                  
00002751  vListInitialiseItem              
00002761  vListInsertEnd                   
0000279d  vListInsert                      
0000280b  uxListRemove                     
00002855  SysCtlClockGet                   
00002965  CANMessageGet                    
00002a75  CAN_init1                        
00002ac7  CAN_recieve                      
00002b27  CAN_SEND                         
00002b7d  Preipherals_Init                 
00002ba5  CAN_Read                         
00002bf5  LEDOn                            
00002c35  SEND_key                         
00002c91  ulPortGetIPSR                    
00002ca9  xPortPendSVHandler               
00002d09  vPortSVCHandler                  
00002d29  vPortStartFirstTask              
00002d4d  vPortEnableVFP                   
00002d5d  main                             
00002e15  pvPortMalloc                     
00002e85  vPortFree                        
00002e8f  vPortInitialiseBlocks            
00002e97  xPortGetFreeHeapSize             
00002eb1  __aeabi_memcpy                   
00002eb1  __aeabi_memcpy4                  
00002eb1  __aeabi_memcpy8                  
00002eb1  memcpy                           
00002f4d  __aeabi_memclr                   
00002f4d  __aeabi_memclr4                  
00002f4d  __aeabi_memclr8                  
00002f4f  __aeabi_memset                   
00002f4f  __aeabi_memset4                  
00002f4f  __aeabi_memset8                  
00002f55  memset                           
00002fc9  CANBitRateSet                    
00003035  __TI_decompress_lzss             
0000309d  GPIOPinConfigure                 
000030e5  __TI_auto_init_nobinit_nopinit   
00003129  CANStatusGet                     
00003169  CANInit                          
000031a5  SysCtlPeripheralReady            
000031dd  _c_int00_noargs                  
00003215  SysCtlPeripheralEnable           
00003249  GPIODirModeSet                   
000032c1  GPIOPinTypeGPIOOutput            
000032d9  GPIOPinTypeCAN                   
000032eb  __TI_decompress_none             
000032f9  __TI_zero_init                   
00003305  ResetISR                         
00003311  CANEnable                        
0000331b  GPIOPinWrite                     
00003321  _system_pre_init                 
00003325  C$$EXIT                          
00003325  abort                            
00003458  ulMaxSyscallInterruptPriority    
00003474  __TI_Handler_Table_Base          
00003480  __TI_Handler_Table_Limit         
00003488  __TI_CINIT_Base                  
00003498  __TI_CINIT_Limit                 
20004f98  Key_Semaphore                    
20004f9c  Key_Semaphore2                   
20004fa0  __stack                          
200051a0  __STACK_END                      
200051a0  __STACK_TOP                      
200051a0  pxCurrentTCB                     
200051d4  pxCurrentCoRoutine               
ffffffff  __TI_pprof_out_hndl              
ffffffff  __TI_prof_data_size              
ffffffff  __TI_prof_data_start             
ffffffff  __binit__                        
ffffffff  __c_args__                       
ffffffff  binit                            
UNDEFED   __mpu_init                       
UNDEFED   _system_post_cinit               

[144 symbols]
