<?xml version="1.0" encoding="ISO-8859-1" ?>
<link_info>
   <banner>TI ARM Linker PC v18.1.1.LTS</banner>
   <copyright>Copyright (c) 1996-2017 Texas Instruments Incorporated</copyright>
   <link_time>0x5d1b4c68</link_time>
   <link_errors>0x0</link_errors>
   <output_file>RTOS.out</output_file>
   <entry_point>
      <name>_c_int00_noargs</name>
      <address>0x18c1</address>
   </entry_point>
   <input_file_list>
      <input_file id="fl-2">
         <path>.\</path>
         <kind>object</kind>
         <file>croutine.obj</file>
         <name>croutine.obj</name>
      </input_file>
      <input_file id="fl-3">
         <path>.\</path>
         <kind>object</kind>
         <file>event_groups.obj</file>
         <name>event_groups.obj</name>
      </input_file>
      <input_file id="fl-4">
         <path>.\</path>
         <kind>object</kind>
         <file>heap_1.obj</file>
         <name>heap_1.obj</name>
      </input_file>
      <input_file id="fl-5">
         <path>.\</path>
         <kind>object</kind>
         <file>list.obj</file>
         <name>list.obj</name>
      </input_file>
      <input_file id="fl-6">
         <path>.\</path>
         <kind>object</kind>
         <file>main.obj</file>
         <name>main.obj</name>
      </input_file>
      <input_file id="fl-7">
         <path>.\</path>
         <kind>object</kind>
         <file>port.obj</file>
         <name>port.obj</name>
      </input_file>
      <input_file id="fl-8">
         <path>.\</path>
         <kind>object</kind>
         <file>portasm.obj</file>
         <name>portasm.obj</name>
      </input_file>
      <input_file id="fl-9">
         <path>.\</path>
         <kind>object</kind>
         <file>queue.obj</file>
         <name>queue.obj</name>
      </input_file>
      <input_file id="fl-a">
         <path>.\</path>
         <kind>object</kind>
         <file>stream_buffer.obj</file>
         <name>stream_buffer.obj</name>
      </input_file>
      <input_file id="fl-b">
         <path>.\</path>
         <kind>object</kind>
         <file>tasks.obj</file>
         <name>tasks.obj</name>
      </input_file>
      <input_file id="fl-c">
         <path>.\</path>
         <kind>object</kind>
         <file>timers.obj</file>
         <name>timers.obj</name>
      </input_file>
      <input_file id="fl-d">
         <path>.\</path>
         <kind>object</kind>
         <file>tm4c123gh6pm_startup_ccs.obj</file>
         <name>tm4c123gh6pm_startup_ccs.obj</name>
      </input_file>
      <input_file id="fl-12">
         <kind>object</kind>
         <file>&lt;internal&gt;</file>
         <name>&lt;internal&gt;</name>
      </input_file>
      <input_file id="fl-c8">
         <path>C:\ti\ccsv8\tools\compiler\ti-cgt-arm_18.1.1.LTS\lib\</path>
         <kind>archive</kind>
         <file>rtsv7M4_T_le_v4SPD16_eabi.lib</file>
         <name>memcpy_t2.asm.obj</name>
      </input_file>
      <input_file id="fl-c9">
         <path>C:\ti\ccsv8\tools\compiler\ti-cgt-arm_18.1.1.LTS\lib\</path>
         <kind>archive</kind>
         <file>rtsv7M4_T_le_v4SPD16_eabi.lib</file>
         <name>memset_t2.asm.obj</name>
      </input_file>
      <input_file id="fl-ca">
         <path>C:\ti\ccsv8\tools\compiler\ti-cgt-arm_18.1.1.LTS\lib\</path>
         <kind>archive</kind>
         <file>rtsv7M4_T_le_v4SPD16_eabi.lib</file>
         <name>copy_zero_init.c.obj</name>
      </input_file>
      <input_file id="fl-cb">
         <path>C:\ti\ccsv8\tools\compiler\ti-cgt-arm_18.1.1.LTS\lib\</path>
         <kind>archive</kind>
         <file>rtsv7M4_T_le_v4SPD16_eabi.lib</file>
         <name>copy_decompress_none.c.obj</name>
      </input_file>
      <input_file id="fl-cc">
         <path>C:\ti\ccsv8\tools\compiler\ti-cgt-arm_18.1.1.LTS\lib\</path>
         <kind>archive</kind>
         <file>rtsv7M4_T_le_v4SPD16_eabi.lib</file>
         <name>copy_decompress_lzss.c.obj</name>
      </input_file>
      <input_file id="fl-cd">
         <path>C:\ti\ccsv8\tools\compiler\ti-cgt-arm_18.1.1.LTS\lib\</path>
         <kind>archive</kind>
         <file>rtsv7M4_T_le_v4SPD16_eabi.lib</file>
         <name>boot_cortex_m.c.obj</name>
      </input_file>
      <input_file id="fl-ce">
         <path>C:\ti\ccsv8\tools\compiler\ti-cgt-arm_18.1.1.LTS\lib\</path>
         <kind>archive</kind>
         <file>rtsv7M4_T_le_v4SPD16_eabi.lib</file>
         <name>exit.c.obj</name>
      </input_file>
      <input_file id="fl-cf">
         <path>C:\ti\ccsv8\tools\compiler\ti-cgt-arm_18.1.1.LTS\lib\</path>
         <kind>archive</kind>
         <file>rtsv7M4_T_le_v4SPD16_eabi.lib</file>
         <name>_lock.c.obj</name>
      </input_file>
      <input_file id="fl-d0">
         <path>C:\ti\ccsv8\tools\compiler\ti-cgt-arm_18.1.1.LTS\lib\</path>
         <kind>archive</kind>
         <file>rtsv7M4_T_le_v4SPD16_eabi.lib</file>
         <name>args_main.c.obj</name>
      </input_file>
      <input_file id="fl-d1">
         <path>C:\ti\ccsv8\tools\compiler\ti-cgt-arm_18.1.1.LTS\lib\</path>
         <kind>archive</kind>
         <file>rtsv7M4_T_le_v4SPD16_eabi.lib</file>
         <name>autoinit.c.obj</name>
      </input_file>
      <input_file id="fl-d2">
         <path>C:\ti\ccsv8\tools\compiler\ti-cgt-arm_18.1.1.LTS\lib\</path>
         <kind>archive</kind>
         <file>rtsv7M4_T_le_v4SPD16_eabi.lib</file>
         <name>pre_init.c.obj</name>
      </input_file>
      <input_file id="fl-d3">
         <path>C:\ti\ccsv8\tools\compiler\ti-cgt-arm_18.1.1.LTS\lib\</path>
         <kind>archive</kind>
         <file>rtsv7M4_T_le_v4SPD16_eabi.lib</file>
         <name>cpy_tbl.c.obj</name>
      </input_file>
      <input_file id="fl-d4">
         <path>C:\ti\TivaWare_C_Series-2.1.4.178\driverlib\ccs\Debug\</path>
         <kind>archive</kind>
         <file>driverlib.lib</file>
         <name>gpio.obj</name>
      </input_file>
      <input_file id="fl-d5">
         <path>C:\ti\TivaWare_C_Series-2.1.4.178\driverlib\ccs\Debug\</path>
         <kind>archive</kind>
         <file>driverlib.lib</file>
         <name>interrupt.obj</name>
      </input_file>
      <input_file id="fl-d6">
         <path>C:\ti\TivaWare_C_Series-2.1.4.178\driverlib\ccs\Debug\</path>
         <kind>archive</kind>
         <file>driverlib.lib</file>
         <name>sysctl.obj</name>
      </input_file>
      <input_file id="fl-d7">
         <path>C:\ti\TivaWare_C_Series-2.1.4.178\driverlib\ccs\Debug\</path>
         <kind>archive</kind>
         <file>driverlib.lib</file>
         <name>cpu.obj</name>
      </input_file>
   </input_file_list>
   <object_component_list>
      <object_component id="oc-f">
         <name>.intvecs</name>
         <load_address>0x0</load_address>
         <run_address>0x0</run_address>
         <size>0x26c</size>
         <input_file_ref idref="fl-d"/>
      </object_component>
      <object_component id="oc-7c">
         <name>.text</name>
         <load_address>0x26c</load_address>
         <run_address>0x26c</run_address>
         <size>0xecc</size>
         <input_file_ref idref="fl-b"/>
      </object_component>
      <object_component id="oc-2f">
         <name>.text</name>
         <load_address>0x1138</load_address>
         <run_address>0x1138</run_address>
         <size>0x13c</size>
         <input_file_ref idref="fl-7"/>
      </object_component>
      <object_component id="oc-1c2">
         <name>.text:GPIOPadConfigSet</name>
         <load_address>0x1274</load_address>
         <run_address>0x1274</run_address>
         <size>0x132</size>
         <input_file_ref idref="fl-d4"/>
      </object_component>
      <object_component id="oc-e1">
         <name>.text</name>
         <load_address>0x13a6</load_address>
         <run_address>0x13a6</run_address>
         <size>0x132</size>
         <input_file_ref idref="fl-5"/>
      </object_component>
      <object_component id="oc-2a">
         <name>.text</name>
         <load_address>0x14d8</load_address>
         <run_address>0x14d8</run_address>
         <size>0xda</size>
         <input_file_ref idref="fl-8"/>
      </object_component>
      <object_component id="oc-db">
         <name>.text</name>
         <load_address>0x15b4</load_address>
         <run_address>0x15b4</run_address>
         <size>0x9c</size>
         <input_file_ref idref="fl-4"/>
      </object_component>
      <object_component id="oc-43">
         <name>.text</name>
         <load_address>0x1650</load_address>
         <run_address>0x1650</run_address>
         <size>0x9c</size>
         <input_file_ref idref="fl-c8"/>
      </object_component>
      <object_component id="oc-b3">
         <name>.text</name>
         <load_address>0x16ec</load_address>
         <run_address>0x16ec</run_address>
         <size>0x7a</size>
         <input_file_ref idref="fl-c9"/>
      </object_component>
      <object_component id="oc-bf">
         <name>.text</name>
         <load_address>0x1768</load_address>
         <run_address>0x1768</run_address>
         <size>0x74</size>
         <input_file_ref idref="fl-6"/>
      </object_component>
      <object_component id="oc-12">
         <name>.text:decompress:lzss:__TI_decompress_lzss</name>
         <load_address>0x17dc</load_address>
         <run_address>0x17dc</run_address>
         <size>0x68</size>
         <input_file_ref idref="fl-cc"/>
      </object_component>
      <object_component id="oc-153">
         <name>.text:__TI_auto_init_nobinit_nopinit:__TI_auto_init_nobinit_nopinit</name>
         <load_address>0x1844</load_address>
         <run_address>0x1844</run_address>
         <size>0x44</size>
         <input_file_ref idref="fl-d1"/>
      </object_component>
      <object_component id="oc-134">
         <name>.text:SysCtlPeripheralReady</name>
         <load_address>0x1888</load_address>
         <run_address>0x1888</run_address>
         <size>0x38</size>
         <input_file_ref idref="fl-d6"/>
      </object_component>
      <object_component id="oc-61">
         <name>.text:_c_int00_noargs:_c_int00_noargs</name>
         <load_address>0x18c0</load_address>
         <run_address>0x18c0</run_address>
         <size>0x38</size>
         <input_file_ref idref="fl-cd"/>
      </object_component>
      <object_component id="oc-12e">
         <name>.text:SysCtlPeripheralEnable</name>
         <load_address>0x18f8</load_address>
         <run_address>0x18f8</run_address>
         <size>0x34</size>
         <input_file_ref idref="fl-d6"/>
      </object_component>
      <object_component id="oc-1c8">
         <name>.text:GPIODirModeSet</name>
         <load_address>0x192c</load_address>
         <run_address>0x192c</run_address>
         <size>0x2a</size>
         <input_file_ref idref="fl-d4"/>
      </object_component>
      <object_component id="oc-13a">
         <name>.text:GPIOPinTypeGPIOOutput</name>
         <load_address>0x1956</load_address>
         <run_address>0x1956</run_address>
         <size>0x18</size>
         <input_file_ref idref="fl-d4"/>
      </object_component>
      <object_component id="oc-18">
         <name>.text:decompress:none:__TI_decompress_none</name>
         <load_address>0x196e</load_address>
         <run_address>0x196e</run_address>
         <size>0xe</size>
         <input_file_ref idref="fl-cb"/>
      </object_component>
      <object_component id="oc-55">
         <name>.text:decompress:ZI:__TI_zero_init</name>
         <load_address>0x197c</load_address>
         <run_address>0x197c</run_address>
         <size>0xc</size>
         <input_file_ref idref="fl-ca"/>
      </object_component>
      <object_component id="oc-24">
         <name>.text</name>
         <load_address>0x1988</load_address>
         <run_address>0x1988</run_address>
         <size>0xc</size>
         <input_file_ref idref="fl-d"/>
      </object_component>
      <object_component id="oc-128">
         <name>.text:GPIOPinWrite</name>
         <load_address>0x1994</load_address>
         <run_address>0x1994</run_address>
         <size>0x6</size>
         <input_file_ref idref="fl-d4"/>
      </object_component>
      <object_component id="oc-b9">
         <name>.text:_system_pre_init</name>
         <load_address>0x199a</load_address>
         <run_address>0x199a</run_address>
         <size>0x4</size>
         <input_file_ref idref="fl-d2"/>
      </object_component>
      <object_component id="oc-147">
         <name>.text:abort:abort</name>
         <load_address>0x199e</load_address>
         <run_address>0x199e</run_address>
         <size>0x4</size>
         <input_file_ref idref="fl-ce"/>
      </object_component>
      <object_component id="oc-79">
         <name>.const</name>
         <load_address>0x19a4</load_address>
         <run_address>0x19a4</run_address>
         <size>0x4</size>
         <input_file_ref idref="fl-7"/>
      </object_component>
      <object_component id="oc-26a">
         <name>.cinit..data.load</name>
         <load_address>0x19a8</load_address>
         <run_address>0x19a8</run_address>
         <size>0x12</size>
      </object_component>
      <object_component id="oc-268">
         <name>__TI_handler_table</name>
         <load_address>0x19bc</load_address>
         <run_address>0x19bc</run_address>
         <size>0xc</size>
      </object_component>
      <object_component id="oc-26b">
         <name>.cinit..bss.load</name>
         <load_address>0x19c8</load_address>
         <run_address>0x19c8</run_address>
         <size>0x8</size>
      </object_component>
      <object_component id="oc-269">
         <name>__TI_cinit_table</name>
         <load_address>0x19d0</load_address>
         <run_address>0x19d0</run_address>
         <size>0x10</size>
      </object_component>
      <object_component id="oc-19b">
         <name>.data</name>
         <load_address>0x200008e4</load_address>
         <run_address>0x200008e4</run_address>
         <size>0x8</size>
         <input_file_ref idref="fl-4"/>
      </object_component>
      <object_component id="oc-83">
         <name>.data</name>
         <load_address>0x200008ec</load_address>
         <run_address>0x200008ec</run_address>
         <size>0x4</size>
         <input_file_ref idref="fl-7"/>
      </object_component>
      <object_component id="oc-76">
         <name>.data</name>
         <load_address>0x200008b0</load_address>
         <run_address>0x200008b0</run_address>
         <size>0x34</size>
         <input_file_ref idref="fl-b"/>
      </object_component>
      <object_component id="oc-19e">
         <name>.bss:ucHeap</name>
         <uninitialized>true</uninitialized>
         <run_address>0x20000000</run_address>
         <size>0x5dc</size>
         <input_file_ref idref="fl-4"/>
      </object_component>
      <object_component id="oc-e7">
         <name>.bss:pxReadyTasksLists</name>
         <uninitialized>true</uninitialized>
         <run_address>0x200005dc</run_address>
         <size>0x78</size>
         <input_file_ref idref="fl-b"/>
      </object_component>
      <object_component id="oc-f3">
         <name>.bss:xDelayedTaskList1</name>
         <uninitialized>true</uninitialized>
         <run_address>0x20000654</run_address>
         <size>0x14</size>
         <input_file_ref idref="fl-b"/>
      </object_component>
      <object_component id="oc-f6">
         <name>.bss:xDelayedTaskList2</name>
         <uninitialized>true</uninitialized>
         <run_address>0x20000668</run_address>
         <size>0x14</size>
         <input_file_ref idref="fl-b"/>
      </object_component>
      <object_component id="oc-f0">
         <name>.bss</name>
         <uninitialized>true</uninitialized>
         <run_address>0x200006a4</run_address>
         <size>0x8</size>
         <input_file_ref idref="fl-b"/>
      </object_component>
      <object_component id="oc-ed">
         <name>.bss:xPendingReadyList</name>
         <uninitialized>true</uninitialized>
         <run_address>0x2000067c</run_address>
         <size>0x14</size>
         <input_file_ref idref="fl-b"/>
      </object_component>
      <object_component id="oc-ea">
         <name>.bss:xTasksWaitingTermination</name>
         <uninitialized>true</uninitialized>
         <run_address>0x20000690</run_address>
         <size>0x14</size>
         <input_file_ref idref="fl-b"/>
      </object_component>
      <object_component id="oc-21">
         <name>.stack</name>
         <uninitialized>true</uninitialized>
         <run_address>0x200006b0</run_address>
         <size>0x4</size>
         <input_file_ref idref="fl-cd"/>
      </object_component>
      <object_component id="oc-26c">
         <name>.stack</name>
         <uninitialized>true</uninitialized>
         <run_address>0x200006b0</run_address>
         <size>0x0</size>
      </object_component>
      <object_component id="oc-112">
         <name>.debug_info</name>
         <load_address>0x0</load_address>
         <run_address>0x0</run_address>
         <size>0x4e3</size>
         <input_file_ref idref="fl-2"/>
      </object_component>
      <object_component id="oc-103">
         <name>.debug_info</name>
         <load_address>0x4e3</load_address>
         <run_address>0x4e3</run_address>
         <size>0x315</size>
         <input_file_ref idref="fl-2"/>
      </object_component>
      <object_component id="oc-94">
         <name>.debug_info</name>
         <load_address>0x7f8</load_address>
         <run_address>0x7f8</run_address>
         <size>0x26b</size>
         <input_file_ref idref="fl-2"/>
      </object_component>
      <object_component id="oc-10d">
         <name>.debug_info</name>
         <load_address>0xa63</load_address>
         <run_address>0xa63</run_address>
         <size>0x3ce</size>
         <input_file_ref idref="fl-2"/>
      </object_component>
      <object_component id="oc-3e">
         <name>.debug_info</name>
         <load_address>0xe31</load_address>
         <run_address>0xe31</run_address>
         <size>0x84</size>
         <input_file_ref idref="fl-2"/>
      </object_component>
      <object_component id="oc-1b3">
         <name>.debug_info</name>
         <load_address>0xeb5</load_address>
         <run_address>0xeb5</run_address>
         <size>0xcc</size>
         <input_file_ref idref="fl-2"/>
      </object_component>
      <object_component id="oc-88">
         <name>.debug_info</name>
         <load_address>0xf81</load_address>
         <run_address>0xf81</run_address>
         <size>0x2c</size>
         <input_file_ref idref="fl-2"/>
      </object_component>
      <object_component id="oc-113">
         <name>.debug_info</name>
         <load_address>0xfad</load_address>
         <run_address>0xfad</run_address>
         <size>0x297</size>
         <input_file_ref idref="fl-2"/>
      </object_component>
      <object_component id="oc-99">
         <name>.debug_info</name>
         <load_address>0x1244</load_address>
         <run_address>0x1244</run_address>
         <size>0xbb</size>
         <input_file_ref idref="fl-2"/>
      </object_component>
      <object_component id="oc-8d">
         <name>.debug_info</name>
         <load_address>0x12ff</load_address>
         <run_address>0x12ff</run_address>
         <size>0x53</size>
         <input_file_ref idref="fl-2"/>
      </object_component>
      <object_component id="oc-fe">
         <name>.debug_info</name>
         <load_address>0x1352</load_address>
         <run_address>0x1352</run_address>
         <size>0x53</size>
         <input_file_ref idref="fl-2"/>
      </object_component>
      <object_component id="oc-108">
         <name>.debug_info</name>
         <load_address>0x13a5</load_address>
         <run_address>0x13a5</run_address>
         <size>0x14c</size>
         <input_file_ref idref="fl-2"/>
      </object_component>
      <object_component id="oc-1f1">
         <name>.debug_info</name>
         <load_address>0x14f1</load_address>
         <run_address>0x14f1</run_address>
         <size>0x612</size>
         <input_file_ref idref="fl-3"/>
      </object_component>
      <object_component id="oc-18c">
         <name>.debug_info</name>
         <load_address>0x1b03</load_address>
         <run_address>0x1b03</run_address>
         <size>0x110</size>
         <input_file_ref idref="fl-3"/>
      </object_component>
      <object_component id="oc-196">
         <name>.debug_info</name>
         <load_address>0x1c13</load_address>
         <run_address>0x1c13</run_address>
         <size>0x3ce</size>
         <input_file_ref idref="fl-3"/>
      </object_component>
      <object_component id="oc-228">
         <name>.debug_info</name>
         <load_address>0x1fe1</load_address>
         <run_address>0x1fe1</run_address>
         <size>0x62</size>
         <input_file_ref idref="fl-3"/>
      </object_component>
      <object_component id="oc-22d">
         <name>.debug_info</name>
         <load_address>0x2043</load_address>
         <run_address>0x2043</run_address>
         <size>0x39</size>
         <input_file_ref idref="fl-3"/>
      </object_component>
      <object_component id="oc-187">
         <name>.debug_info</name>
         <load_address>0x207c</load_address>
         <run_address>0x207c</run_address>
         <size>0x4f</size>
         <input_file_ref idref="fl-3"/>
      </object_component>
      <object_component id="oc-1a2">
         <name>.debug_info</name>
         <load_address>0x20cb</load_address>
         <run_address>0x20cb</run_address>
         <size>0x3d1</size>
         <input_file_ref idref="fl-4"/>
      </object_component>
      <object_component id="oc-19f">
         <name>.debug_info</name>
         <load_address>0x249c</load_address>
         <run_address>0x249c</run_address>
         <size>0xc6</size>
         <input_file_ref idref="fl-4"/>
      </object_component>
      <object_component id="oc-19c">
         <name>.debug_info</name>
         <load_address>0x2562</load_address>
         <run_address>0x2562</run_address>
         <size>0xd4</size>
         <input_file_ref idref="fl-4"/>
      </object_component>
      <object_component id="oc-dc">
         <name>.debug_info</name>
         <load_address>0x2636</load_address>
         <run_address>0x2636</run_address>
         <size>0x2dc</size>
         <input_file_ref idref="fl-4"/>
      </object_component>
      <object_component id="oc-1a4">
         <name>.debug_info</name>
         <load_address>0x2912</load_address>
         <run_address>0x2912</run_address>
         <size>0x344</size>
         <input_file_ref idref="fl-5"/>
      </object_component>
      <object_component id="oc-e2">
         <name>.debug_info</name>
         <load_address>0x2c56</load_address>
         <run_address>0x2c56</run_address>
         <size>0x43e</size>
         <input_file_ref idref="fl-5"/>
      </object_component>
      <object_component id="oc-141">
         <name>.debug_info</name>
         <load_address>0x3094</load_address>
         <run_address>0x3094</run_address>
         <size>0x4ec</size>
         <input_file_ref idref="fl-6"/>
      </object_component>
      <object_component id="oc-c0">
         <name>.debug_info</name>
         <load_address>0x3580</load_address>
         <run_address>0x3580</run_address>
         <size>0x252</size>
         <input_file_ref idref="fl-6"/>
      </object_component>
      <object_component id="oc-142">
         <name>.debug_info</name>
         <load_address>0x37d2</load_address>
         <run_address>0x37d2</run_address>
         <size>0x8b</size>
         <input_file_ref idref="fl-6"/>
      </object_component>
      <object_component id="oc-87">
         <name>.debug_info</name>
         <load_address>0x385d</load_address>
         <run_address>0x385d</run_address>
         <size>0x3c9</size>
         <input_file_ref idref="fl-7"/>
      </object_component>
      <object_component id="oc-7a">
         <name>.debug_info</name>
         <load_address>0x3c26</load_address>
         <run_address>0x3c26</run_address>
         <size>0xf3</size>
         <input_file_ref idref="fl-7"/>
      </object_component>
      <object_component id="oc-84">
         <name>.debug_info</name>
         <load_address>0x3d19</load_address>
         <run_address>0x3d19</run_address>
         <size>0xda</size>
         <input_file_ref idref="fl-7"/>
      </object_component>
      <object_component id="oc-30">
         <name>.debug_info</name>
         <load_address>0x3df3</load_address>
         <run_address>0x3df3</run_address>
         <size>0x49a</size>
         <input_file_ref idref="fl-7"/>
      </object_component>
      <object_component id="oc-2b">
         <name>.debug_info</name>
         <load_address>0x428d</load_address>
         <run_address>0x428d</run_address>
         <size>0x22b</size>
         <input_file_ref idref="fl-8"/>
      </object_component>
      <object_component id="oc-11f">
         <name>.debug_info</name>
         <load_address>0x44b8</load_address>
         <run_address>0x44b8</run_address>
         <size>0x2c</size>
         <input_file_ref idref="fl-a"/>
      </object_component>
      <object_component id="oc-d3">
         <name>.debug_info</name>
         <load_address>0x44e4</load_address>
         <run_address>0x44e4</run_address>
         <size>0x6af</size>
         <input_file_ref idref="fl-b"/>
      </object_component>
      <object_component id="oc-77">
         <name>.debug_info</name>
         <load_address>0x4b93</load_address>
         <run_address>0x4b93</run_address>
         <size>0x335</size>
         <input_file_ref idref="fl-b"/>
      </object_component>
      <object_component id="oc-e8">
         <name>.debug_info</name>
         <load_address>0x4ec8</load_address>
         <run_address>0x4ec8</run_address>
         <size>0xdc</size>
         <input_file_ref idref="fl-b"/>
      </object_component>
      <object_component id="oc-f4">
         <name>.debug_info</name>
         <load_address>0x4fa4</load_address>
         <run_address>0x4fa4</run_address>
         <size>0xdc</size>
         <input_file_ref idref="fl-b"/>
      </object_component>
      <object_component id="oc-f7">
         <name>.debug_info</name>
         <load_address>0x5080</load_address>
         <run_address>0x5080</run_address>
         <size>0xdc</size>
         <input_file_ref idref="fl-b"/>
      </object_component>
      <object_component id="oc-f1">
         <name>.debug_info</name>
         <load_address>0x515c</load_address>
         <run_address>0x515c</run_address>
         <size>0x11f</size>
         <input_file_ref idref="fl-b"/>
      </object_component>
      <object_component id="oc-ee">
         <name>.debug_info</name>
         <load_address>0x527b</load_address>
         <run_address>0x527b</run_address>
         <size>0xdc</size>
         <input_file_ref idref="fl-b"/>
      </object_component>
      <object_component id="oc-eb">
         <name>.debug_info</name>
         <load_address>0x5357</load_address>
         <run_address>0x5357</run_address>
         <size>0xea</size>
         <input_file_ref idref="fl-b"/>
      </object_component>
      <object_component id="oc-7d">
         <name>.debug_info</name>
         <load_address>0x5441</load_address>
         <run_address>0x5441</run_address>
         <size>0x2c34</size>
         <input_file_ref idref="fl-b"/>
      </object_component>
      <object_component id="oc-d4">
         <name>.debug_info</name>
         <load_address>0x8075</load_address>
         <run_address>0x8075</run_address>
         <size>0x30c</size>
         <input_file_ref idref="fl-b"/>
      </object_component>
      <object_component id="oc-191">
         <name>.debug_info</name>
         <load_address>0x8381</load_address>
         <run_address>0x8381</run_address>
         <size>0xf0</size>
         <input_file_ref idref="fl-b"/>
      </object_component>
      <object_component id="oc-37">
         <name>.debug_info</name>
         <load_address>0x8471</load_address>
         <run_address>0x8471</run_address>
         <size>0x326</size>
         <input_file_ref idref="fl-d"/>
      </object_component>
      <object_component id="oc-10">
         <name>.debug_info</name>
         <load_address>0x8797</load_address>
         <run_address>0x8797</run_address>
         <size>0xe5</size>
         <input_file_ref idref="fl-d"/>
      </object_component>
      <object_component id="oc-25">
         <name>.debug_info</name>
         <load_address>0x887c</load_address>
         <run_address>0x887c</run_address>
         <size>0x261</size>
         <input_file_ref idref="fl-d"/>
      </object_component>
      <object_component id="oc-44">
         <name>.debug_info</name>
         <load_address>0x8add</load_address>
         <run_address>0x8add</run_address>
         <size>0x111</size>
         <input_file_ref idref="fl-c8"/>
      </object_component>
      <object_component id="oc-b4">
         <name>.debug_info</name>
         <load_address>0x8bee</load_address>
         <run_address>0x8bee</run_address>
         <size>0x13f</size>
         <input_file_ref idref="fl-c9"/>
      </object_component>
      <object_component id="oc-b2">
         <name>.debug_info</name>
         <load_address>0x8d2d</load_address>
         <run_address>0x8d2d</run_address>
         <size>0x313</size>
         <input_file_ref idref="fl-ca"/>
      </object_component>
      <object_component id="oc-59">
         <name>.debug_info</name>
         <load_address>0x9040</load_address>
         <run_address>0x9040</run_address>
         <size>0x1aa</size>
         <input_file_ref idref="fl-ca"/>
      </object_component>
      <object_component id="oc-ad">
         <name>.debug_info</name>
         <load_address>0x91ea</load_address>
         <run_address>0x91ea</run_address>
         <size>0x46</size>
         <input_file_ref idref="fl-ca"/>
      </object_component>
      <object_component id="oc-4e">
         <name>.debug_info</name>
         <load_address>0x9230</load_address>
         <run_address>0x9230</run_address>
         <size>0x29d</size>
         <input_file_ref idref="fl-cb"/>
      </object_component>
      <object_component id="oc-19">
         <name>.debug_info</name>
         <load_address>0x94cd</load_address>
         <run_address>0x94cd</run_address>
         <size>0x1df</size>
         <input_file_ref idref="fl-cb"/>
      </object_component>
      <object_component id="oc-49">
         <name>.debug_info</name>
         <load_address>0x96ac</load_address>
         <run_address>0x96ac</run_address>
         <size>0x46</size>
         <input_file_ref idref="fl-cb"/>
      </object_component>
      <object_component id="oc-a5">
         <name>.debug_info</name>
         <load_address>0x96f2</load_address>
         <run_address>0x96f2</run_address>
         <size>0x2c</size>
         <input_file_ref idref="fl-cb"/>
      </object_component>
      <object_component id="oc-a3">
         <name>.debug_info</name>
         <load_address>0x971e</load_address>
         <run_address>0x971e</run_address>
         <size>0x293</size>
         <input_file_ref idref="fl-cc"/>
      </object_component>
      <object_component id="oc-14">
         <name>.debug_info</name>
         <load_address>0x99b1</load_address>
         <run_address>0x99b1</run_address>
         <size>0x245</size>
         <input_file_ref idref="fl-cc"/>
      </object_component>
      <object_component id="oc-39">
         <name>.debug_info</name>
         <load_address>0x9bf6</load_address>
         <run_address>0x9bf6</run_address>
         <size>0x60</size>
         <input_file_ref idref="fl-cc"/>
      </object_component>
      <object_component id="oc-118">
         <name>.debug_info</name>
         <load_address>0x9c56</load_address>
         <run_address>0x9c56</run_address>
         <size>0x46</size>
         <input_file_ref idref="fl-cc"/>
      </object_component>
      <object_component id="oc-9e">
         <name>.debug_info</name>
         <load_address>0x9c9c</load_address>
         <run_address>0x9c9c</run_address>
         <size>0x39</size>
         <input_file_ref idref="fl-cc"/>
      </object_component>
      <object_component id="oc-22">
         <name>.debug_info</name>
         <load_address>0x9cd5</load_address>
         <run_address>0x9cd5</run_address>
         <size>0x100</size>
         <input_file_ref idref="fl-cd"/>
      </object_component>
      <object_component id="oc-64">
         <name>.debug_info</name>
         <load_address>0x9dd5</load_address>
         <run_address>0x9dd5</run_address>
         <size>0x1a4</size>
         <input_file_ref idref="fl-cd"/>
      </object_component>
      <object_component id="oc-14b">
         <name>.debug_info</name>
         <load_address>0x9f79</load_address>
         <run_address>0x9f79</run_address>
         <size>0x117</size>
         <input_file_ref idref="fl-ce"/>
      </object_component>
      <object_component id="oc-1dc">
         <name>.debug_info</name>
         <load_address>0xa090</load_address>
         <run_address>0xa090</run_address>
         <size>0x547</size>
         <input_file_ref idref="fl-d1"/>
      </object_component>
      <object_component id="oc-154">
         <name>.debug_info</name>
         <load_address>0xa5d7</load_address>
         <run_address>0xa5d7</run_address>
         <size>0x19b</size>
         <input_file_ref idref="fl-d1"/>
      </object_component>
      <object_component id="oc-215">
         <name>.debug_info</name>
         <load_address>0xa772</load_address>
         <run_address>0xa772</run_address>
         <size>0x39</size>
         <input_file_ref idref="fl-d1"/>
      </object_component>
      <object_component id="oc-235">
         <name>.debug_info</name>
         <load_address>0xa7ab</load_address>
         <run_address>0xa7ab</run_address>
         <size>0x39</size>
         <input_file_ref idref="fl-d1"/>
      </object_component>
      <object_component id="oc-21a">
         <name>.debug_info</name>
         <load_address>0xa7e4</load_address>
         <run_address>0xa7e4</run_address>
         <size>0x39</size>
         <input_file_ref idref="fl-d1"/>
      </object_component>
      <object_component id="oc-21f">
         <name>.debug_info</name>
         <load_address>0xa81d</load_address>
         <run_address>0xa81d</run_address>
         <size>0xcd</size>
         <input_file_ref idref="fl-d1"/>
      </object_component>
      <object_component id="oc-bd">
         <name>.debug_info</name>
         <load_address>0xa8ea</load_address>
         <run_address>0xa8ea</run_address>
         <size>0x148</size>
         <input_file_ref idref="fl-d2"/>
      </object_component>
      <object_component id="oc-1be">
         <name>.debug_info</name>
         <load_address>0xaa32</load_address>
         <run_address>0xaa32</run_address>
         <size>0x240</size>
         <input_file_ref idref="fl-d4"/>
      </object_component>
      <object_component id="oc-129">
         <name>.debug_info</name>
         <load_address>0xac72</load_address>
         <run_address>0xac72</run_address>
         <size>0x2a3</size>
         <input_file_ref idref="fl-d4"/>
      </object_component>
      <object_component id="oc-1cb">
         <name>.debug_info</name>
         <load_address>0xaf15</load_address>
         <run_address>0xaf15</run_address>
         <size>0x2b3</size>
         <input_file_ref idref="fl-d4"/>
      </object_component>
      <object_component id="oc-1c4">
         <name>.debug_info</name>
         <load_address>0xb1c8</load_address>
         <run_address>0xb1c8</run_address>
         <size>0x316</size>
         <input_file_ref idref="fl-d4"/>
      </object_component>
      <object_component id="oc-13c">
         <name>.debug_info</name>
         <load_address>0xb4de</load_address>
         <run_address>0xb4de</run_address>
         <size>0x2b7</size>
         <input_file_ref idref="fl-d4"/>
      </object_component>
      <object_component id="oc-1b9">
         <name>.debug_info</name>
         <load_address>0xb795</load_address>
         <run_address>0xb795</run_address>
         <size>0x18b</size>
         <input_file_ref idref="fl-d4"/>
      </object_component>
      <object_component id="oc-1c0">
         <name>.debug_info</name>
         <load_address>0xb920</load_address>
         <run_address>0xb920</run_address>
         <size>0x298</size>
         <input_file_ref idref="fl-d6"/>
      </object_component>
      <object_component id="oc-135">
         <name>.debug_info</name>
         <load_address>0xbbb8</load_address>
         <run_address>0xbbb8</run_address>
         <size>0x27f</size>
         <input_file_ref idref="fl-d6"/>
      </object_component>
      <object_component id="oc-12f">
         <name>.debug_info</name>
         <load_address>0xbe37</load_address>
         <run_address>0xbe37</run_address>
         <size>0x27d</size>
         <input_file_ref idref="fl-d6"/>
      </object_component>
      <object_component id="oc-1fe">
         <name>.debug_info</name>
         <load_address>0xc0b4</load_address>
         <run_address>0xc0b4</run_address>
         <size>0x5f</size>
         <input_file_ref idref="fl-d6"/>
      </object_component>
      <object_component id="oc-26d">
         <name>.debug_info</name>
         <load_address>0xc113</load_address>
         <run_address>0xc113</run_address>
         <size>0x9b</size>
      </object_component>
      <object_component id="oc-1b2">
         <name>.debug_line</name>
         <load_address>0x0</load_address>
         <run_address>0x0</run_address>
         <size>0x4b</size>
         <input_file_ref idref="fl-2"/>
      </object_component>
      <object_component id="oc-106">
         <name>.debug_line</name>
         <load_address>0x4b</load_address>
         <run_address>0x4b</run_address>
         <size>0x2d</size>
         <input_file_ref idref="fl-2"/>
      </object_component>
      <object_component id="oc-97">
         <name>.debug_line</name>
         <load_address>0x78</load_address>
         <run_address>0x78</run_address>
         <size>0x69</size>
         <input_file_ref idref="fl-2"/>
      </object_component>
      <object_component id="oc-110">
         <name>.debug_line</name>
         <load_address>0xe1</load_address>
         <run_address>0xe1</run_address>
         <size>0x31</size>
         <input_file_ref idref="fl-2"/>
      </object_component>
      <object_component id="oc-41">
         <name>.debug_line</name>
         <load_address>0x112</load_address>
         <run_address>0x112</run_address>
         <size>0x20</size>
         <input_file_ref idref="fl-2"/>
      </object_component>
      <object_component id="oc-1b6">
         <name>.debug_line</name>
         <load_address>0x132</load_address>
         <run_address>0x132</run_address>
         <size>0x31</size>
         <input_file_ref idref="fl-2"/>
      </object_component>
      <object_component id="oc-8b">
         <name>.debug_line</name>
         <load_address>0x163</load_address>
         <run_address>0x163</run_address>
         <size>0x31</size>
         <input_file_ref idref="fl-2"/>
      </object_component>
      <object_component id="oc-116">
         <name>.debug_line</name>
         <load_address>0x194</load_address>
         <run_address>0x194</run_address>
         <size>0x6d</size>
         <input_file_ref idref="fl-2"/>
      </object_component>
      <object_component id="oc-9c">
         <name>.debug_line</name>
         <load_address>0x201</load_address>
         <run_address>0x201</run_address>
         <size>0x6a</size>
         <input_file_ref idref="fl-2"/>
      </object_component>
      <object_component id="oc-90">
         <name>.debug_line</name>
         <load_address>0x26b</load_address>
         <run_address>0x26b</run_address>
         <size>0x32</size>
         <input_file_ref idref="fl-2"/>
      </object_component>
      <object_component id="oc-101">
         <name>.debug_line</name>
         <load_address>0x29d</load_address>
         <run_address>0x29d</run_address>
         <size>0x65</size>
         <input_file_ref idref="fl-2"/>
      </object_component>
      <object_component id="oc-10b">
         <name>.debug_line</name>
         <load_address>0x302</load_address>
         <run_address>0x302</run_address>
         <size>0x2d</size>
         <input_file_ref idref="fl-2"/>
      </object_component>
      <object_component id="oc-227">
         <name>.debug_line</name>
         <load_address>0x32f</load_address>
         <run_address>0x32f</run_address>
         <size>0x5d</size>
         <input_file_ref idref="fl-3"/>
      </object_component>
      <object_component id="oc-18f">
         <name>.debug_line</name>
         <load_address>0x38c</load_address>
         <run_address>0x38c</run_address>
         <size>0x65</size>
         <input_file_ref idref="fl-3"/>
      </object_component>
      <object_component id="oc-199">
         <name>.debug_line</name>
         <load_address>0x3f1</load_address>
         <run_address>0x3f1</run_address>
         <size>0x31</size>
         <input_file_ref idref="fl-3"/>
      </object_component>
      <object_component id="oc-22b">
         <name>.debug_line</name>
         <load_address>0x422</load_address>
         <run_address>0x422</run_address>
         <size>0x35</size>
         <input_file_ref idref="fl-3"/>
      </object_component>
      <object_component id="oc-230">
         <name>.debug_line</name>
         <load_address>0x457</load_address>
         <run_address>0x457</run_address>
         <size>0x35</size>
         <input_file_ref idref="fl-3"/>
      </object_component>
      <object_component id="oc-18a">
         <name>.debug_line</name>
         <load_address>0x48c</load_address>
         <run_address>0x48c</run_address>
         <size>0x2f</size>
         <input_file_ref idref="fl-3"/>
      </object_component>
      <object_component id="oc-1f7">
         <name>.debug_line</name>
         <load_address>0x4bb</load_address>
         <run_address>0x4bb</run_address>
         <size>0x2d</size>
         <input_file_ref idref="fl-4"/>
      </object_component>
      <object_component id="oc-1f5">
         <name>.debug_line</name>
         <load_address>0x4e8</load_address>
         <run_address>0x4e8</run_address>
         <size>0x2f</size>
         <input_file_ref idref="fl-4"/>
      </object_component>
      <object_component id="oc-1f3">
         <name>.debug_line</name>
         <load_address>0x517</load_address>
         <run_address>0x517</run_address>
         <size>0x2f</size>
         <input_file_ref idref="fl-4"/>
      </object_component>
      <object_component id="oc-df">
         <name>.debug_line</name>
         <load_address>0x546</load_address>
         <run_address>0x546</run_address>
         <size>0xb2</size>
         <input_file_ref idref="fl-4"/>
      </object_component>
      <object_component id="oc-1f9">
         <name>.debug_line</name>
         <load_address>0x5f8</load_address>
         <run_address>0x5f8</run_address>
         <size>0x20</size>
         <input_file_ref idref="fl-5"/>
      </object_component>
      <object_component id="oc-e5">
         <name>.debug_line</name>
         <load_address>0x618</load_address>
         <run_address>0x618</run_address>
         <size>0xe3</size>
         <input_file_ref idref="fl-5"/>
      </object_component>
      <object_component id="oc-1d0">
         <name>.debug_line</name>
         <load_address>0x6fb</load_address>
         <run_address>0x6fb</run_address>
         <size>0x9b</size>
         <input_file_ref idref="fl-6"/>
      </object_component>
      <object_component id="oc-c3">
         <name>.debug_line</name>
         <load_address>0x796</load_address>
         <run_address>0x796</run_address>
         <size>0x71</size>
         <input_file_ref idref="fl-6"/>
      </object_component>
      <object_component id="oc-145">
         <name>.debug_line</name>
         <load_address>0x807</load_address>
         <run_address>0x807</run_address>
         <size>0x20</size>
         <input_file_ref idref="fl-6"/>
      </object_component>
      <object_component id="oc-fd">
         <name>.debug_line</name>
         <load_address>0x827</load_address>
         <run_address>0x827</run_address>
         <size>0x3a</size>
         <input_file_ref idref="fl-7"/>
      </object_component>
      <object_component id="oc-da">
         <name>.debug_line</name>
         <load_address>0x861</load_address>
         <run_address>0x861</run_address>
         <size>0x2d</size>
         <input_file_ref idref="fl-7"/>
      </object_component>
      <object_component id="oc-fb">
         <name>.debug_line</name>
         <load_address>0x88e</load_address>
         <run_address>0x88e</run_address>
         <size>0x2d</size>
         <input_file_ref idref="fl-7"/>
      </object_component>
      <object_component id="oc-33">
         <name>.debug_line</name>
         <load_address>0x8bb</load_address>
         <run_address>0x8bb</run_address>
         <size>0x12f</size>
         <input_file_ref idref="fl-7"/>
      </object_component>
      <object_component id="oc-2e">
         <name>.debug_line</name>
         <load_address>0x9ea</load_address>
         <run_address>0x9ea</run_address>
         <size>0xc2</size>
         <input_file_ref idref="fl-8"/>
      </object_component>
      <object_component id="oc-122">
         <name>.debug_line</name>
         <load_address>0xaac</load_address>
         <run_address>0xaac</run_address>
         <size>0x65</size>
         <input_file_ref idref="fl-a"/>
      </object_component>
      <object_component id="oc-186">
         <name>.debug_line</name>
         <load_address>0xb11</load_address>
         <run_address>0xb11</run_address>
         <size>0x50</size>
         <input_file_ref idref="fl-b"/>
      </object_component>
      <object_component id="oc-d2">
         <name>.debug_line</name>
         <load_address>0xb61</load_address>
         <run_address>0xb61</run_address>
         <size>0x2e</size>
         <input_file_ref idref="fl-b"/>
      </object_component>
      <object_component id="oc-1a6">
         <name>.debug_line</name>
         <load_address>0xb8f</load_address>
         <run_address>0xb8f</run_address>
         <size>0x2e</size>
         <input_file_ref idref="fl-b"/>
      </object_component>
      <object_component id="oc-1ae">
         <name>.debug_line</name>
         <load_address>0xbbd</load_address>
         <run_address>0xbbd</run_address>
         <size>0x2e</size>
         <input_file_ref idref="fl-b"/>
      </object_component>
      <object_component id="oc-1b0">
         <name>.debug_line</name>
         <load_address>0xbeb</load_address>
         <run_address>0xbeb</run_address>
         <size>0x2e</size>
         <input_file_ref idref="fl-b"/>
      </object_component>
      <object_component id="oc-1ac">
         <name>.debug_line</name>
         <load_address>0xc19</load_address>
         <run_address>0xc19</run_address>
         <size>0x2e</size>
         <input_file_ref idref="fl-b"/>
      </object_component>
      <object_component id="oc-1aa">
         <name>.debug_line</name>
         <load_address>0xc47</load_address>
         <run_address>0xc47</run_address>
         <size>0x2e</size>
         <input_file_ref idref="fl-b"/>
      </object_component>
      <object_component id="oc-1a8">
         <name>.debug_line</name>
         <load_address>0xc75</load_address>
         <run_address>0xc75</run_address>
         <size>0x2e</size>
         <input_file_ref idref="fl-b"/>
      </object_component>
      <object_component id="oc-80">
         <name>.debug_line</name>
         <load_address>0xca3</load_address>
         <run_address>0xca3</run_address>
         <size>0x885</size>
         <input_file_ref idref="fl-b"/>
      </object_component>
      <object_component id="oc-d7">
         <name>.debug_line</name>
         <load_address>0x1528</load_address>
         <run_address>0x1528</run_address>
         <size>0x2d</size>
         <input_file_ref idref="fl-b"/>
      </object_component>
      <object_component id="oc-194">
         <name>.debug_line</name>
         <load_address>0x1555</load_address>
         <run_address>0x1555</run_address>
         <size>0x2e</size>
         <input_file_ref idref="fl-b"/>
      </object_component>
      <object_component id="oc-93">
         <name>.debug_line</name>
         <load_address>0x1583</load_address>
         <run_address>0x1583</run_address>
         <size>0x41</size>
         <input_file_ref idref="fl-d"/>
      </object_component>
      <object_component id="oc-36">
         <name>.debug_line</name>
         <load_address>0x15c4</load_address>
         <run_address>0x15c4</run_address>
         <size>0x41</size>
         <input_file_ref idref="fl-d"/>
      </object_component>
      <object_component id="oc-28">
         <name>.debug_line</name>
         <load_address>0x1605</load_address>
         <run_address>0x1605</run_address>
         <size>0xa1</size>
         <input_file_ref idref="fl-d"/>
      </object_component>
      <object_component id="oc-47">
         <name>.debug_line</name>
         <load_address>0x16a6</load_address>
         <run_address>0x16a6</run_address>
         <size>0x88</size>
         <input_file_ref idref="fl-c8"/>
      </object_component>
      <object_component id="oc-b7">
         <name>.debug_line</name>
         <load_address>0x172e</load_address>
         <run_address>0x172e</run_address>
         <size>0x79</size>
         <input_file_ref idref="fl-c9"/>
      </object_component>
      <object_component id="oc-125">
         <name>.debug_line</name>
         <load_address>0x17a7</load_address>
         <run_address>0x17a7</run_address>
         <size>0x9e</size>
         <input_file_ref idref="fl-ca"/>
      </object_component>
      <object_component id="oc-58">
         <name>.debug_line</name>
         <load_address>0x1845</load_address>
         <run_address>0x1845</run_address>
         <size>0x4f</size>
         <input_file_ref idref="fl-ca"/>
      </object_component>
      <object_component id="oc-b0">
         <name>.debug_line</name>
         <load_address>0x1894</load_address>
         <run_address>0x1894</run_address>
         <size>0x34</size>
         <input_file_ref idref="fl-ca"/>
      </object_component>
      <object_component id="oc-ab">
         <name>.debug_line</name>
         <load_address>0x18c8</load_address>
         <run_address>0x18c8</run_address>
         <size>0x20</size>
         <input_file_ref idref="fl-cb"/>
      </object_component>
      <object_component id="oc-1c">
         <name>.debug_line</name>
         <load_address>0x18e8</load_address>
         <run_address>0x18e8</run_address>
         <size>0x55</size>
         <input_file_ref idref="fl-cb"/>
      </object_component>
      <object_component id="oc-4c">
         <name>.debug_line</name>
         <load_address>0x193d</load_address>
         <run_address>0x193d</run_address>
         <size>0x3a</size>
         <input_file_ref idref="fl-cb"/>
      </object_component>
      <object_component id="oc-a8">
         <name>.debug_line</name>
         <load_address>0x1977</load_address>
         <run_address>0x1977</run_address>
         <size>0x8a</size>
         <input_file_ref idref="fl-cb"/>
      </object_component>
      <object_component id="oc-11e">
         <name>.debug_line</name>
         <load_address>0x1a01</load_address>
         <run_address>0x1a01</run_address>
         <size>0x20</size>
         <input_file_ref idref="fl-cc"/>
      </object_component>
      <object_component id="oc-16">
         <name>.debug_line</name>
         <load_address>0x1a21</load_address>
         <run_address>0x1a21</run_address>
         <size>0xa9</size>
         <input_file_ref idref="fl-cc"/>
      </object_component>
      <object_component id="oc-3c">
         <name>.debug_line</name>
         <load_address>0x1aca</load_address>
         <run_address>0x1aca</run_address>
         <size>0x3a</size>
         <input_file_ref idref="fl-cc"/>
      </object_component>
      <object_component id="oc-11b">
         <name>.debug_line</name>
         <load_address>0x1b04</load_address>
         <run_address>0x1b04</run_address>
         <size>0x92</size>
         <input_file_ref idref="fl-cc"/>
      </object_component>
      <object_component id="oc-a1">
         <name>.debug_line</name>
         <load_address>0x1b96</load_address>
         <run_address>0x1b96</run_address>
         <size>0x8e</size>
         <input_file_ref idref="fl-cc"/>
      </object_component>
      <object_component id="oc-74">
         <name>.debug_line</name>
         <load_address>0x1c24</load_address>
         <run_address>0x1c24</run_address>
         <size>0x33</size>
         <input_file_ref idref="fl-cd"/>
      </object_component>
      <object_component id="oc-62">
         <name>.debug_line</name>
         <load_address>0x1c57</load_address>
         <run_address>0x1c57</run_address>
         <size>0x56</size>
         <input_file_ref idref="fl-cd"/>
      </object_component>
      <object_component id="oc-14a">
         <name>.debug_line</name>
         <load_address>0x1cad</load_address>
         <run_address>0x1cad</run_address>
         <size>0x3c</size>
         <input_file_ref idref="fl-ce"/>
      </object_component>
      <object_component id="oc-214">
         <name>.debug_line</name>
         <load_address>0x1ce9</load_address>
         <run_address>0x1ce9</run_address>
         <size>0xb7</size>
         <input_file_ref idref="fl-d1"/>
      </object_component>
      <object_component id="oc-157">
         <name>.debug_line</name>
         <load_address>0x1da0</load_address>
         <run_address>0x1da0</run_address>
         <size>0x6c</size>
         <input_file_ref idref="fl-d1"/>
      </object_component>
      <object_component id="oc-218">
         <name>.debug_line</name>
         <load_address>0x1e0c</load_address>
         <run_address>0x1e0c</run_address>
         <size>0x2e</size>
         <input_file_ref idref="fl-d1"/>
      </object_component>
      <object_component id="oc-238">
         <name>.debug_line</name>
         <load_address>0x1e3a</load_address>
         <run_address>0x1e3a</run_address>
         <size>0x92</size>
         <input_file_ref idref="fl-d1"/>
      </object_component>
      <object_component id="oc-21d">
         <name>.debug_line</name>
         <load_address>0x1ecc</load_address>
         <run_address>0x1ecc</run_address>
         <size>0x8f</size>
         <input_file_ref idref="fl-d1"/>
      </object_component>
      <object_component id="oc-222">
         <name>.debug_line</name>
         <load_address>0x1f5b</load_address>
         <run_address>0x1f5b</run_address>
         <size>0x8b</size>
         <input_file_ref idref="fl-d1"/>
      </object_component>
      <object_component id="oc-bc">
         <name>.debug_line</name>
         <load_address>0x1fe6</load_address>
         <run_address>0x1fe6</run_address>
         <size>0x40</size>
         <input_file_ref idref="fl-d2"/>
      </object_component>
      <object_component id="oc-1fb">
         <name>.debug_line</name>
         <load_address>0x2026</load_address>
         <run_address>0x2026</run_address>
         <size>0x82</size>
         <input_file_ref idref="fl-d4"/>
      </object_component>
      <object_component id="oc-12d">
         <name>.debug_line</name>
         <load_address>0x20a8</load_address>
         <run_address>0x20a8</run_address>
         <size>0x92</size>
         <input_file_ref idref="fl-d4"/>
      </object_component>
      <object_component id="oc-1cd">
         <name>.debug_line</name>
         <load_address>0x213a</load_address>
         <run_address>0x213a</run_address>
         <size>0x95</size>
         <input_file_ref idref="fl-d4"/>
      </object_component>
      <object_component id="oc-1c7">
         <name>.debug_line</name>
         <load_address>0x21cf</load_address>
         <run_address>0x21cf</run_address>
         <size>0xd1</size>
         <input_file_ref idref="fl-d4"/>
      </object_component>
      <object_component id="oc-13f">
         <name>.debug_line</name>
         <load_address>0x22a0</load_address>
         <run_address>0x22a0</run_address>
         <size>0x99</size>
         <input_file_ref idref="fl-d4"/>
      </object_component>
      <object_component id="oc-1bc">
         <name>.debug_line</name>
         <load_address>0x2339</load_address>
         <run_address>0x2339</run_address>
         <size>0x69</size>
         <input_file_ref idref="fl-d4"/>
      </object_component>
      <object_component id="oc-1fd">
         <name>.debug_line</name>
         <load_address>0x23a2</load_address>
         <run_address>0x23a2</run_address>
         <size>0x13d</size>
         <input_file_ref idref="fl-d6"/>
      </object_component>
      <object_component id="oc-138">
         <name>.debug_line</name>
         <load_address>0x24df</load_address>
         <run_address>0x24df</run_address>
         <size>0x94</size>
         <input_file_ref idref="fl-d6"/>
      </object_component>
      <object_component id="oc-132">
         <name>.debug_line</name>
         <load_address>0x2573</load_address>
         <run_address>0x2573</run_address>
         <size>0x94</size>
         <input_file_ref idref="fl-d6"/>
      </object_component>
      <object_component id="oc-201">
         <name>.debug_line</name>
         <load_address>0x2607</load_address>
         <run_address>0x2607</run_address>
         <size>0x7f</size>
         <input_file_ref idref="fl-d6"/>
      </object_component>
      <object_component id="oc-1b1">
         <name>.debug_abbrev</name>
         <load_address>0x0</load_address>
         <run_address>0x0</run_address>
         <size>0xe4</size>
         <input_file_ref idref="fl-2"/>
      </object_component>
      <object_component id="oc-105">
         <name>.debug_abbrev</name>
         <load_address>0xe4</load_address>
         <run_address>0xe4</run_address>
         <size>0x9f</size>
         <input_file_ref idref="fl-2"/>
      </object_component>
      <object_component id="oc-96">
         <name>.debug_abbrev</name>
         <load_address>0x183</load_address>
         <run_address>0x183</run_address>
         <size>0x69</size>
         <input_file_ref idref="fl-2"/>
      </object_component>
      <object_component id="oc-10f">
         <name>.debug_abbrev</name>
         <load_address>0x1ec</load_address>
         <run_address>0x1ec</run_address>
         <size>0x70</size>
         <input_file_ref idref="fl-2"/>
      </object_component>
      <object_component id="oc-40">
         <name>.debug_abbrev</name>
         <load_address>0x25c</load_address>
         <run_address>0x25c</run_address>
         <size>0x1f</size>
         <input_file_ref idref="fl-2"/>
      </object_component>
      <object_component id="oc-1b5">
         <name>.debug_abbrev</name>
         <load_address>0x27b</load_address>
         <run_address>0x27b</run_address>
         <size>0x72</size>
         <input_file_ref idref="fl-2"/>
      </object_component>
      <object_component id="oc-8a">
         <name>.debug_abbrev</name>
         <load_address>0x2ed</load_address>
         <run_address>0x2ed</run_address>
         <size>0x24</size>
         <input_file_ref idref="fl-2"/>
      </object_component>
      <object_component id="oc-115">
         <name>.debug_abbrev</name>
         <load_address>0x311</load_address>
         <run_address>0x311</run_address>
         <size>0x5c</size>
         <input_file_ref idref="fl-2"/>
      </object_component>
      <object_component id="oc-9b">
         <name>.debug_abbrev</name>
         <load_address>0x36d</load_address>
         <run_address>0x36d</run_address>
         <size>0x24</size>
         <input_file_ref idref="fl-2"/>
      </object_component>
      <object_component id="oc-8f">
         <name>.debug_abbrev</name>
         <load_address>0x391</load_address>
         <run_address>0x391</run_address>
         <size>0x24</size>
         <input_file_ref idref="fl-2"/>
      </object_component>
      <object_component id="oc-100">
         <name>.debug_abbrev</name>
         <load_address>0x3b5</load_address>
         <run_address>0x3b5</run_address>
         <size>0x24</size>
         <input_file_ref idref="fl-2"/>
      </object_component>
      <object_component id="oc-10a">
         <name>.debug_abbrev</name>
         <load_address>0x3d9</load_address>
         <run_address>0x3d9</run_address>
         <size>0x61</size>
         <input_file_ref idref="fl-2"/>
      </object_component>
      <object_component id="oc-226">
         <name>.debug_abbrev</name>
         <load_address>0x43a</load_address>
         <run_address>0x43a</run_address>
         <size>0x111</size>
         <input_file_ref idref="fl-3"/>
      </object_component>
      <object_component id="oc-18e">
         <name>.debug_abbrev</name>
         <load_address>0x54b</load_address>
         <run_address>0x54b</run_address>
         <size>0x5a</size>
         <input_file_ref idref="fl-3"/>
      </object_component>
      <object_component id="oc-198">
         <name>.debug_abbrev</name>
         <load_address>0x5a5</load_address>
         <run_address>0x5a5</run_address>
         <size>0x70</size>
         <input_file_ref idref="fl-3"/>
      </object_component>
      <object_component id="oc-22a">
         <name>.debug_abbrev</name>
         <load_address>0x615</load_address>
         <run_address>0x615</run_address>
         <size>0x4b</size>
         <input_file_ref idref="fl-3"/>
      </object_component>
      <object_component id="oc-22f">
         <name>.debug_abbrev</name>
         <load_address>0x660</load_address>
         <run_address>0x660</run_address>
         <size>0x24</size>
         <input_file_ref idref="fl-3"/>
      </object_component>
      <object_component id="oc-189">
         <name>.debug_abbrev</name>
         <load_address>0x684</load_address>
         <run_address>0x684</run_address>
         <size>0x33</size>
         <input_file_ref idref="fl-3"/>
      </object_component>
      <object_component id="oc-1f6">
         <name>.debug_abbrev</name>
         <load_address>0x6b7</load_address>
         <run_address>0x6b7</run_address>
         <size>0xc6</size>
         <input_file_ref idref="fl-4"/>
      </object_component>
      <object_component id="oc-1f4">
         <name>.debug_abbrev</name>
         <load_address>0x77d</load_address>
         <run_address>0x77d</run_address>
         <size>0x27</size>
         <input_file_ref idref="fl-4"/>
      </object_component>
      <object_component id="oc-1f2">
         <name>.debug_abbrev</name>
         <load_address>0x7a4</load_address>
         <run_address>0x7a4</run_address>
         <size>0x27</size>
         <input_file_ref idref="fl-4"/>
      </object_component>
      <object_component id="oc-1a1">
         <name>.debug_abbrev</name>
         <load_address>0x7cb</load_address>
         <run_address>0x7cb</run_address>
         <size>0xa9</size>
         <input_file_ref idref="fl-4"/>
      </object_component>
      <object_component id="oc-1f8">
         <name>.debug_abbrev</name>
         <load_address>0x874</load_address>
         <run_address>0x874</run_address>
         <size>0x88</size>
         <input_file_ref idref="fl-5"/>
      </object_component>
      <object_component id="oc-1a3">
         <name>.debug_abbrev</name>
         <load_address>0x8fc</load_address>
         <run_address>0x8fc</run_address>
         <size>0x9b</size>
         <input_file_ref idref="fl-5"/>
      </object_component>
      <object_component id="oc-1cf">
         <name>.debug_abbrev</name>
         <load_address>0x997</load_address>
         <run_address>0x997</run_address>
         <size>0xe0</size>
         <input_file_ref idref="fl-6"/>
      </object_component>
      <object_component id="oc-140">
         <name>.debug_abbrev</name>
         <load_address>0xa77</load_address>
         <run_address>0xa77</run_address>
         <size>0x9d</size>
         <input_file_ref idref="fl-6"/>
      </object_component>
      <object_component id="oc-144">
         <name>.debug_abbrev</name>
         <load_address>0xb14</load_address>
         <run_address>0xb14</run_address>
         <size>0x1f</size>
         <input_file_ref idref="fl-6"/>
      </object_component>
      <object_component id="oc-fc">
         <name>.debug_abbrev</name>
         <load_address>0xb33</load_address>
         <run_address>0xb33</run_address>
         <size>0xab</size>
         <input_file_ref idref="fl-7"/>
      </object_component>
      <object_component id="oc-d9">
         <name>.debug_abbrev</name>
         <load_address>0xbde</load_address>
         <run_address>0xbde</run_address>
         <size>0x29</size>
         <input_file_ref idref="fl-7"/>
      </object_component>
      <object_component id="oc-fa">
         <name>.debug_abbrev</name>
         <load_address>0xc07</load_address>
         <run_address>0xc07</run_address>
         <size>0x27</size>
         <input_file_ref idref="fl-7"/>
      </object_component>
      <object_component id="oc-86">
         <name>.debug_abbrev</name>
         <load_address>0xc2e</load_address>
         <run_address>0xc2e</run_address>
         <size>0x101</size>
         <input_file_ref idref="fl-7"/>
      </object_component>
      <object_component id="oc-82">
         <name>.debug_abbrev</name>
         <load_address>0xd2f</load_address>
         <run_address>0xd2f</run_address>
         <size>0x75</size>
         <input_file_ref idref="fl-8"/>
      </object_component>
      <object_component id="oc-121">
         <name>.debug_abbrev</name>
         <load_address>0xda4</load_address>
         <run_address>0xda4</run_address>
         <size>0x24</size>
         <input_file_ref idref="fl-a"/>
      </object_component>
      <object_component id="oc-185">
         <name>.debug_abbrev</name>
         <load_address>0xdc8</load_address>
         <run_address>0xdc8</run_address>
         <size>0x11c</size>
         <input_file_ref idref="fl-b"/>
      </object_component>
      <object_component id="oc-d1">
         <name>.debug_abbrev</name>
         <load_address>0xee4</load_address>
         <run_address>0xee4</run_address>
         <size>0x3d</size>
         <input_file_ref idref="fl-b"/>
      </object_component>
      <object_component id="oc-1a5">
         <name>.debug_abbrev</name>
         <load_address>0xf21</load_address>
         <run_address>0xf21</run_address>
         <size>0x27</size>
         <input_file_ref idref="fl-b"/>
      </object_component>
      <object_component id="oc-1ad">
         <name>.debug_abbrev</name>
         <load_address>0xf48</load_address>
         <run_address>0xf48</run_address>
         <size>0x27</size>
         <input_file_ref idref="fl-b"/>
      </object_component>
      <object_component id="oc-1af">
         <name>.debug_abbrev</name>
         <load_address>0xf6f</load_address>
         <run_address>0xf6f</run_address>
         <size>0x27</size>
         <input_file_ref idref="fl-b"/>
      </object_component>
      <object_component id="oc-1ab">
         <name>.debug_abbrev</name>
         <load_address>0xf96</load_address>
         <run_address>0xf96</run_address>
         <size>0x27</size>
         <input_file_ref idref="fl-b"/>
      </object_component>
      <object_component id="oc-1a9">
         <name>.debug_abbrev</name>
         <load_address>0xfbd</load_address>
         <run_address>0xfbd</run_address>
         <size>0x27</size>
         <input_file_ref idref="fl-b"/>
      </object_component>
      <object_component id="oc-1a7">
         <name>.debug_abbrev</name>
         <load_address>0xfe4</load_address>
         <run_address>0xfe4</run_address>
         <size>0x27</size>
         <input_file_ref idref="fl-b"/>
      </object_component>
      <object_component id="oc-f9">
         <name>.debug_abbrev</name>
         <load_address>0x100b</load_address>
         <run_address>0x100b</run_address>
         <size>0xdf</size>
         <input_file_ref idref="fl-b"/>
      </object_component>
      <object_component id="oc-d6">
         <name>.debug_abbrev</name>
         <load_address>0x10ea</load_address>
         <run_address>0x10ea</run_address>
         <size>0x90</size>
         <input_file_ref idref="fl-b"/>
      </object_component>
      <object_component id="oc-193">
         <name>.debug_abbrev</name>
         <load_address>0x117a</load_address>
         <run_address>0x117a</run_address>
         <size>0x61</size>
         <input_file_ref idref="fl-b"/>
      </object_component>
      <object_component id="oc-92">
         <name>.debug_abbrev</name>
         <load_address>0x11db</load_address>
         <run_address>0x11db</run_address>
         <size>0x7c</size>
         <input_file_ref idref="fl-d"/>
      </object_component>
      <object_component id="oc-35">
         <name>.debug_abbrev</name>
         <load_address>0x1257</load_address>
         <run_address>0x1257</run_address>
         <size>0x29</size>
         <input_file_ref idref="fl-d"/>
      </object_component>
      <object_component id="oc-75">
         <name>.debug_abbrev</name>
         <load_address>0x1280</load_address>
         <run_address>0x1280</run_address>
         <size>0x79</size>
         <input_file_ref idref="fl-d"/>
      </object_component>
      <object_component id="oc-a4">
         <name>.debug_abbrev</name>
         <load_address>0x12f9</load_address>
         <run_address>0x12f9</run_address>
         <size>0x3e</size>
         <input_file_ref idref="fl-c8"/>
      </object_component>
      <object_component id="oc-126">
         <name>.debug_abbrev</name>
         <load_address>0x1337</load_address>
         <run_address>0x1337</run_address>
         <size>0x4f</size>
         <input_file_ref idref="fl-c9"/>
      </object_component>
      <object_component id="oc-124">
         <name>.debug_abbrev</name>
         <load_address>0x1386</load_address>
         <run_address>0x1386</run_address>
         <size>0x73</size>
         <input_file_ref idref="fl-ca"/>
      </object_component>
      <object_component id="oc-b8">
         <name>.debug_abbrev</name>
         <load_address>0x13f9</load_address>
         <run_address>0x13f9</run_address>
         <size>0x74</size>
         <input_file_ref idref="fl-ca"/>
      </object_component>
      <object_component id="oc-af">
         <name>.debug_abbrev</name>
         <load_address>0x146d</load_address>
         <run_address>0x146d</run_address>
         <size>0x24</size>
         <input_file_ref idref="fl-ca"/>
      </object_component>
      <object_component id="oc-aa">
         <name>.debug_abbrev</name>
         <load_address>0x1491</load_address>
         <run_address>0x1491</run_address>
         <size>0x37</size>
         <input_file_ref idref="fl-cb"/>
      </object_component>
      <object_component id="oc-48">
         <name>.debug_abbrev</name>
         <load_address>0x14c8</load_address>
         <run_address>0x14c8</run_address>
         <size>0x74</size>
         <input_file_ref idref="fl-cb"/>
      </object_component>
      <object_component id="oc-4b">
         <name>.debug_abbrev</name>
         <load_address>0x153c</load_address>
         <run_address>0x153c</run_address>
         <size>0x24</size>
         <input_file_ref idref="fl-cb"/>
      </object_component>
      <object_component id="oc-a7">
         <name>.debug_abbrev</name>
         <load_address>0x1560</load_address>
         <run_address>0x1560</run_address>
         <size>0x24</size>
         <input_file_ref idref="fl-cb"/>
      </object_component>
      <object_component id="oc-11d">
         <name>.debug_abbrev</name>
         <load_address>0x1584</load_address>
         <run_address>0x1584</run_address>
         <size>0x37</size>
         <input_file_ref idref="fl-cc"/>
      </object_component>
      <object_component id="oc-38">
         <name>.debug_abbrev</name>
         <load_address>0x15bb</load_address>
         <run_address>0x15bb</run_address>
         <size>0x6f</size>
         <input_file_ref idref="fl-cc"/>
      </object_component>
      <object_component id="oc-3b">
         <name>.debug_abbrev</name>
         <load_address>0x162a</load_address>
         <run_address>0x162a</run_address>
         <size>0x24</size>
         <input_file_ref idref="fl-cc"/>
      </object_component>
      <object_component id="oc-11a">
         <name>.debug_abbrev</name>
         <load_address>0x164e</load_address>
         <run_address>0x164e</run_address>
         <size>0x35</size>
         <input_file_ref idref="fl-cc"/>
      </object_component>
      <object_component id="oc-a0">
         <name>.debug_abbrev</name>
         <load_address>0x1683</load_address>
         <run_address>0x1683</run_address>
         <size>0x24</size>
         <input_file_ref idref="fl-cc"/>
      </object_component>
      <object_component id="oc-73">
         <name>.debug_abbrev</name>
         <load_address>0x16a7</load_address>
         <run_address>0x16a7</run_address>
         <size>0x29</size>
         <input_file_ref idref="fl-cd"/>
      </object_component>
      <object_component id="oc-c8">
         <name>.debug_abbrev</name>
         <load_address>0x16d0</load_address>
         <run_address>0x16d0</run_address>
         <size>0x61</size>
         <input_file_ref idref="fl-cd"/>
      </object_component>
      <object_component id="oc-1d1">
         <name>.debug_abbrev</name>
         <load_address>0x1731</load_address>
         <run_address>0x1731</run_address>
         <size>0x45</size>
         <input_file_ref idref="fl-ce"/>
      </object_component>
      <object_component id="oc-213">
         <name>.debug_abbrev</name>
         <load_address>0x1776</load_address>
         <run_address>0x1776</run_address>
         <size>0xdb</size>
         <input_file_ref idref="fl-d1"/>
      </object_component>
      <object_component id="oc-1db">
         <name>.debug_abbrev</name>
         <load_address>0x1851</load_address>
         <run_address>0x1851</run_address>
         <size>0x7e</size>
         <input_file_ref idref="fl-d1"/>
      </object_component>
      <object_component id="oc-217">
         <name>.debug_abbrev</name>
         <load_address>0x18cf</load_address>
         <run_address>0x18cf</run_address>
         <size>0x24</size>
         <input_file_ref idref="fl-d1"/>
      </object_component>
      <object_component id="oc-237">
         <name>.debug_abbrev</name>
         <load_address>0x18f3</load_address>
         <run_address>0x18f3</run_address>
         <size>0x24</size>
         <input_file_ref idref="fl-d1"/>
      </object_component>
      <object_component id="oc-21c">
         <name>.debug_abbrev</name>
         <load_address>0x1917</load_address>
         <run_address>0x1917</run_address>
         <size>0x24</size>
         <input_file_ref idref="fl-d1"/>
      </object_component>
      <object_component id="oc-221">
         <name>.debug_abbrev</name>
         <load_address>0x193b</load_address>
         <run_address>0x193b</run_address>
         <size>0x4b</size>
         <input_file_ref idref="fl-d1"/>
      </object_component>
      <object_component id="oc-127">
         <name>.debug_abbrev</name>
         <load_address>0x1986</load_address>
         <run_address>0x1986</run_address>
         <size>0x55</size>
         <input_file_ref idref="fl-d2"/>
      </object_component>
      <object_component id="oc-1fa">
         <name>.debug_abbrev</name>
         <load_address>0x19db</load_address>
         <run_address>0x19db</run_address>
         <size>0x72</size>
         <input_file_ref idref="fl-d4"/>
      </object_component>
      <object_component id="oc-1b8">
         <name>.debug_abbrev</name>
         <load_address>0x1a4d</load_address>
         <run_address>0x1a4d</run_address>
         <size>0x6c</size>
         <input_file_ref idref="fl-d4"/>
      </object_component>
      <object_component id="oc-204">
         <name>.debug_abbrev</name>
         <load_address>0x1ab9</load_address>
         <run_address>0x1ab9</run_address>
         <size>0x6c</size>
         <input_file_ref idref="fl-d4"/>
      </object_component>
      <object_component id="oc-203">
         <name>.debug_abbrev</name>
         <load_address>0x1b25</load_address>
         <run_address>0x1b25</run_address>
         <size>0x6c</size>
         <input_file_ref idref="fl-d4"/>
      </object_component>
      <object_component id="oc-1ce">
         <name>.debug_abbrev</name>
         <load_address>0x1b91</load_address>
         <run_address>0x1b91</run_address>
         <size>0x7a</size>
         <input_file_ref idref="fl-d4"/>
      </object_component>
      <object_component id="oc-1bb">
         <name>.debug_abbrev</name>
         <load_address>0x1c0b</load_address>
         <run_address>0x1c0b</run_address>
         <size>0x35</size>
         <input_file_ref idref="fl-d4"/>
      </object_component>
      <object_component id="oc-1fc">
         <name>.debug_abbrev</name>
         <load_address>0x1c40</load_address>
         <run_address>0x1c40</run_address>
         <size>0xb0</size>
         <input_file_ref idref="fl-d6"/>
      </object_component>
      <object_component id="oc-1c1">
         <name>.debug_abbrev</name>
         <load_address>0x1cf0</load_address>
         <run_address>0x1cf0</run_address>
         <size>0x6e</size>
         <input_file_ref idref="fl-d6"/>
      </object_component>
      <object_component id="oc-1bf">
         <name>.debug_abbrev</name>
         <load_address>0x1d5e</load_address>
[...]
            <logical_group_ref idref="lg-6"/>
         </contents>
      </load_segment>
      <load_segment id="lg-273" display="no" color="cyan">
         <name>SEGMENT_1</name>
         <run_address>0x20000000</run_address>
         <size>0x8f0</size>
         <flags>0x6</flags>
         <contents>
            <logical_group_ref idref="lg-b"/>
            <logical_group_ref idref="lg-d"/>
            <logical_group_ref idref="lg-a"/>
         </contents>
      </load_segment>
   </logical_group_list>
   <placement_map>
      <memory_area display="yes" color="green">
         <name>FLASH</name>
         <page_id>0x0</page_id>
         <origin>0x0</origin>
         <length>0x40000</length>
         <used_space>0x19de</used_space>
         <unused_space>0x3e622</unused_space>
         <attributes>RX</attributes>
         <usage_details>
            <allocated_space>
               <start_address>0x0</start_address>
               <size>0x26c</size>
               <logical_group_ref idref="lg-3"/>
            </allocated_space>
            <allocated_space>
               <start_address>0x26c</start_address>
               <size>0x1736</size>
               <logical_group_ref idref="lg-4"/>
            </allocated_space>
            <available_space>
               <start_address>0x19a2</start_address>
               <size>0x2</size>
            </available_space>
            <allocated_space>
               <start_address>0x19a4</start_address>
               <size>0x4</size>
               <logical_group_ref idref="lg-5"/>
            </allocated_space>
            <allocated_space>
               <start_address>0x19a8</start_address>
               <size>0x38</size>
               <logical_group_ref idref="lg-6"/>
            </allocated_space>
            <available_space>
               <start_address>0x19e0</start_address>
               <size>0x3e620</size>
            </available_space>
         </usage_details>
      </memory_area>
      <memory_area display="yes" color="green">
         <name>SRAM</name>
         <page_id>0x0</page_id>
         <origin>0x20000000</origin>
         <length>0x8000</length>
         <used_space>0x8ec</used_space>
         <unused_space>0x7714</unused_space>
         <attributes>RWX</attributes>
         <usage_details>
            <allocated_space>
               <start_address>0x20000000</start_address>
               <size>0x6ac</size>
               <logical_group_ref idref="lg-b"/>
            </allocated_space>
            <available_space>
               <start_address>0x200006ac</start_address>
               <size>0x4</size>
            </available_space>
            <allocated_space>
               <start_address>0x200006b0</start_address>
               <size>0x200</size>
               <logical_group_ref idref="lg-d"/>
            </allocated_space>
            <allocated_space>
               <start_address>0x200008b0</start_address>
               <size>0x40</size>
               <logical_group_ref idref="lg-a"/>
            </allocated_space>
            <available_space>
               <start_address>0x200008f0</start_address>
               <size>0x7710</size>
            </available_space>
         </usage_details>
      </memory_area>
   </placement_map>
   <cptbl_list>
      <cptbl>
         <name>__TI_cinit_table</name>
         <cprec>
            <name>.data</name>
            <load_address>0x19a8</load_address>
            <load_size>0x12</load_size>
            <run_address>0x200008b0</run_address>
            <run_size>0x40</run_size>
            <compression>lzss</compression>
         </cprec>
         <cprec>
            <name>.bss</name>
            <load_address>0x19c8</load_address>
            <load_size>0x8</load_size>
            <run_address>0x20000000</run_address>
            <run_size>0x6ac</run_size>
            <compression>zero_init</compression>
         </cprec>
      </cptbl>
   </cptbl_list>
   <handler_table>
      <handler_table_name>__TI_handler_table</handler_table_name>
      <handler>
         <index>0x0</index>
         <name>__TI_decompress_lzss</name>
      </handler>
      <handler>
         <index>0x1</index>
         <name>__TI_decompress_none</name>
      </handler>
      <handler>
         <index>0x2</index>
         <name>__TI_zero_init</name>
      </handler>
   </handler_table>
   <symbol_table>
      <symbol id="sm-1">
         <name>__STACK_TOP</name>
         <value>0x200008b0</value>
      </symbol>
      <symbol id="sm-2">
         <name>__TI_CINIT_Base</name>
         <value>0x19d0</value>
      </symbol>
      <symbol id="sm-3">
         <name>__TI_CINIT_Limit</name>
         <value>0x19e0</value>
      </symbol>
      <symbol id="sm-4">
         <name>__TI_Handler_Table_Base</name>
         <value>0x19bc</value>
      </symbol>
      <symbol id="sm-5">
         <name>__TI_Handler_Table_Limit</name>
         <value>0x19c8</value>
      </symbol>
      <symbol id="sm-6">
         <name>binit</name>
         <value>0xffffffff</value>
      </symbol>
      <symbol id="sm-7">
         <name>__binit__</name>
         <value>0xffffffff</value>
      </symbol>
      <symbol id="sm-8">
         <name>__STACK_SIZE</name>
         <value>0x200</value>
      </symbol>
      <symbol id="sm-9">
         <name>__STACK_END</name>
         <value>0x200008b0</value>
      </symbol>
      <symbol id="sm-a">
         <name>__c_args__</name>
         <value>0xffffffff</value>
      </symbol>
      <symbol id="sm-b">
         <name>__TI_pprof_out_hndl</name>
         <value>0xffffffff</value>
      </symbol>
      <symbol id="sm-c">
         <name>__TI_prof_data_start</name>
         <value>0xffffffff</value>
      </symbol>
      <symbol id="sm-d">
         <name>__TI_prof_data_size</name>
         <value>0xffffffff</value>
      </symbol>
      <symbol id="sm-a0">
         <name>vPortInitialiseBlocks</name>
         <value>0x162f</value>
         <object_component_ref idref="oc-db"/>
      </symbol>
      <symbol id="sm-a1">
         <name>xPortGetFreeHeapSize</name>
         <value>0x1637</value>
         <object_component_ref idref="oc-db"/>
      </symbol>
      <symbol id="sm-a2">
         <name>pvPortMalloc</name>
         <value>0x15b5</value>
         <object_component_ref idref="oc-db"/>
      </symbol>
      <symbol id="sm-a3">
         <name>vPortFree</name>
         <value>0x1625</value>
         <object_component_ref idref="oc-db"/>
      </symbol>
      <symbol id="sm-b9">
         <name>uxListRemove</name>
         <value>0x1491</value>
         <object_component_ref idref="oc-e1"/>
      </symbol>
      <symbol id="sm-ba">
         <name>vListInsert</name>
         <value>0x1423</value>
         <object_component_ref idref="oc-e1"/>
      </symbol>
      <symbol id="sm-bb">
         <name>vListInitialiseItem</name>
         <value>0x13d7</value>
         <object_component_ref idref="oc-e1"/>
      </symbol>
      <symbol id="sm-bc">
         <name>vListInsertEnd</name>
         <value>0x13e7</value>
         <object_component_ref idref="oc-e1"/>
      </symbol>
      <symbol id="sm-bd">
         <name>vListInitialise</name>
         <value>0x13a7</value>
         <object_component_ref idref="oc-e1"/>
      </symbol>
      <symbol id="sm-d9">
         <name>main</name>
         <value>0x1793</value>
         <object_component_ref idref="oc-bf"/>
      </symbol>
      <symbol id="sm-da">
         <name>Toggle_led0</name>
         <value>0x1769</value>
         <object_component_ref idref="oc-bf"/>
      </symbol>
      <symbol id="sm-109">
         <name>ulMaxSyscallInterruptPriority</name>
         <value>0x19a4</value>
         <object_component_ref idref="oc-79"/>
      </symbol>
      <symbol id="sm-10a">
         <name>vPortSetupTimerInterrupt</name>
         <value>0x1237</value>
         <object_component_ref idref="oc-2f"/>
      </symbol>
      <symbol id="sm-10b">
         <name>vPortEndScheduler</name>
         <value>0x11d9</value>
         <object_component_ref idref="oc-2f"/>
      </symbol>
      <symbol id="sm-10c">
         <name>xPortSysTickHandler</name>
         <value>0x1211</value>
         <object_component_ref idref="oc-2f"/>
      </symbol>
      <symbol id="sm-10d">
         <name>pxPortInitialiseStack</name>
         <value>0x1139</value>
         <object_component_ref idref="oc-2f"/>
      </symbol>
      <symbol id="sm-10e">
         <name>vPortExitCritical</name>
         <value>0x11fb</value>
         <object_component_ref idref="oc-2f"/>
      </symbol>
      <symbol id="sm-10f">
         <name>xPortStartScheduler</name>
         <value>0x11a3</value>
         <object_component_ref idref="oc-2f"/>
      </symbol>
      <symbol id="sm-110">
         <name>vPortEnterCritical</name>
         <value>0x11db</value>
         <object_component_ref idref="oc-2f"/>
      </symbol>
      <symbol id="sm-11f">
         <name>vPortStartFirstTask</name>
         <value>0x1581</value>
         <object_component_ref idref="oc-2a"/>
      </symbol>
      <symbol id="sm-120">
         <name>ulPortGetIPSR</name>
         <value>0x14e9</value>
         <object_component_ref idref="oc-2a"/>
      </symbol>
      <symbol id="sm-121">
         <name>vPortEnableVFP</name>
         <value>0x15a5</value>
         <object_component_ref idref="oc-2a"/>
      </symbol>
      <symbol id="sm-122">
         <name>xPortPendSVHandler</name>
         <value>0x1501</value>
         <object_component_ref idref="oc-2a"/>
      </symbol>
      <symbol id="sm-123">
         <name>vPortSVCHandler</name>
         <value>0x1561</value>
         <object_component_ref idref="oc-2a"/>
      </symbol>
      <symbol id="sm-26d">
         <name>vTaskDelay</name>
         <value>0x5a1</value>
         <object_component_ref idref="oc-7c"/>
      </symbol>
      <symbol id="sm-26e">
         <name>vTaskSuspendAll</name>
         <value>0x645</value>
         <object_component_ref idref="oc-7c"/>
      </symbol>
      <symbol id="sm-26f">
         <name>vTaskPlaceOnEventList</name>
         <value>0x915</value>
         <object_component_ref idref="oc-7c"/>
      </symbol>
      <symbol id="sm-270">
         <name>ulTaskNotifyTake</name>
         <value>0xc59</value>
         <object_component_ref idref="oc-7c"/>
      </symbol>
      <symbol id="sm-271">
         <name>pcTaskGetName</name>
         <value>0x78d</value>
         <object_component_ref idref="oc-7c"/>
      </symbol>
      <symbol id="sm-272">
         <name>xTaskCheckForTimeOut</name>
         <value>0xaa9</value>
         <object_component_ref idref="oc-7c"/>
      </symbol>
      <symbol id="sm-273">
         <name>vTaskRemoveFromUnorderedEventList</name>
         <value>0x9f9</value>
         <object_component_ref idref="oc-7c"/>
      </symbol>
      <symbol id="sm-274">
         <name>vTaskStartScheduler</name>
         <value>0x5df</value>
         <object_component_ref idref="oc-7c"/>
      </symbol>
      <symbol id="sm-275">
         <name>vTaskInternalSetTimeOutState</name>
         <value>0xa7d</value>
         <object_component_ref idref="oc-7c"/>
      </symbol>
      <symbol id="sm-276">
         <name>xTaskNotifyStateClear</name>
         <value>0x104d</value>
         <object_component_ref idref="oc-7c"/>
      </symbol>
      <symbol id="sm-277">
         <name>xTaskGenericNotify</name>
         <value>0xdb9</value>
         <object_component_ref idref="oc-7c"/>
      </symbol>
      <symbol id="sm-278">
         <name>xTaskCreate</name>
         <value>0x26d</value>
         <object_component_ref idref="oc-7c"/>
      </symbol>
      <symbol id="sm-279">
         <name>vTaskDelayUntil</name>
         <value>0x4f3</value>
         <object_component_ref idref="oc-7c"/>
      </symbol>
      <symbol id="sm-27a">
         <name>vTaskEndScheduler</name>
         <value>0x629</value>
         <object_component_ref idref="oc-7c"/>
      </symbol>
      <symbol id="sm-27b">
         <name>xTaskNotifyWait</name>
         <value>0xce5</value>
         <object_component_ref idref="oc-7c"/>
      </symbol>
      <symbol id="sm-27c">
         <name>vTaskMissedYield</name>
         <value>0xb25</value>
         <object_component_ref idref="oc-7c"/>
      </symbol>
      <symbol id="sm-27d">
         <name>uxTaskGetNumberOfTasks</name>
         <value>0x787</value>
         <object_component_ref idref="oc-7c"/>
      </symbol>
      <symbol id="sm-27e">
         <name>xTaskGenericNotifyFromISR</name>
         <value>0xe99</value>
         <object_component_ref idref="oc-7c"/>
      </symbol>
      <symbol id="sm-27f">
         <name>xTaskResumeAll</name>
         <value>0x661</value>
         <object_component_ref idref="oc-7c"/>
      </symbol>
      <symbol id="sm-280">
         <name>xTaskGetTickCount</name>
         <value>0x737</value>
         <object_component_ref idref="oc-7c"/>
      </symbol>
      <symbol id="sm-281">
         <name>vTaskDelete</name>
         <value>0x445</value>
         <object_component_ref idref="oc-7c"/>
      </symbol>
      <symbol id="sm-282">
         <name>pxCurrentTCB</name>
         <value>0x200008b0</value>
         <object_component_ref idref="oc-76"/>
      </symbol>
      <symbol id="sm-283">
         <name>vTaskNotifyGiveFromISR</name>
         <value>0xfa1</value>
         <object_component_ref idref="oc-7c"/>
      </symbol>
      <symbol id="sm-284">
         <name>xTaskGetTickCountFromISR</name>
         <value>0x759</value>
         <object_component_ref idref="oc-7c"/>
      </symbol>
      <symbol id="sm-285">
         <name>vTaskSetTimeOutState</name>
         <value>0xa5f</value>
         <object_component_ref idref="oc-7c"/>
      </symbol>
      <symbol id="sm-286">
         <name>xTaskIncrementTick</name>
         <value>0x7ad</value>
         <object_component_ref idref="oc-7c"/>
      </symbol>
      <symbol id="sm-287">
         <name>vTaskSwitchContext</name>
         <value>0x8ad</value>
         <object_component_ref idref="oc-7c"/>
      </symbol>
      <symbol id="sm-288">
         <name>uxTaskResetEventItemValue</name>
         <value>0xc27</value>
         <object_component_ref idref="oc-7c"/>
      </symbol>
      <symbol id="sm-289">
         <name>vTaskPlaceOnUnorderedEventList</name>
         <value>0x93d</value>
         <object_component_ref idref="oc-7c"/>
      </symbol>
      <symbol id="sm-28a">
         <name>xTaskRemoveFromEventList</name>
         <value>0x981</value>
         <object_component_ref idref="oc-7c"/>
      </symbol>
      <symbol id="sm-2a7">
         <name>ResetISR</name>
         <value>0x1989</value>
         <object_component_ref idref="oc-24"/>
      </symbol>
      <symbol id="sm-2a8">
         <name>g_pfnVectors</name>
         <value>0x0</value>
         <object_component_ref idref="oc-f"/>
      </symbol>
      <symbol id="sm-2c3">
         <name>memcpy</name>
         <value>0x1651</value>
         <object_component_ref idref="oc-43"/>
      </symbol>
      <symbol id="sm-2c4">
         <name>__aeabi_memcpy</name>
         <value>0x1651</value>
         <object_component_ref idref="oc-43"/>
      </symbol>
      <symbol id="sm-2c5">
         <name>__aeabi_memcpy8</name>
         <value>0x1651</value>
         <object_component_ref idref="oc-43"/>
      </symbol>
      <symbol id="sm-2c6">
         <name>__aeabi_memcpy4</name>
         <value>0x1651</value>
         <object_component_ref idref="oc-43"/>
      </symbol>
      <symbol id="sm-2d5">
         <name>__aeabi_memset</name>
         <value>0x16ef</value>
         <object_component_ref idref="oc-b3"/>
      </symbol>
      <symbol id="sm-2d6">
         <name>memset</name>
         <value>0x16f5</value>
         <object_component_ref idref="oc-b3"/>
      </symbol>
      <symbol id="sm-2d7">
         <name>__aeabi_memset8</name>
         <value>0x16ef</value>
         <object_component_ref idref="oc-b3"/>
      </symbol>
      <symbol id="sm-2d8">
         <name>__aeabi_memset4</name>
         <value>0x16ef</value>
         <object_component_ref idref="oc-b3"/>
      </symbol>
      <symbol id="sm-2d9">
         <name>__aeabi_memclr8</name>
         <value>0x16ed</value>
         <object_component_ref idref="oc-b3"/>
      </symbol>
      <symbol id="sm-2da">
         <name>__aeabi_memclr4</name>
         <value>0x16ed</value>
         <object_component_ref idref="oc-b3"/>
      </symbol>
      <symbol id="sm-2db">
         <name>__aeabi_memclr</name>
         <value>0x16ed</value>
         <object_component_ref idref="oc-b3"/>
      </symbol>
      <symbol id="sm-2ed">
         <name>__TI_zero_init</name>
         <value>0x197d</value>
         <object_component_ref idref="oc-55"/>
      </symbol>
      <symbol id="sm-304">
         <name>__TI_decompress_none</name>
         <value>0x196f</value>
         <object_component_ref idref="oc-18"/>
      </symbol>
      <symbol id="sm-327">
         <name>__TI_decompress_lzss</name>
         <value>0x17dd</value>
         <object_component_ref idref="oc-12"/>
      </symbol>
      <symbol id="sm-33a">
         <name>__stack</name>
         <value>0x200006b0</value>
         <object_component_ref idref="oc-21"/>
      </symbol>
      <symbol id="sm-33b">
         <name>_c_int00_noargs</name>
         <value>0x18c1</value>
         <object_component_ref idref="oc-61"/>
      </symbol>
      <symbol id="sm-346">
         <name>C$$EXIT</name>
         <value>0x199f</value>
         <object_component_ref idref="oc-147"/>
      </symbol>
      <symbol id="sm-347">
         <name>abort</name>
         <value>0x199f</value>
         <object_component_ref idref="oc-147"/>
      </symbol>
      <symbol id="sm-371">
         <name>__TI_auto_init_nobinit_nopinit</name>
         <value>0x1845</value>
         <object_component_ref idref="oc-153"/>
      </symbol>
      <symbol id="sm-37b">
         <name>_system_pre_init</name>
         <value>0x199b</value>
         <object_component_ref idref="oc-b9"/>
      </symbol>
      <symbol id="sm-3a8">
         <name>GPIOPinTypeGPIOOutput</name>
         <value>0x1957</value>
         <object_component_ref idref="oc-13a"/>
      </symbol>
      <symbol id="sm-3a9">
         <name>GPIODirModeSet</name>
         <value>0x192d</value>
         <object_component_ref idref="oc-1c8"/>
      </symbol>
      <symbol id="sm-3aa">
         <name>GPIOPinWrite</name>
         <value>0x1995</value>
         <object_component_ref idref="oc-128"/>
      </symbol>
      <symbol id="sm-3ab">
         <name>GPIOPadConfigSet</name>
         <value>0x1275</value>
         <object_component_ref idref="oc-1c2"/>
      </symbol>
      <symbol id="sm-3cb">
         <name>SysCtlPeripheralEnable</name>
         <value>0x18f9</value>
         <object_component_ref idref="oc-12e"/>
      </symbol>
      <symbol id="sm-3cc">
         <name>SysCtlPeripheralReady</name>
         <value>0x1889</value>
         <object_component_ref idref="oc-134"/>
      </symbol>
      <symbol id="sm-3ce">
         <name>__TI_static_base__</name>
         <value>0x0</value>
      </symbol>
      <symbol id="sm-3d1">
         <name>__mpu_init</name>
         <value>0x0</value>
      </symbol>
      <symbol id="sm-3d2">
         <name>_system_post_cinit</name>
         <value>0x0</value>
      </symbol>
   </symbol_table>
   <title>Link successful</title>
</link_info>
