<?xml version="1.0" encoding="ISO-8859-1" ?>
<link_info>
   <banner>TI ARM Linker PC v18.1.1.LTS</banner>
   <copyright>Copyright (c) 1996-2017 Texas Instruments Incorporated</copyright>
   <link_time>0x5d1e5158</link_time>
   <link_errors>0x0</link_errors>
   <output_file>tiva1.out</output_file>
   <entry_point>
      <name>_c_int00_noargs</name>
      <address>0x7f39</address>
   </entry_point>
   <input_file_list>
      <input_file id="fl-2">
         <path>.\</path>
         <kind>object</kind>
         <file>main.obj</file>
         <name>main.obj</name>
      </input_file>
      <input_file id="fl-3">
         <path>.\</path>
         <kind>object</kind>
         <file>tm4c123gh6pm_startup_ccs.obj</file>
         <name>tm4c123gh6pm_startup_ccs.obj</name>
      </input_file>
      <input_file id="fl-4">
         <path>.\HAL\</path>
         <kind>object</kind>
         <file>User_tasks.obj</file>
         <name>User_tasks.obj</name>
      </input_file>
      <input_file id="fl-5">
         <path>.\Kernal\</path>
         <kind>object</kind>
         <file>croutine.obj</file>
         <name>croutine.obj</name>
      </input_file>
      <input_file id="fl-6">
         <path>.\Kernal\</path>
         <kind>object</kind>
         <file>event_groups.obj</file>
         <name>event_groups.obj</name>
      </input_file>
      <input_file id="fl-7">
         <path>.\Kernal\</path>
         <kind>object</kind>
         <file>heap_1.obj</file>
         <name>heap_1.obj</name>
      </input_file>
      <input_file id="fl-8">
         <path>.\Kernal\</path>
         <kind>object</kind>
         <file>list.obj</file>
         <name>list.obj</name>
      </input_file>
      <input_file id="fl-9">
         <path>.\Kernal\</path>
         <kind>object</kind>
         <file>port.obj</file>
         <name>port.obj</name>
      </input_file>
      <input_file id="fl-a">
         <path>.\Kernal\</path>
         <kind>object</kind>
         <file>portasm.obj</file>
         <name>portasm.obj</name>
      </input_file>
      <input_file id="fl-b">
         <path>.\Kernal\</path>
         <kind>object</kind>
         <file>queue.obj</file>
         <name>queue.obj</name>
      </input_file>
      <input_file id="fl-c">
         <path>.\Kernal\</path>
         <kind>object</kind>
         <file>stream_buffer.obj</file>
         <name>stream_buffer.obj</name>
      </input_file>
      <input_file id="fl-d">
         <path>.\Kernal\</path>
         <kind>object</kind>
         <file>tasks.obj</file>
         <name>tasks.obj</name>
      </input_file>
      <input_file id="fl-e">
         <path>.\Kernal\</path>
         <kind>object</kind>
         <file>timers.obj</file>
         <name>timers.obj</name>
      </input_file>
      <input_file id="fl-f">
         <path>.\MCAL\</path>
         <kind>object</kind>
         <file>can1.obj</file>
         <name>can1.obj</name>
      </input_file>
      <input_file id="fl-13">
         <kind>object</kind>
         <file>&lt;internal&gt;</file>
         <name>&lt;internal&gt;</name>
      </input_file>
      <input_file id="fl-c9">
         <path>C:\ti\ccsv8\tools\compiler\ti-cgt-arm_18.1.1.LTS\lib\</path>
         <kind>archive</kind>
         <file>rtsv7M4_T_le_v4SPD16_eabi.lib</file>
         <name>memcpy_t2.asm.obj</name>
      </input_file>
      <input_file id="fl-ca">
         <path>C:\ti\ccsv8\tools\compiler\ti-cgt-arm_18.1.1.LTS\lib\</path>
         <kind>archive</kind>
         <file>rtsv7M4_T_le_v4SPD16_eabi.lib</file>
         <name>memset_t2.asm.obj</name>
      </input_file>
      <input_file id="fl-cb">
         <path>C:\ti\ccsv8\tools\compiler\ti-cgt-arm_18.1.1.LTS\lib\</path>
         <kind>archive</kind>
         <file>rtsv7M4_T_le_v4SPD16_eabi.lib</file>
         <name>copy_zero_init.c.obj</name>
      </input_file>
      <input_file id="fl-cc">
         <path>C:\ti\ccsv8\tools\compiler\ti-cgt-arm_18.1.1.LTS\lib\</path>
         <kind>archive</kind>
         <file>rtsv7M4_T_le_v4SPD16_eabi.lib</file>
         <name>copy_decompress_none.c.obj</name>
      </input_file>
      <input_file id="fl-cd">
         <path>C:\ti\ccsv8\tools\compiler\ti-cgt-arm_18.1.1.LTS\lib\</path>
         <kind>archive</kind>
         <file>rtsv7M4_T_le_v4SPD16_eabi.lib</file>
         <name>copy_decompress_lzss.c.obj</name>
      </input_file>
      <input_file id="fl-ce">
         <path>C:\ti\ccsv8\tools\compiler\ti-cgt-arm_18.1.1.LTS\lib\</path>
         <kind>archive</kind>
         <file>rtsv7M4_T_le_v4SPD16_eabi.lib</file>
         <name>boot_cortex_m.c.obj</name>
      </input_file>
      <input_file id="fl-cf">
         <path>C:\ti\ccsv8\tools\compiler\ti-cgt-arm_18.1.1.LTS\lib\</path>
         <kind>archive</kind>
         <file>rtsv7M4_T_le_v4SPD16_eabi.lib</file>
         <name>exit.c.obj</name>
      </input_file>
      <input_file id="fl-d0">
         <path>C:\ti\ccsv8\tools\compiler\ti-cgt-arm_18.1.1.LTS\lib\</path>
         <kind>archive</kind>
         <file>rtsv7M4_T_le_v4SPD16_eabi.lib</file>
         <name>_lock.c.obj</name>
      </input_file>
      <input_file id="fl-d1">
         <path>C:\ti\ccsv8\tools\compiler\ti-cgt-arm_18.1.1.LTS\lib\</path>
         <kind>archive</kind>
         <file>rtsv7M4_T_le_v4SPD16_eabi.lib</file>
         <name>args_main.c.obj</name>
      </input_file>
      <input_file id="fl-d2">
         <path>C:\ti\ccsv8\tools\compiler\ti-cgt-arm_18.1.1.LTS\lib\</path>
         <kind>archive</kind>
         <file>rtsv7M4_T_le_v4SPD16_eabi.lib</file>
         <name>autoinit.c.obj</name>
      </input_file>
      <input_file id="fl-d3">
         <path>C:\ti\ccsv8\tools\compiler\ti-cgt-arm_18.1.1.LTS\lib\</path>
         <kind>archive</kind>
         <file>rtsv7M4_T_le_v4SPD16_eabi.lib</file>
         <name>pre_init.c.obj</name>
      </input_file>
      <input_file id="fl-d4">
         <path>C:\ti\ccsv8\tools\compiler\ti-cgt-arm_18.1.1.LTS\lib\</path>
         <kind>archive</kind>
         <file>rtsv7M4_T_le_v4SPD16_eabi.lib</file>
         <name>cpy_tbl.c.obj</name>
      </input_file>
      <input_file id="fl-d5">
         <path>C:\ti\TivaWare_C_Series-2.1.4.178\driverlib\ccs\Debug\</path>
         <kind>archive</kind>
         <file>driverlib.lib</file>
         <name>can.obj</name>
      </input_file>
      <input_file id="fl-d6">
         <path>C:\ti\TivaWare_C_Series-2.1.4.178\driverlib\ccs\Debug\</path>
         <kind>archive</kind>
         <file>driverlib.lib</file>
         <name>gpio.obj</name>
      </input_file>
      <input_file id="fl-d7">
         <path>C:\ti\TivaWare_C_Series-2.1.4.178\driverlib\ccs\Debug\</path>
         <kind>archive</kind>
         <file>driverlib.lib</file>
         <name>interrupt.obj</name>
      </input_file>
      <input_file id="fl-d8">
         <path>C:\ti\TivaWare_C_Series-2.1.4.178\driverlib\ccs\Debug\</path>
         <kind>archive</kind>
         <file>driverlib.lib</file>
         <name>sysctl.obj</name>
      </input_file>
      <input_file id="fl-d9">
         <path>C:\ti\TivaWare_C_Series-2.1.4.178\driverlib\ccs\Debug\</path>
         <kind>archive</kind>
         <file>driverlib.lib</file>
         <name>cpu.obj</name>
      </input_file>
   </input_file_list>
   <object_component_list>
      <object_component id="oc-9a">
         <name>.text</name>
         <load_address>0x4fc0</load_address>
         <run_address>0x4fc0</run_address>
         <size>0x1110</size>
         <input_file_ref idref="fl-d"/>
      </object_component>
      <object_component id="oc-94">
         <name>.text</name>
         <load_address>0x60d0</load_address>
         <run_address>0x60d0</run_address>
         <size>0xc6a</size>
         <input_file_ref idref="fl-b"/>
      </object_component>
      <object_component id="oc-100">
         <name>.text</name>
         <load_address>0x6d3c</load_address>
         <run_address>0x6d3c</run_address>
         <size>0x394</size>
         <input_file_ref idref="fl-5"/>
      </object_component>
      <object_component id="oc-ee">
         <name>.text</name>
         <load_address>0x70d0</load_address>
         <run_address>0x70d0</run_address>
         <size>0x13c</size>
         <input_file_ref idref="fl-9"/>
      </object_component>
      <object_component id="oc-23a">
         <name>.text:CANMessageSet</name>
         <load_address>0x720c</load_address>
         <run_address>0x720c</run_address>
         <size>0x136</size>
         <input_file_ref idref="fl-d5"/>
      </object_component>
      <object_component id="oc-208">
         <name>.text:GPIOPadConfigSet</name>
         <load_address>0x7342</load_address>
         <run_address>0x7342</run_address>
         <size>0x132</size>
         <input_file_ref idref="fl-d6"/>
      </object_component>
      <object_component id="oc-f4">
         <name>.text</name>
         <load_address>0x7474</load_address>
         <run_address>0x7474</run_address>
         <size>0x132</size>
         <input_file_ref idref="fl-8"/>
      </object_component>
      <object_component id="oc-228">
         <name>.text:SysCtlClockGet</name>
         <load_address>0x75a8</load_address>
         <run_address>0x75a8</run_address>
         <size>0x110</size>
         <input_file_ref idref="fl-d8"/>
      </object_component>
      <object_component id="oc-246">
         <name>.text:CANMessageGet</name>
         <load_address>0x76b8</load_address>
         <run_address>0x76b8</run_address>
         <size>0x10e</size>
         <input_file_ref idref="fl-d5"/>
      </object_component>
      <object_component id="oc-a4">
         <name>.text</name>
         <load_address>0x77c8</load_address>
         <run_address>0x77c8</run_address>
         <size>0x10c</size>
         <input_file_ref idref="fl-4"/>
      </object_component>
      <object_component id="oc-172">
         <name>.text</name>
         <load_address>0x78d4</load_address>
         <run_address>0x78d4</run_address>
         <size>0x108</size>
         <input_file_ref idref="fl-f"/>
      </object_component>
      <object_component id="oc-1a0">
         <name>.text</name>
         <load_address>0x79dc</load_address>
         <run_address>0x79dc</run_address>
         <size>0xda</size>
         <input_file_ref idref="fl-a"/>
      </object_component>
      <object_component id="oc-72">
         <name>.text</name>
         <load_address>0x7ab8</load_address>
         <run_address>0x7ab8</run_address>
         <size>0xb8</size>
         <input_file_ref idref="fl-2"/>
      </object_component>
      <object_component id="oc-fa">
         <name>.text</name>
         <load_address>0x7b70</load_address>
         <run_address>0x7b70</run_address>
         <size>0x9c</size>
         <input_file_ref idref="fl-7"/>
      </object_component>
      <object_component id="oc-1f">
         <name>.text</name>
         <load_address>0x7c0c</load_address>
         <run_address>0x7c0c</run_address>
         <size>0x9c</size>
         <input_file_ref idref="fl-c9"/>
      </object_component>
      <object_component id="oc-66">
         <name>.text</name>
         <load_address>0x7ca8</load_address>
         <run_address>0x7ca8</run_address>
         <size>0x7a</size>
         <input_file_ref idref="fl-ca"/>
      </object_component>
      <object_component id="oc-22e">
         <name>.text:CANBitRateSet</name>
         <load_address>0x7d24</load_address>
         <run_address>0x7d24</run_address>
         <size>0x6c</size>
         <input_file_ref idref="fl-d5"/>
      </object_component>
      <object_component id="oc-3">
         <name>.text:decompress:lzss:__TI_decompress_lzss</name>
         <load_address>0x7d90</load_address>
         <run_address>0x7d90</run_address>
         <size>0x68</size>
         <input_file_ref idref="fl-cd"/>
      </object_component>
      <object_component id="oc-21c">
         <name>.text:GPIOPinConfigure</name>
         <load_address>0x7df8</load_address>
         <run_address>0x7df8</run_address>
         <size>0x48</size>
         <input_file_ref idref="fl-d6"/>
      </object_component>
      <object_component id="oc-bc">
         <name>.text:__TI_auto_init_nobinit_nopinit:__TI_auto_init_nobinit_nopinit</name>
         <load_address>0x7e40</load_address>
         <run_address>0x7e40</run_address>
         <size>0x44</size>
         <input_file_ref idref="fl-d2"/>
      </object_component>
      <object_component id="oc-240">
         <name>.text:CANStatusGet</name>
         <load_address>0x7e84</load_address>
         <run_address>0x7e84</run_address>
         <size>0x40</size>
         <input_file_ref idref="fl-d5"/>
      </object_component>
      <object_component id="oc-222">
         <name>.text:CANInit</name>
         <load_address>0x7ec4</load_address>
         <run_address>0x7ec4</run_address>
         <size>0x3a</size>
         <input_file_ref idref="fl-d5"/>
      </object_component>
      <object_component id="oc-166">
         <name>.text:SysCtlPeripheralReady</name>
         <load_address>0x7f00</load_address>
         <run_address>0x7f00</run_address>
         <size>0x38</size>
         <input_file_ref idref="fl-d8"/>
      </object_component>
      <object_component id="oc-3d">
         <name>.text:_c_int00_noargs:_c_int00_noargs</name>
         <load_address>0x7f38</load_address>
         <run_address>0x7f38</run_address>
         <size>0x38</size>
         <input_file_ref idref="fl-ce"/>
      </object_component>
      <object_component id="oc-160">
         <name>.text:SysCtlPeripheralEnable</name>
         <load_address>0x7f70</load_address>
         <run_address>0x7f70</run_address>
         <size>0x34</size>
         <input_file_ref idref="fl-d8"/>
      </object_component>
      <object_component id="oc-20e">
         <name>.text:GPIODirModeSet</name>
         <load_address>0x7fa4</load_address>
         <run_address>0x7fa4</run_address>
         <size>0x2a</size>
         <input_file_ref idref="fl-d6"/>
      </object_component>
      <object_component id="oc-2cb">
         <name>.text:_CANDataRegRead</name>
         <load_address>0x7fce</load_address>
         <run_address>0x7fce</run_address>
         <size>0x2a</size>
         <input_file_ref idref="fl-d5"/>
      </object_component>
      <object_component id="oc-2be">
         <name>.text:_CANDataRegWrite</name>
         <load_address>0x7ff8</load_address>
         <run_address>0x7ff8</run_address>
         <size>0x24</size>
         <input_file_ref idref="fl-d5"/>
      </object_component>
      <object_component id="oc-16c">
         <name>.text:GPIOPinTypeGPIOOutput</name>
         <load_address>0x801c</load_address>
         <run_address>0x801c</run_address>
         <size>0x18</size>
         <input_file_ref idref="fl-d6"/>
      </object_component>
      <object_component id="oc-216">
         <name>.text:GPIOPinTypeCAN</name>
         <load_address>0x8034</load_address>
         <run_address>0x8034</run_address>
         <size>0x12</size>
         <input_file_ref idref="fl-d6"/>
      </object_component>
      <object_component id="oc-9">
         <name>.text:decompress:none:__TI_decompress_none</name>
         <load_address>0x8046</load_address>
         <run_address>0x8046</run_address>
         <size>0xe</size>
         <input_file_ref idref="fl-cc"/>
      </object_component>
      <object_component id="oc-31">
         <name>.text:decompress:ZI:__TI_zero_init</name>
         <load_address>0x8054</load_address>
         <run_address>0x8054</run_address>
         <size>0xc</size>
         <input_file_ref idref="fl-cb"/>
      </object_component>
      <object_component id="oc-234">
         <name>.text:CANEnable</name>
         <load_address>0x8060</load_address>
         <run_address>0x8060</run_address>
         <size>0xa</size>
         <input_file_ref idref="fl-d5"/>
      </object_component>
      <object_component id="oc-178">
         <name>.text:GPIOPinWrite</name>
         <load_address>0x806a</load_address>
         <run_address>0x806a</run_address>
         <size>0x6</size>
         <input_file_ref idref="fl-d6"/>
      </object_component>
      <object_component id="oc-6c">
         <name>.text:_system_pre_init</name>
         <load_address>0x8070</load_address>
         <run_address>0x8070</run_address>
         <size>0x4</size>
         <input_file_ref idref="fl-d3"/>
      </object_component>
      <object_component id="oc-b0">
         <name>.text:abort:abort</name>
         <load_address>0x8074</load_address>
         <run_address>0x8074</run_address>
         <size>0x4</size>
         <input_file_ref idref="fl-cf"/>
      </object_component>
      <object_component id="oc-2af">
         <name>.const:g_pui32GPIOBaseAddrs</name>
         <load_address>0x8078</load_address>
         <run_address>0x8078</run_address>
         <size>0x90</size>
         <input_file_ref idref="fl-d6"/>
      </object_component>
      <object_component id="oc-2b5">
         <name>.const:g_pui32Xtals</name>
         <load_address>0x8108</load_address>
         <run_address>0x8108</run_address>
         <size>0x6c</size>
         <input_file_ref idref="fl-d8"/>
      </object_component>
      <object_component id="oc-2b9">
         <name>.const</name>
         <load_address>0x8174</load_address>
         <run_address>0x8174</run_address>
         <size>0x20</size>
         <input_file_ref idref="fl-d5"/>
      </object_component>
      <object_component id="oc-24c">
         <name>.const:$P$T0$1</name>
         <load_address>0x8194</load_address>
         <run_address>0x8194</run_address>
         <size>0x14</size>
         <input_file_ref idref="fl-f"/>
      </object_component>
      <object_component id="oc-279">
         <name>.const</name>
         <load_address>0x81a8</load_address>
         <run_address>0x81a8</run_address>
         <size>0x4</size>
         <input_file_ref idref="fl-9"/>
      </object_component>
      <object_component id="oc-1b4">
         <name>.data</name>
         <load_address>0x81e0</load_address>
         <run_address>0x81e0</run_address>
         <size>0xe</size>
         <input_file_ref idref="fl-5"/>
      </object_component>
      <object_component id="oc-1ac">
         <name>.data</name>
         <load_address>0x81f0</load_address>
         <run_address>0x81f0</run_address>
         <size>0x8</size>
         <input_file_ref idref="fl-7"/>
      </object_component>
      <object_component id="oc-1a5">
         <name>.data</name>
         <load_address>0x81f8</load_address>
         <run_address>0x81f8</run_address>
         <size>0x4</size>
         <input_file_ref idref="fl-9"/>
      </object_component>
      <object_component id="oc-11c">
         <name>.data</name>
         <load_address>0x81ac</load_address>
         <run_address>0x81ac</run_address>
         <size>0x34</size>
         <input_file_ref idref="fl-d"/>
      </object_component>
      <object_component id="oc-1b7">
         <name>.bss:pxReadyCoRoutineLists</name>
         <uninitialized>true</uninitialized>
         <run_address>0x4ee0</run_address>
         <size>0x28</size>
         <input_file_ref idref="fl-5"/>
      </object_component>
      <object_component id="oc-1c0">
         <name>.bss:xDelayedCoRoutineList1</name>
         <uninitialized>true</uninitialized>
         <run_address>0x4f08</run_address>
         <size>0x14</size>
         <input_file_ref idref="fl-5"/>
      </object_component>
      <object_component id="oc-1c3">
         <name>.bss:xDelayedCoRoutineList2</name>
         <uninitialized>true</uninitialized>
         <run_address>0x4f1c</run_address>
         <size>0x14</size>
         <input_file_ref idref="fl-5"/>
      </object_component>
      <object_component id="oc-1ba">
         <name>.bss</name>
         <uninitialized>true</uninitialized>
         <run_address>0x4fa8</run_address>
         <size>0x8</size>
         <input_file_ref idref="fl-5"/>
      </object_component>
      <object_component id="oc-1bd">
         <name>.bss:xPendingReadyCoRoutineList</name>
         <uninitialized>true</uninitialized>
         <run_address>0x4f58</run_address>
         <size>0x14</size>
         <input_file_ref idref="fl-5"/>
      </object_component>
      <object_component id="oc-1af">
         <name>.bss:ucHeap</name>
         <uninitialized>true</uninitialized>
         <run_address>0x20</run_address>
         <size>0x4e20</size>
         <input_file_ref idref="fl-7"/>
      </object_component>
      <object_component id="oc-11f">
         <name>.bss:pxReadyTasksLists</name>
         <uninitialized>true</uninitialized>
         <run_address>0x4e40</run_address>
         <size>0xa0</size>
         <input_file_ref idref="fl-d"/>
      </object_component>
      <object_component id="oc-12e">
         <name>.bss:xDelayedTaskList1</name>
         <uninitialized>true</uninitialized>
         <run_address>0x4f30</run_address>
         <size>0x14</size>
         <input_file_ref idref="fl-d"/>
      </object_component>
      <object_component id="oc-131">
         <name>.bss:xDelayedTaskList2</name>
         <uninitialized>true</uninitialized>
         <run_address>0x4f44</run_address>
         <size>0x14</size>
         <input_file_ref idref="fl-d"/>
      </object_component>
      <object_component id="oc-12b">
         <name>.bss</name>
         <uninitialized>true</uninitialized>
         <run_address>0x4fb0</run_address>
         <size>0x8</size>
         <input_file_ref idref="fl-d"/>
      </object_component>
      <object_component id="oc-128">
         <name>.bss:xPendingReadyList</name>
         <uninitialized>true</uninitialized>
         <run_address>0x4f6c</run_address>
         <size>0x14</size>
         <input_file_ref idref="fl-d"/>
      </object_component>
      <object_component id="oc-122">
         <name>.bss:xTasksWaitingTermination</name>
         <uninitialized>true</uninitialized>
         <run_address>0x4f94</run_address>
         <size>0x14</size>
         <input_file_ref idref="fl-d"/>
      </object_component>
      <object_component id="oc-125">
         <name>.bss:xSuspendedTaskList</name>
         <uninitialized>true</uninitialized>
         <run_address>0x4f80</run_address>
         <size>0x14</size>
         <input_file_ref idref="fl-d"/>
      </object_component>
      <object_component id="oc-a0">
         <name>.common:Key_Semaphore</name>
         <uninitialized>true</uninitialized>
         <run_address>0x4fb8</run_address>
         <size>0x4</size>
      </object_component>
      <object_component id="oc-a3">
         <name>.common:Key_Semaphore2</name>
         <uninitialized>true</uninitialized>
         <run_address>0x4fbc</run_address>
         <size>0x4</size>
      </object_component>
      <object_component id="oc-31e">
         <name>.cinit..data.load</name>
         <load_address>0x8400</load_address>
         <run_address>0x8400</run_address>
         <size>0x14</size>
      </object_component>
      <object_component id="oc-31c">
         <name>__TI_handler_table</name>
         <load_address>0x8414</load_address>
         <run_address>0x8414</run_address>
         <size>0xc</size>
      </object_component>
      <object_component id="oc-31f">
         <name>.cinit..bss.load</name>
         <load_address>0x8420</load_address>
         <run_address>0x8420</run_address>
         <size>0x8</size>
      </object_component>
      <object_component id="oc-31d">
         <name>__TI_cinit_table</name>
         <load_address>0x8428</load_address>
         <run_address>0x8428</run_address>
         <size>0x10</size>
      </object_component>
      <object_component id="oc-a1">
         <name>.debug_info</name>
         <load_address>0x0</load_address>
         <run_address>0x0</run_address>
         <size>0x55d</size>
         <input_file_ref idref="fl-2"/>
      </object_component>
      <object_component id="oc-73">
         <name>.debug_info</name>
         <load_address>0x55d</load_address>
         <run_address>0x55d</run_address>
         <size>0x1f2</size>
         <input_file_ref idref="fl-2"/>
      </object_component>
      <object_component id="oc-112">
         <name>.debug_info</name>
         <load_address>0x74f</load_address>
         <run_address>0x74f</run_address>
         <size>0x315</size>
         <input_file_ref idref="fl-2"/>
      </object_component>
      <object_component id="oc-250">
         <name>.debug_info</name>
         <load_address>0xa64</load_address>
         <run_address>0xa64</run_address>
         <size>0x1b3</size>
         <input_file_ref idref="fl-2"/>
      </object_component>
      <object_component id="oc-14c">
         <name>.debug_info</name>
         <load_address>0xc17</load_address>
         <run_address>0xc17</run_address>
         <size>0x26b</size>
         <input_file_ref idref="fl-2"/>
      </object_component>
      <object_component id="oc-156">
         <name>.debug_info</name>
         <load_address>0xe82</load_address>
         <run_address>0xe82</run_address>
         <size>0x3ce</size>
         <input_file_ref idref="fl-2"/>
      </object_component>
      <object_component id="oc-142">
         <name>.debug_info</name>
         <load_address>0x1250</load_address>
         <run_address>0x1250</run_address>
         <size>0x4f</size>
         <input_file_ref idref="fl-2"/>
      </object_component>
      <object_component id="oc-15b">
         <name>.debug_info</name>
         <load_address>0x129f</load_address>
         <run_address>0x129f</run_address>
         <size>0x2c</size>
         <input_file_ref idref="fl-2"/>
      </object_component>
      <object_component id="oc-1a">
         <name>.debug_info</name>
         <load_address>0x12cb</load_address>
         <run_address>0x12cb</run_address>
         <size>0x84</size>
         <input_file_ref idref="fl-2"/>
      </object_component>
      <object_component id="oc-135">
         <name>.debug_info</name>
         <load_address>0x134f</load_address>
         <run_address>0x134f</run_address>
         <size>0x2c</size>
         <input_file_ref idref="fl-2"/>
      </object_component>
      <object_component id="oc-1da">
         <name>.debug_info</name>
         <load_address>0x137b</load_address>
         <run_address>0x137b</run_address>
         <size>0x297</size>
         <input_file_ref idref="fl-2"/>
      </object_component>
      <object_component id="oc-117">
         <name>.debug_info</name>
         <load_address>0x1612</load_address>
         <run_address>0x1612</run_address>
         <size>0xbb</size>
         <input_file_ref idref="fl-2"/>
      </object_component>
      <object_component id="oc-ab">
         <name>.debug_info</name>
         <load_address>0x16cd</load_address>
         <run_address>0x16cd</run_address>
         <size>0x53</size>
         <input_file_ref idref="fl-2"/>
      </object_component>
      <object_component id="oc-147">
         <name>.debug_info</name>
         <load_address>0x1720</load_address>
         <run_address>0x1720</run_address>
         <size>0x53</size>
         <input_file_ref idref="fl-2"/>
      </object_component>
      <object_component id="oc-151">
         <name>.debug_info</name>
         <load_address>0x1773</load_address>
         <run_address>0x1773</run_address>
         <size>0x14c</size>
         <input_file_ref idref="fl-2"/>
      </object_component>
      <object_component id="oc-17f">
         <name>.debug_info</name>
         <load_address>0x18bf</load_address>
         <run_address>0x18bf</run_address>
         <size>0x635</size>
         <input_file_ref idref="fl-4"/>
      </object_component>
      <object_component id="oc-a5">
         <name>.debug_info</name>
         <load_address>0x1ef4</load_address>
         <run_address>0x1ef4</run_address>
         <size>0x52e</size>
         <input_file_ref idref="fl-4"/>
      </object_component>
      <object_component id="oc-203">
         <name>.debug_info</name>
         <load_address>0x2422</load_address>
         <run_address>0x2422</run_address>
         <size>0x8b</size>
         <input_file_ref idref="fl-4"/>
      </object_component>
      <object_component id="oc-1cc">
         <name>.debug_info</name>
         <load_address>0x24ad</load_address>
         <run_address>0x24ad</run_address>
         <size>0x4e5</size>
         <input_file_ref idref="fl-5"/>
      </object_component>
      <object_component id="oc-1b8">
         <name>.debug_info</name>
         <load_address>0x2992</load_address>
         <run_address>0x2992</run_address>
         <size>0xe8</size>
         <input_file_ref idref="fl-5"/>
      </object_component>
      <object_component id="oc-1c1">
         <name>.debug_info</name>
         <load_address>0x2a7a</load_address>
         <run_address>0x2a7a</run_address>
         <size>0xea</size>
         <input_file_ref idref="fl-5"/>
      </object_component>
      <object_component id="oc-1c4">
         <name>.debug_info</name>
         <load_address>0x2b64</load_address>
         <run_address>0x2b64</run_address>
         <size>0xea</size>
         <input_file_ref idref="fl-5"/>
      </object_component>
      <object_component id="oc-1bb">
         <name>.debug_info</name>
         <load_address>0x2c4e</load_address>
         <run_address>0x2c4e</run_address>
         <size>0x136</size>
         <input_file_ref idref="fl-5"/>
      </object_component>
      <object_component id="oc-1be">
         <name>.debug_info</name>
         <load_address>0x2d84</load_address>
         <run_address>0x2d84</run_address>
         <size>0xf2</size>
         <input_file_ref idref="fl-5"/>
      </object_component>
      <object_component id="oc-1b5">
         <name>.debug_info</name>
         <load_address>0x2e76</load_address>
         <run_address>0x2e76</run_address>
         <size>0x1b3</size>
         <input_file_ref idref="fl-5"/>
      </object_component>
      <object_component id="oc-101">
         <name>.debug_info</name>
         <load_address>0x3029</load_address>
         <run_address>0x3029</run_address>
         <size>0x8f7</size>
         <input_file_ref idref="fl-5"/>
      </object_component>
      <object_component id="oc-1c7">
         <name>.debug_info</name>
         <load_address>0x3920</load_address>
         <run_address>0x3920</run_address>
         <size>0xcc</size>
         <input_file_ref idref="fl-5"/>
      </object_component>
      <object_component id="oc-1d9">
         <name>.debug_info</name>
         <load_address>0x39ec</load_address>
         <run_address>0x39ec</run_address>
         <size>0x614</size>
         <input_file_ref idref="fl-6"/>
      </object_component>
      <object_component id="oc-10d">
         <name>.debug_info</name>
         <load_address>0x4000</load_address>
         <run_address>0x4000</run_address>
         <size>0x110</size>
         <input_file_ref idref="fl-6"/>
      </object_component>
      <object_component id="oc-1d4">
         <name>.debug_info</name>
         <load_address>0x4110</load_address>
         <run_address>0x4110</run_address>
         <size>0x3ce</size>
         <input_file_ref idref="fl-6"/>
      </object_component>
      <object_component id="oc-299">
         <name>.debug_info</name>
         <load_address>0x44de</load_address>
         <run_address>0x44de</run_address>
         <size>0x62</size>
         <input_file_ref idref="fl-6"/>
      </object_component>
      <object_component id="oc-29e">
         <name>.debug_info</name>
         <load_address>0x4540</load_address>
         <run_address>0x4540</run_address>
         <size>0x39</size>
         <input_file_ref idref="fl-6"/>
      </object_component>
      <object_component id="oc-1f1">
         <name>.debug_info</name>
         <load_address>0x4579</load_address>
         <run_address>0x4579</run_address>
         <size>0x4f</size>
         <input_file_ref idref="fl-6"/>
      </object_component>
      <object_component id="oc-1b3">
         <name>.debug_info</name>
         <load_address>0x45c8</load_address>
         <run_address>0x45c8</run_address>
         <size>0x3d3</size>
         <input_file_ref idref="fl-7"/>
      </object_component>
      <object_component id="oc-1b0">
         <name>.debug_info</name>
         <load_address>0x499b</load_address>
         <run_address>0x499b</run_address>
         <size>0xc8</size>
         <input_file_ref idref="fl-7"/>
      </object_component>
      <object_component id="oc-1ad">
         <name>.debug_info</name>
         <load_address>0x4a63</load_address>
         <run_address>0x4a63</run_address>
         <size>0xd6</size>
         <input_file_ref idref="fl-7"/>
      </object_component>
      <object_component id="oc-fb">
         <name>.debug_info</name>
         <load_address>0x4b39</load_address>
         <run_address>0x4b39</run_address>
         <size>0x316</size>
         <input_file_ref idref="fl-7"/>
      </object_component>
      <object_component id="oc-1ab">
         <name>.debug_info</name>
         <load_address>0x4e4f</load_address>
         <run_address>0x4e4f</run_address>
         <size>0x346</size>
         <input_file_ref idref="fl-8"/>
      </object_component>
      <object_component id="oc-f5">
         <name>.debug_info</name>
         <load_address>0x5195</load_address>
         <run_address>0x5195</run_address>
         <size>0x486</size>
         <input_file_ref idref="fl-8"/>
      </object_component>
      <object_component id="oc-1a9">
         <name>.debug_info</name>
         <load_address>0x561b</load_address>
         <run_address>0x561b</run_address>
         <size>0x3cb</size>
         <input_file_ref idref="fl-9"/>
      </object_component>
      <object_component id="oc-27a">
         <name>.debug_info</name>
         <load_address>0x59e6</load_address>
         <run_address>0x59e6</run_address>
         <size>0xf5</size>
         <input_file_ref idref="fl-9"/>
      </object_component>
      <object_component id="oc-1a6">
         <name>.debug_info</name>
         <load_address>0x5adb</load_address>
         <run_address>0x5adb</run_address>
         <size>0xdc</size>
         <input_file_ref idref="fl-9"/>
      </object_component>
      <object_component id="oc-ef">
         <name>.debug_info</name>
         <load_address>0x5bb7</load_address>
         <run_address>0x5bb7</run_address>
         <size>0x50c</size>
         <input_file_ref idref="fl-9"/>
      </object_component>
      <object_component id="oc-1a1">
         <name>.debug_info</name>
         <load_address>0x60c3</load_address>
         <run_address>0x60c3</run_address>
         <size>0x22d</size>
         <input_file_ref idref="fl-a"/>
      </object_component>
      <object_component id="oc-10c">
         <name>.debug_info</name>
         <load_address>0x62f0</load_address>
         <run_address>0x62f0</run_address>
         <size>0x71b</size>
         <input_file_ref idref="fl-b"/>
      </object_component>
      <object_component id="oc-95">
         <name>.debug_info</name>
         <load_address>0x6a0b</load_address>
         <run_address>0x6a0b</run_address>
         <size>0x2eab</size>
         <input_file_ref idref="fl-b"/>
      </object_component>
      <object_component id="oc-1cf">
         <name>.debug_info</name>
         <load_address>0x98b6</load_address>
         <run_address>0x98b6</run_address>
         <size>0x1c7</size>
         <input_file_ref idref="fl-b"/>
      </object_component>
      <object_component id="oc-107">
         <name>.debug_info</name>
         <load_address>0x9a7d</load_address>
         <run_address>0x9a7d</run_address>
         <size>0x46</size>
         <input_file_ref idref="fl-b"/>
      </object_component>
      <object_component id="oc-8b">
         <name>.debug_info</name>
         <load_address>0x9ac3</load_address>
         <run_address>0x9ac3</run_address>
         <size>0x2c</size>
         <input_file_ref idref="fl-c"/>
      </object_component>
      <object_component id="oc-13a">
         <name>.debug_info</name>
         <load_address>0x9aef</load_address>
         <run_address>0x9aef</run_address>
         <size>0x6cb</size>
         <input_file_ref idref="fl-d"/>
      </object_component>
      <object_component id="oc-11d">
         <name>.debug_info</name>
         <load_address>0xa1ba</load_address>
         <run_address>0xa1ba</run_address>
         <size>0x337</size>
         <input_file_ref idref="fl-d"/>
      </object_component>
      <object_component id="oc-120">
         <name>.debug_info</name>
         <load_address>0xa4f1</load_address>
         <run_address>0xa4f1</run_address>
         <size>0xde</size>
         <input_file_ref idref="fl-d"/>
      </object_component>
      <object_component id="oc-12f">
         <name>.debug_info</name>
         <load_address>0xa5cf</load_address>
         <run_address>0xa5cf</run_address>
         <size>0xde</size>
         <input_file_ref idref="fl-d"/>
      </object_component>
      <object_component id="oc-132">
         <name>.debug_info</name>
         <load_address>0xa6ad</load_address>
         <run_address>0xa6ad</run_address>
         <size>0xde</size>
         <input_file_ref idref="fl-d"/>
      </object_component>
      <object_component id="oc-12c">
         <name>.debug_info</name>
         <load_address>0xa78b</load_address>
         <run_address>0xa78b</run_address>
         <size>0x121</size>
         <input_file_ref idref="fl-d"/>
      </object_component>
      <object_component id="oc-129">
         <name>.debug_info</name>
         <load_address>0xa8ac</load_address>
         <run_address>0xa8ac</run_address>
         <size>0xde</size>
         <input_file_ref idref="fl-d"/>
      </object_component>
      <object_component id="oc-123">
         <name>.debug_info</name>
         <load_address>0xa98a</load_address>
         <run_address>0xa98a</run_address>
         <size>0xec</size>
         <input_file_ref idref="fl-d"/>
      </object_component>
      <object_component id="oc-126">
         <name>.debug_info</name>
         <load_address>0xaa76</load_address>
         <run_address>0xaa76</run_address>
         <size>0xe0</size>
         <input_file_ref idref="fl-d"/>
      </object_component>
      <object_component id="oc-9b">
         <name>.debug_info</name>
         <load_address>0xab56</load_address>
         <run_address>0xab56</run_address>
         <size>0x3370</size>
         <input_file_ref idref="fl-d"/>
      </object_component>
      <object_component id="oc-13b">
         <name>.debug_info</name>
         <load_address>0xdec6</load_address>
         <run_address>0xdec6</run_address>
         <size>0x30c</size>
         <input_file_ref idref="fl-d"/>
      </object_component>
      <object_component id="oc-1f6">
         <name>.debug_info</name>
         <load_address>0xe1d2</load_address>
         <run_address>0xe1d2</run_address>
         <size>0xf0</size>
         <input_file_ref idref="fl-d"/>
      </object_component>
      <object_component id="oc-2d4">
         <name>.debug_info</name>
         <load_address>0xe2c2</load_address>
         <run_address>0xe2c2</run_address>
         <size>0x4a0</size>
         <input_file_ref idref="fl-f"/>
      </object_component>
      <object_component id="oc-24d">
         <name>.debug_info</name>
         <load_address>0xe762</load_address>
         <run_address>0xe762</run_address>
         <size>0xc6</size>
         <input_file_ref idref="fl-f"/>
      </object_component>
      <object_component id="oc-173">
         <name>.debug_info</name>
         <load_address>0xe828</load_address>
         <run_address>0xe828</run_address>
         <size>0x3dc</size>
         <input_file_ref idref="fl-f"/>
      </object_component>
      <object_component id="oc-20">
         <name>.debug_info</name>
         <load_address>0xec04</load_address>
         <run_address>0xec04</run_address>
         <size>0x111</size>
         <input_file_ref idref="fl-c9"/>
      </object_component>
      <object_component id="oc-68">
         <name>.debug_info</name>
         <load_address>0xed15</load_address>
         <run_address>0xed15</run_address>
         <size>0x13f</size>
         <input_file_ref idref="fl-ca"/>
      </object_component>
      <object_component id="oc-65">
         <name>.debug_info</name>
         <load_address>0xee54</load_address>
         <run_address>0xee54</run_address>
         <size>0x313</size>
         <input_file_ref idref="fl-cb"/>
      </object_component>
      <object_component id="oc-33">
         <name>.debug_info</name>
         <load_address>0xf167</load_address>
         <run_address>0xf167</run_address>
         <size>0x1aa</size>
         <input_file_ref idref="fl-cb"/>
      </object_component>
      <object_component id="oc-60">
         <name>.debug_info</name>
         <load_address>0xf311</load_address>
         <run_address>0xf311</run_address>
         <size>0x46</size>
         <input_file_ref idref="fl-cb"/>
      </object_component>
      <object_component id="oc-2a">
         <name>.debug_info</name>
         <load_address>0xf357</load_address>
         <run_address>0xf357</run_address>
         <size>0x29d</size>
         <input_file_ref idref="fl-cc"/>
      </object_component>
      <object_component id="oc-a">
         <name>.debug_info</name>
         <load_address>0xf5f4</load_address>
         <run_address>0xf5f4</run_address>
         <size>0x1df</size>
         <input_file_ref idref="fl-cc"/>
      </object_component>
      <object_component id="oc-25">
         <name>.debug_info</name>
         <load_address>0xf7d3</load_address>
         <run_address>0xf7d3</run_address>
         <size>0x46</size>
         <input_file_ref idref="fl-cc"/>
      </object_component>
      <object_component id="oc-58">
         <name>.debug_info</name>
         <load_address>0xf819</load_address>
         <run_address>0xf819</run_address>
         <size>0x2c</size>
         <input_file_ref idref="fl-cc"/>
      </object_component>
      <object_component id="oc-56">
         <name>.debug_info</name>
         <load_address>0xf845</load_address>
         <run_address>0xf845</run_address>
         <size>0x293</size>
         <input_file_ref idref="fl-cd"/>
      </object_component>
      <object_component id="oc-4">
         <name>.debug_info</name>
         <load_address>0xfad8</load_address>
         <run_address>0xfad8</run_address>
         <size>0x245</size>
         <input_file_ref idref="fl-cd"/>
      </object_component>
      <object_component id="oc-15">
         <name>.debug_info</name>
         <load_address>0xfd1d</load_address>
         <run_address>0xfd1d</run_address>
         <size>0x60</size>
         <input_file_ref idref="fl-cd"/>
      </object_component>
      <object_component id="oc-84">
         <name>.debug_info</name>
         <load_address>0xfd7d</load_address>
         <run_address>0xfd7d</run_address>
         <size>0x46</size>
         <input_file_ref idref="fl-cd"/>
      </object_component>
      <object_component id="oc-51">
         <name>.debug_info</name>
         <load_address>0xfdc3</load_address>
         <run_address>0xfdc3</run_address>
         <size>0x39</size>
         <input_file_ref idref="fl-cd"/>
      </object_component>
      <object_component id="oc-12">
         <name>.debug_info</name>
         <load_address>0xfdfc</load_address>
         <run_address>0xfdfc</run_address>
         <size>0x100</size>
         <input_file_ref idref="fl-ce"/>
      </object_component>
      <object_component id="oc-41">
         <name>.debug_info</name>
         <load_address>0xfefc</load_address>
         <run_address>0xfefc</run_address>
         <size>0x1a4</size>
         <input_file_ref idref="fl-ce"/>
      </object_component>
      <object_component id="oc-b4">
         <name>.debug_info</name>
         <load_address>0x100a0</load_address>
         <run_address>0x100a0</run_address>
         <size>0x117</size>
         <input_file_ref idref="fl-cf"/>
      </object_component>
      <object_component id="oc-18b">
         <name>.debug_info</name>
         <load_address>0x101b7</load_address>
         <run_address>0x101b7</run_address>
         <size>0x547</size>
         <input_file_ref idref="fl-d2"/>
      </object_component>
      <object_component id="oc-c0">
         <name>.debug_info</name>
         <load_address>0x106fe</load_address>
         <run_address>0x106fe</run_address>
         <size>0x19b</size>
         <input_file_ref idref="fl-d2"/>
      </object_component>
      <object_component id="oc-268">
         <name>.debug_info</name>
         <load_address>0x10899</load_address>
         <run_address>0x10899</run_address>
         <size>0x39</size>
         <input_file_ref idref="fl-d2"/>
      </object_component>
      <object_component id="oc-2d8">
         <name>.debug_info</name>
         <load_address>0x108d2</load_address>
         <run_address>0x108d2</run_address>
         <size>0x39</size>
         <input_file_ref idref="fl-d2"/>
      </object_component>
      <object_component id="oc-26d">
         <name>.debug_info</name>
         <load_address>0x1090b</load_address>
         <run_address>0x1090b</run_address>
         <size>0x39</size>
         <input_file_ref idref="fl-d2"/>
      </object_component>
      <object_component id="oc-272">
         <name>.debug_info</name>
         <load_address>0x10944</load_address>
         <run_address>0x10944</run_address>
         <size>0xcd</size>
         <input_file_ref idref="fl-d2"/>
      </object_component>
      <object_component id="oc-70">
         <name>.debug_info</name>
         <load_address>0x10a11</load_address>
         <run_address>0x10a11</run_address>
         <size>0x148</size>
         <input_file_ref idref="fl-d3"/>
      </object_component>
      <object_component id="oc-2b4">
         <name>.debug_info</name>
         <load_address>0x10b59</load_address>
         <run_address>0x10b59</run_address>
         <size>0x227</size>
         <input_file_ref idref="fl-d5"/>
      </object_component>
      <object_component id="oc-2ba">
         <name>.debug_info</name>
         <load_address>0x10d80</load_address>
         <run_address>0x10d80</run_address>
         <size>0x156</size>
         <input_file_ref idref="fl-d5"/>
      </object_component>
      <object_component id="oc-244">
         <name>.debug_info</name>
         <load_address>0x10ed6</load_address>
         <run_address>0x10ed6</run_address>
         <size>0x286</size>
         <input_file_ref idref="fl-d5"/>
      </object_component>
      <object_component id="oc-2c2">
         <name>.debug_info</name>
         <load_address>0x1115c</load_address>
         <run_address>0x1115c</run_address>
         <size>0x2dd</size>
         <input_file_ref idref="fl-d5"/>
      </object_component>
      <object_component id="oc-23e">
         <name>.debug_info</name>
         <load_address>0x11439</load_address>
         <run_address>0x11439</run_address>
         <size>0x413</size>
         <input_file_ref idref="fl-d5"/>
      </object_component>
      <object_component id="oc-2cf">
         <name>.debug_info</name>
         <load_address>0x1184c</load_address>
         <run_address>0x1184c</run_address>
         <size>0x2de</size>
         <input_file_ref idref="fl-d5"/>
      </object_component>
      <object_component id="oc-249">
         <name>.debug_info</name>
         <load_address>0x11b2a</load_address>
         <run_address>0x11b2a</run_address>
         <size>0x3e8</size>
         <input_file_ref idref="fl-d5"/>
      </object_component>
      <object_component id="oc-224">
         <name>.debug_info</name>
         <load_address>0x11f12</load_address>
         <run_address>0x11f12</run_address>
         <size>0x26c</size>
         <input_file_ref idref="fl-d5"/>
      </object_component>
      <object_component id="oc-236">
         <name>.debug_info</name>
         <load_address>0x1217e</load_address>
         <run_address>0x1217e</run_address>
         <size>0x242</size>
         <input_file_ref idref="fl-d5"/>
      </object_component>
      <object_component id="oc-231">
         <name>.debug_info</name>
         <load_address>0x123c0</load_address>
         <run_address>0x123c0</run_address>
         <size>0x360</size>
         <input_file_ref idref="fl-d5"/>
      </object_component>
      <object_component id="oc-2c5">
         <name>.debug_info</name>
         <load_address>0x12720</load_address>
         <run_address>0x12720</run_address>
         <size>0x1b3</size>
         <input_file_ref idref="fl-d5"/>
      </object_component>
      <object_component id="oc-1fc">
         <name>.debug_info</name>
         <load_address>0x128d3</load_address>
         <run_address>0x128d3</run_address>
         <size>0x18b</size>
         <input_file_ref idref="fl-d5"/>
      </object_component>
      <object_component id="oc-215">
         <name>.debug_info</name>
         <load_address>0x12a5e</load_address>
         <run_address>0x12a5e</run_address>
         <size>0x240</size>
         <input_file_ref idref="fl-d6"/>
      </object_component>
      <object_component id="oc-2b0">
         <name>.debug_info</name>
         <load_address>0x12c9e</load_address>
         <run_address>0x12c9e</run_address>
         <size>0x15b</size>
         <input_file_ref idref="fl-d6"/>
      </object_component>
      <object_component id="oc-17a">
         <name>.debug_info</name>
         <load_address>0x12df9</load_address>
         <run_address>0x12df9</run_address>
         <size>0x2a3</size>
         <input_file_ref idref="fl-d6"/>
      </object_component>
      <object_component id="oc-210">
         <name>.debug_info</name>
         <load_address>0x1309c</load_address>
         <run_address>0x1309c</run_address>
         <size>0x2b3</size>
         <input_file_ref idref="fl-d6"/>
      </object_component>
      <object_component id="oc-20a">
         <name>.debug_info</name>
         <load_address>0x1334f</load_address>
         <run_address>0x1334f</run_address>
         <size>0x316</size>
         <input_file_ref idref="fl-d6"/>
      </object_component>
      <object_component id="oc-16d">
         <name>.debug_info</name>
         <load_address>0x13665</load_address>
         <run_address>0x13665</run_address>
         <size>0x2b7</size>
         <input_file_ref idref="fl-d6"/>
      </object_component>
      <object_component id="oc-217">
         <name>.debug_info</name>
         <load_address>0x1391c</load_address>
         <run_address>0x1391c</run_address>
         <size>0x279</size>
         <input_file_ref idref="fl-d6"/>
      </object_component>
      <object_component id="oc-21e">
         <name>.debug_info</name>
         <load_address>0x13b95</load_address>
         <run_address>0x13b95</run_address>
         <size>0x280</size>
         <input_file_ref idref="fl-d6"/>
      </object_component>
      <object_component id="oc-201">
         <name>.debug_info</name>
         <load_address>0x13e15</load_address>
         <run_address>0x13e15</run_address>
         <size>0x298</size>
         <input_file_ref idref="fl-d8"/>
      </object_component>
      <object_component id="oc-2b6">
         <name>.debug_info</name>
         <load_address>0x140ad</load_address>
         <run_address>0x140ad</run_address>
         <size>0x14d</size>
         <input_file_ref idref="fl-d8"/>
      </object_component>
      <object_component id="oc-167">
         <name>.debug_info</name>
         <load_address>0x141fa</load_address>
         <run_address>0x141fa</run_address>
         <size>0x27f</size>
         <input_file_ref idref="fl-d8"/>
      </object_component>
      <object_component id="oc-161">
         <name>.debug_info</name>
         <load_address>0x14479</load_address>
         <run_address>0x14479</run_address>
         <size>0x27d</size>
         <input_file_ref idref="fl-d8"/>
      </object_component>
      <object_component id="oc-229">
         <name>.debug_info</name>
         <load_address>0x146f6</load_address>
         <run_address>0x146f6</run_address>
         <size>0x2b5</size>
         <input_file_ref idref="fl-d8"/>
      </object_component>
      <object_component id="oc-2a5">
         <name>.debug_info</name>
         <load_address>0x149ab</load_address>
         <run_address>0x149ab</run_address>
         <size>0x5f</size>
         <input_file_ref idref="fl-d8"/>
      </object_component>
      <object_component id="oc-343">
         <name>.debug_info</name>
         <load_address>0x14a0a</load_address>
         <run_address>0x14a0a</run_address>
         <size>0x96</size>
      </object_component>
      <object_component id="oc-141">
         <name>.debug_line</name>
         <load_address>0x0</load_address>
         <run_address>0x0</run_address>
         <size>0xca</size>
         <input_file_ref idref="fl-2"/>
      </object_component>
      <object_component id="oc-76">
         <name>.debug_line</name>
         <load_address>0xca</load_address>
         <run_address>0xca</run_address>
         <size>0x4a</size>
         <input_file_ref idref="fl-2"/>
      </object_component>
      <object_component id="oc-115">
         <name>.debug_line</name>
         <load_address>0x114</load_address>
         <run_address>0x114</run_address>
         <size>0x53</size>
         <input_file_ref idref="fl-2"/>
      </object_component>
      <object_component id="oc-253">
         <name>.debug_line</name>
         <load_address>0x167</load_address>
         <run_address>0x167</run_address>
         <size>0x55</size>
         <input_file_ref idref="fl-2"/>
      </object_component>
      <object_component id="oc-14f">
         <name>.debug_line</name>
         <load_address>0x1bc</load_address>
         <run_address>0x1bc</run_address>
         <size>0x69</size>
         <input_file_ref idref="fl-2"/>
      </object_component>
      <object_component id="oc-159">
         <name>.debug_line</name>
         <load_address>0x225</load_address>
         <run_address>0x225</run_address>
         <size>0x57</size>
         <input_file_ref idref="fl-2"/>
      </object_component>
      <object_component id="oc-145">
         <name>.debug_line</name>
         <load_address>0x27c</load_address>
         <run_address>0x27c</run_address>
         <size>0x54</size>
         <input_file_ref idref="fl-2"/>
      </object_component>
      <object_component id="oc-15e">
         <name>.debug_line</name>
         <load_address>0x2d0</load_address>
         <run_address>0x2d0</run_address>
         <size>0x55</size>
         <input_file_ref idref="fl-2"/>
      </object_component>
      <object_component id="oc-1d">
         <name>.debug_line</name>
         <load_address>0x325</load_address>
         <run_address>0x325</run_address>
         <size>0x20</size>
         <input_file_ref idref="fl-2"/>
      </object_component>
      <object_component id="oc-138">
         <name>.debug_line</name>
         <load_address>0x345</load_address>
         <run_address>0x345</run_address>
         <size>0x57</size>
         <input_file_ref idref="fl-2"/>
      </object_component>
      <object_component id="oc-1dd">
         <name>.debug_line</name>
         <load_address>0x39c</load_address>
         <run_address>0x39c</run_address>
         <size>0x6d</size>
         <input_file_ref idref="fl-2"/>
      </object_component>
      <object_component id="oc-11a">
         <name>.debug_line</name>
         <load_address>0x409</load_address>
         <run_address>0x409</run_address>
         <size>0x6a</size>
         <input_file_ref idref="fl-2"/>
      </object_component>
      <object_component id="oc-ae">
         <name>.debug_line</name>
         <load_address>0x473</load_address>
         <run_address>0x473</run_address>
         <size>0x58</size>
         <input_file_ref idref="fl-2"/>
      </object_component>
      <object_component id="oc-14a">
         <name>.debug_line</name>
         <load_address>0x4cb</load_address>
         <run_address>0x4cb</run_address>
         <size>0x65</size>
         <input_file_ref idref="fl-2"/>
      </object_component>
      <object_component id="oc-154">
         <name>.debug_line</name>
         <load_address>0x530</load_address>
         <run_address>0x530</run_address>
         <size>0x53</size>
         <input_file_ref idref="fl-2"/>
      </object_component>
      <object_component id="oc-257">
         <name>.debug_line</name>
         <load_address>0x583</load_address>
         <run_address>0x583</run_address>
         <size>0x13d</size>
         <input_file_ref idref="fl-4"/>
      </object_component>
      <object_component id="oc-a8">
         <name>.debug_line</name>
         <load_address>0x6c0</load_address>
         <run_address>0x6c0</run_address>
         <size>0xd0</size>
         <input_file_ref idref="fl-4"/>
      </object_component>
      <object_component id="oc-206">
         <name>.debug_line</name>
         <load_address>0x790</load_address>
         <run_address>0x790</run_address>
         <size>0x20</size>
         <input_file_ref idref="fl-4"/>
      </object_component>
      <object_component id="oc-296">
         <name>.debug_line</name>
         <load_address>0x7b0</load_address>
         <run_address>0x7b0</run_address>
         <size>0x60</size>
         <input_file_ref idref="fl-5"/>
      </object_component>
      <object_component id="oc-28c">
         <name>.debug_line</name>
         <load_address>0x810</load_address>
         <run_address>0x810</run_address>
         <size>0x38</size>
         <input_file_ref idref="fl-5"/>
      </object_component>
      <object_component id="oc-292">
         <name>.debug_line</name>
         <load_address>0x848</load_address>
         <run_address>0x848</run_address>
         <size>0x38</size>
         <input_file_ref idref="fl-5"/>
      </object_component>
      <object_component id="oc-294">
         <name>.debug_line</name>
         <load_address>0x880</load_address>
         <run_address>0x880</run_address>
         <size>0x38</size>
         <input_file_ref idref="fl-5"/>
      </object_component>
      <object_component id="oc-28e">
         <name>.debug_line</name>
         <load_address>0x8b8</load_address>
         <run_address>0x8b8</run_address>
         <size>0x38</size>
         <input_file_ref idref="fl-5"/>
      </object_component>
      <object_component id="oc-290">
         <name>.debug_line</name>
         <load_address>0x8f0</load_address>
         <run_address>0x8f0</run_address>
         <size>0x38</size>
         <input_file_ref idref="fl-5"/>
      </object_component>
      <object_component id="oc-28a">
         <name>.debug_line</name>
         <load_address>0x928</load_address>
         <run_address>0x928</run_address>
         <size>0x38</size>
         <input_file_ref idref="fl-5"/>
      </object_component>
      <object_component id="oc-104">
         <name>.debug_line</name>
         <load_address>0x960</load_address>
         <run_address>0x960</run_address>
         <size>0x1ca</size>
         <input_file_ref idref="fl-5"/>
      </object_component>
      <object_component id="oc-1ca">
         <name>.debug_line</name>
         <load_address>0xb2a</load_address>
         <run_address>0xb2a</run_address>
         <size>0x38</size>
         <input_file_ref idref="fl-5"/>
      </object_component>
      <object_component id="oc-298">
         <name>.debug_line</name>
         <load_address>0xb62</load_address>
         <run_address>0xb62</run_address>
         <size>0x79</size>
         <input_file_ref idref="fl-6"/>
      </object_component>
      <object_component id="oc-110">
         <name>.debug_line</name>
         <load_address>0xbdb</load_address>
         <run_address>0xbdb</run_address>
         <size>0x65</size>
         <input_file_ref idref="fl-6"/>
      </object_component>
      <object_component id="oc-1d7">
         <name>.debug_line</name>
         <load_address>0xc40</load_address>
         <run_address>0xc40</run_address>
         <size>0x38</size>
         <input_file_ref idref="fl-6"/>
      </object_component>
      <object_component id="oc-29c">
         <name>.debug_line</name>
         <load_address>0xc78</load_address>
         <run_address>0xc78</run_address>
         <size>0x3c</size>
         <input_file_ref idref="fl-6"/>
      </object_component>
      <object_component id="oc-2a1">
         <name>.debug_line</name>
         <load_address>0xcb4</load_address>
         <run_address>0xcb4</run_address>
         <size>0x3c</size>
         <input_file_ref idref="fl-6"/>
      </object_component>
      <object_component id="oc-1f4">
         <name>.debug_line</name>
         <load_address>0xcf0</load_address>
         <run_address>0xcf0</run_address>
         <size>0x36</size>
         <input_file_ref idref="fl-6"/>
      </object_component>
      <object_component id="oc-288">
         <name>.debug_line</name>
         <load_address>0xd26</load_address>
         <run_address>0xd26</run_address>
         <size>0x34</size>
         <input_file_ref idref="fl-7"/>
      </object_component>
      <object_component id="oc-286">
         <name>.debug_line</name>
         <load_address>0xd5a</load_address>
         <run_address>0xd5a</run_address>
         <size>0x36</size>
         <input_file_ref idref="fl-7"/>
      </object_component>
      <object_component id="oc-284">
         <name>.debug_line</name>
         <load_address>0xd90</load_address>
         <run_address>0xd90</run_address>
         <size>0x36</size>
         <input_file_ref idref="fl-7"/>
      </object_component>
      <object_component id="oc-fe">
         <name>.debug_line</name>
         <load_address>0xdc6</load_address>
         <run_address>0xdc6</run_address>
         <size>0xb9</size>
         <input_file_ref idref="fl-7"/>
      </object_component>
      <object_component id="oc-282">
         <name>.debug_line</name>
         <load_address>0xe7f</load_address>
         <run_address>0xe7f</run_address>
         <size>0x20</size>
         <input_file_ref idref="fl-8"/>
      </object_component>
      <object_component id="oc-f8">
         <name>.debug_line</name>
         <load_address>0xe9f</load_address>
         <run_address>0xe9f</run_address>
         <size>0xea</size>
         <input_file_ref idref="fl-8"/>
      </object_component>
      <object_component id="oc-280">
         <name>.debug_line</name>
         <load_address>0xf89</load_address>
         <run_address>0xf89</run_address>
         <size>0x48</size>
         <input_file_ref idref="fl-9"/>
      </object_component>
      <object_component id="oc-2e5">
         <name>.debug_line</name>
         <load_address>0xfd1</load_address>
         <run_address>0xfd1</run_address>
         <size>0x34</size>
         <input_file_ref idref="fl-9"/>
      </object_component>
      <object_component id="oc-27e">
         <name>.debug_line</name>
         <load_address>0x1005</load_address>
         <run_address>0x1005</run_address>
         <size>0x34</size>
         <input_file_ref idref="fl-9"/>
      </object_component>
      <object_component id="oc-f2">
         <name>.debug_line</name>
         <load_address>0x1039</load_address>
         <run_address>0x1039</run_address>
         <size>0x136</size>
         <input_file_ref idref="fl-9"/>
      </object_component>
      <object_component id="oc-1a4">
         <name>.debug_line</name>
         <load_address>0x116f</load_address>
         <run_address>0x116f</run_address>
         <size>0xc9</size>
         <input_file_ref idref="fl-a"/>
      </object_component>
      <object_component id="oc-1ce">
         <name>.debug_line</name>
         <load_address>0x1238</load_address>
         <run_address>0x1238</run_address>
         <size>0x91</size>
         <input_file_ref idref="fl-b"/>
      </object_component>
      <object_component id="oc-98">
         <name>.debug_line</name>
         <load_address>0x12c9</load_address>
         <run_address>0x12c9</run_address>
         <size>0x7e0</size>
         <input_file_ref idref="fl-b"/>
      </object_component>
      <object_component id="oc-1d2">
         <name>.debug_line</name>
         <load_address>0x1aa9</load_address>
         <run_address>0x1aa9</run_address>
         <size>0x35</size>
         <input_file_ref idref="fl-b"/>
      </object_component>
      <object_component id="oc-10a">
         <name>.debug_line</name>
         <load_address>0x1ade</load_address>
         <run_address>0x1ade</run_address>
         <size>0x35</size>
         <input_file_ref idref="fl-b"/>
      </object_component>
      <object_component id="oc-8e">
         <name>.debug_line</name>
         <load_address>0x1b13</load_address>
         <run_address>0x1b13</run_address>
         <size>0x65</size>
         <input_file_ref idref="fl-c"/>
      </object_component>
      <object_component id="oc-1f0">
         <name>.debug_line</name>
         <load_address>0x1b78</load_address>
         <run_address>0x1b78</run_address>
         <size>0x65</size>
         <input_file_ref idref="fl-d"/>
      </object_component>
      <object_component id="oc-1e0">
         <name>.debug_line</name>
         <load_address>0x1bdd</load_address>
         <run_address>0x1bdd</run_address>
         <size>0x35</size>
         <input_file_ref idref="fl-d"/>
      </object_component>
      <object_component id="oc-1e2">
         <name>.debug_line</name>
         <load_address>0x1c12</load_address>
         <run_address>0x1c12</run_address>
         <size>0x35</size>
         <input_file_ref idref="fl-d"/>
      </object_component>
      <object_component id="oc-1ec">
         <name>.debug_line</name>
         <load_address>0x1c47</load_address>
         <run_address>0x1c47</run_address>
         <size>0x35</size>
         <input_file_ref idref="fl-d"/>
      </object_component>
      <object_component id="oc-1ee">
         <name>.debug_line</name>
         <load_address>0x1c7c</load_address>
         <run_address>0x1c7c</run_address>
         <size>0x35</size>
         <input_file_ref idref="fl-d"/>
      </object_component>
      <object_component id="oc-1ea">
         <name>.debug_line</name>
         <load_address>0x1cb1</load_address>
         <run_address>0x1cb1</run_address>
         <size>0x35</size>
         <input_file_ref idref="fl-d"/>
      </object_component>
      <object_component id="oc-1e8">
         <name>.debug_line</name>
         <load_address>0x1ce6</load_address>
         <run_address>0x1ce6</run_address>
         <size>0x35</size>
         <input_file_ref idref="fl-d"/>
      </object_component>
      <object_component id="oc-1e4">
         <name>.debug_line</name>
         <load_address>0x1d1b</load_address>
         <run_address>0x1d1b</run_address>
         <size>0x35</size>
         <input_file_ref idref="fl-d"/>
      </object_component>
      <object_component id="oc-1e6">
         <name>.debug_line</name>
         <load_address>0x1d50</load_address>
         <run_address>0x1d50</run_address>
         <size>0x35</size>
         <input_file_ref idref="fl-d"/>
      </object_component>
      <object_component id="oc-9e">
         <name>.debug_line</name>
         <load_address>0x1d85</load_address>
         <run_address>0x1d85</run_address>
         <size>0x9c8</size>
         <input_file_ref idref="fl-d"/>
      </object_component>
      <object_component id="oc-13e">
         <name>.debug_line</name>
         <load_address>0x274d</load_address>
         <run_address>0x274d</run_address>
         <size>0x34</size>
         <input_file_ref idref="fl-d"/>
      </object_component>
      <object_component id="oc-1f9">
         <name>.debug_line</name>
         <load_address>0x2781</load_address>
         <run_address>0x2781</run_address>
         <size>0x35</size>
         <input_file_ref idref="fl-d"/>
      </object_component>
      <object_component id="oc-2f1">
         <name>.debug_line</name>
         <load_address>0x27b6</load_address>
         <run_address>0x27b6</run_address>
         <size>0xc3</size>
         <input_file_ref idref="fl-f"/>
      </object_component>
      <object_component id="oc-2d3">
         <name>.debug_line</name>
         <load_address>0x2879</load_address>
         <run_address>0x2879</run_address>
         <size>0x32</size>
         <input_file_ref idref="fl-f"/>
      </object_component>
      <object_component id="oc-176">
         <name>.debug_line</name>
         <load_address>0x28ab</load_address>
         <run_address>0x28ab</run_address>
         <size>0xab</size>
         <input_file_ref idref="fl-f"/>
      </object_component>
      <object_component id="oc-23">
         <name>.debug_line</name>
         <load_address>0x2956</load_address>
         <run_address>0x2956</run_address>
         <size>0x88</size>
         <input_file_ref idref="fl-c9"/>
      </object_component>
      <object_component id="oc-6a">
         <name>.debug_line</name>
         <load_address>0x29de</load_address>
         <run_address>0x29de</run_address>
         <size>0x79</size>
         <input_file_ref idref="fl-ca"/>
      </object_component>
      <object_component id="oc-91">
         <name>.debug_line</name>
         <load_address>0x2a57</load_address>
         <run_address>0x2a57</run_address>
         <size>0x9e</size>
         <input_file_ref idref="fl-cb"/>
      </object_component>
      <object_component id="oc-32">
         <name>.debug_line</name>
         <load_address>0x2af5</load_address>
         <run_address>0x2af5</run_address>
         <size>0x4f</size>
         <input_file_ref idref="fl-cb"/>
      </object_component>
      <object_component id="oc-63">
         <name>.debug_line</name>
         <load_address>0x2b44</load_address>
         <run_address>0x2b44</run_address>
         <size>0x34</size>
         <input_file_ref idref="fl-cb"/>
      </object_component>
      <object_component id="oc-5e">
         <name>.debug_line</name>
         <load_address>0x2b78</load_address>
         <run_address>0x2b78</run_address>
         <size>0x20</size>
         <input_file_ref idref="fl-cc"/>
      </object_component>
      <object_component id="oc-d">
         <name>.debug_line</name>
         <load_address>0x2b98</load_address>
         <run_address>0x2b98</run_address>
         <size>0x55</size>
         <input_file_ref idref="fl-cc"/>
      </object_component>
      <object_component id="oc-28">
         <name>.debug_line</name>
         <load_address>0x2bed</load_address>
         <run_address>0x2bed</run_address>
         <size>0x3a</size>
         <input_file_ref idref="fl-cc"/>
      </object_component>
      <object_component id="oc-5b">
         <name>.debug_line</name>
         <load_address>0x2c27</load_address>
         <run_address>0x2c27</run_address>
         <size>0x8a</size>
         <input_file_ref idref="fl-cc"/>
      </object_component>
      <object_component id="oc-8a">
         <name>.debug_line</name>
         <load_address>0x2cb1</load_address>
         <run_address>0x2cb1</run_address>
         <size>0x20</size>
         <input_file_ref idref="fl-cd"/>
      </object_component>
      <object_component id="oc-7">
         <name>.debug_line</name>
         <load_address>0x2cd1</load_address>
         <run_address>0x2cd1</run_address>
         <size>0xa9</size>
         <input_file_ref idref="fl-cd"/>
      </object_component>
      <object_component id="oc-18">
         <name>.debug_line</name>
         <load_address>0x2d7a</load_address>
         <run_address>0x2d7a</run_address>
         <size>0x3a</size>
         <input_file_ref idref="fl-cd"/>
      </object_component>
      <object_component id="oc-87">
         <name>.debug_line</name>
         <load_address>0x2db4</load_address>
         <run_address>0x2db4</run_address>
         <size>0x92</size>
         <input_file_ref idref="fl-cd"/>
      </object_component>
      <object_component id="oc-54">
         <name>.debug_line</name>
         <load_address>0x2e46</load_address>
         <run_address>0x2e46</run_address>
         <size>0x8e</size>
         <input_file_ref idref="fl-cd"/>
      </object_component>
      <object_component id="oc-50">
         <name>.debug_line</name>
         <load_address>0x2ed4</load_address>
         <run_address>0x2ed4</run_address>
         <size>0x33</size>
         <input_file_ref idref="fl-ce"/>
      </object_component>
      <object_component id="oc-3f">
         <name>.debug_line</name>
         <load_address>0x2f07</load_address>
         <run_address>0x2f07</run_address>
         <size>0x56</size>
         <input_file_ref idref="fl-ce"/>
      </object_component>
      <object_component id="oc-b3">
         <name>.debug_line</name>
         <load_address>0x2f5d</load_address>
         <run_address>0x2f5d</run_address>
         <size>0x3c</size>
         <input_file_ref idref="fl-cf"/>
      </object_component>
      <object_component id="oc-267">
         <name>.debug_line</name>
         <load_address>0x2f99</load_address>
         <run_address>0x2f99</run_address>
         <size>0xb7</size>
         <input_file_ref idref="fl-d2"/>
      </object_component>
      <object_component id="oc-bf">
         <name>.debug_line</name>
         <load_address>0x3050</load_address>
         <run_address>0x3050</run_address>
         <size>0x6c</size>
         <input_file_ref idref="fl-d2"/>
      </object_component>
      <object_component id="oc-26b">
         <name>.debug_line</name>
         <load_address>0x30bc</load_address>
         <run_address>0x30bc</run_address>
         <size>0x2e</size>
         <input_file_ref idref="fl-d2"/>
      </object_component>
      <object_component id="oc-2db">
         <name>.debug_line</name>
         <load_address>0x30ea</load_address>
         <run_address>0x30ea</run_address>
         <size>0x92</size>
         <input_file_ref idref="fl-d2"/>
      </object_component>
      <object_component id="oc-270">
         <name>.debug_line</name>
         <load_address>0x317c</load_address>
         <run_address>0x317c</run_address>
         <size>0x8f</size>
         <input_file_ref idref="fl-d2"/>
      </object_component>
      <object_component id="oc-275">
         <name>.debug_line</name>
         <load_address>0x320b</load_address>
         <run_address>0x320b</run_address>
         <size>0x8b</size>
         <input_file_ref idref="fl-d2"/>
      </object_component>
      <object_component id="oc-6d">
         <name>.debug_line</name>
         <load_address>0x3296</load_address>
         <run_address>0x3296</run_address>
         <size>0x40</size>
         <input_file_ref idref="fl-d3"/>
      </object_component>
      <object_component id="oc-2e9">
         <name>.debug_line</name>
         <load_address>0x32d6</load_address>
         <run_address>0x32d6</run_address>
         <size>0x82</size>
         <input_file_ref idref="fl-d5"/>
      </object_component>
      <object_component id="oc-2ed">
         <name>.debug_line</name>
         <load_address>0x3358</load_address>
         <run_address>0x3358</run_address>
         <size>0x7c</size>
         <input_file_ref idref="fl-d5"/>
      </object_component>
      <object_component id="oc-242">
         <name>.debug_line</name>
         <load_address>0x33d4</load_address>
         <run_address>0x33d4</run_address>
         <size>0xb2</size>
         <input_file_ref idref="fl-d5"/>
      </object_component>
      <object_component id="oc-2c0">
         <name>.debug_line</name>
         <load_address>0x3486</load_address>
         <run_address>0x3486</run_address>
         <size>0xa2</size>
         <input_file_ref idref="fl-d5"/>
      </object_component>
      <object_component id="oc-23c">
         <name>.debug_line</name>
         <load_address>0x3528</load_address>
         <run_address>0x3528</run_address>
         <size>0x131</size>
         <input_file_ref idref="fl-d5"/>
      </object_component>
      <object_component id="oc-2cd">
         <name>.debug_line</name>
         <load_address>0x3659</load_address>
         <run_address>0x3659</run_address>
         <size>0xa5</size>
         <input_file_ref idref="fl-d5"/>
      </object_component>
      <object_component id="oc-248">
         <name>.debug_line</name>
         <load_address>0x36fe</load_address>
         <run_address>0x36fe</run_address>
         <size>0x10e</size>
         <input_file_ref idref="fl-d5"/>
      </object_component>
      <object_component id="oc-227">
         <name>.debug_line</name>
         <load_address>0x380c</load_address>
         <run_address>0x380c</run_address>
         <size>0xa9</size>
         <input_file_ref idref="fl-d5"/>
      </object_component>
      <object_component id="oc-239">
         <name>.debug_line</name>
         <load_address>0x38b5</load_address>
         <run_address>0x38b5</run_address>
         <size>0x91</size>
         <input_file_ref idref="fl-d5"/>
      </object_component>
      <object_component id="oc-233">
         <name>.debug_line</name>
         <load_address>0x3946</load_address>
         <run_address>0x3946</run_address>
         <size>0xd0</size>
         <input_file_ref idref="fl-d5"/>
      </object_component>
      <object_component id="oc-2c8">
         <name>.debug_line</name>
         <load_address>0x3a16</load_address>
         <run_address>0x3a16</run_address>
         <size>0x7c</size>
         <input_file_ref idref="fl-d5"/>
      </object_component>
      <object_component id="oc-1ff">
         <name>.debug_line</name>
         <load_address>0x3a92</load_address>
         <run_address>0x3a92</run_address>
         <size>0x69</size>
         <input_file_ref idref="fl-d5"/>
      </object_component>
      <object_component id="oc-2ad">
         <name>.debug_line</name>
[...]
         <name>vCoRoutineAddToDelayedList</name>
         <value>0x6ded</value>
         <object_component_ref idref="oc-100"/>
      </symbol>
      <symbol id="sm-11a">
         <name>xCoRoutineRemoveFromEventList</name>
         <value>0x706d</value>
         <object_component_ref idref="oc-100"/>
      </symbol>
      <symbol id="sm-11b">
         <name>pxCurrentCoRoutine</name>
         <value>0x81e0</value>
         <object_component_ref idref="oc-1b4"/>
      </symbol>
      <symbol id="sm-11c">
         <name>vCoRoutineSchedule</name>
         <value>0x6f93</value>
         <object_component_ref idref="oc-100"/>
      </symbol>
      <symbol id="sm-15f">
         <name>vPortInitialiseBlocks</name>
         <value>0x7beb</value>
         <object_component_ref idref="oc-fa"/>
      </symbol>
      <symbol id="sm-160">
         <name>xPortGetFreeHeapSize</name>
         <value>0x7bf3</value>
         <object_component_ref idref="oc-fa"/>
      </symbol>
      <symbol id="sm-161">
         <name>pvPortMalloc</name>
         <value>0x7b71</value>
         <object_component_ref idref="oc-fa"/>
      </symbol>
      <symbol id="sm-162">
         <name>vPortFree</name>
         <value>0x7be1</value>
         <object_component_ref idref="oc-fa"/>
      </symbol>
      <symbol id="sm-178">
         <name>uxListRemove</name>
         <value>0x755f</value>
         <object_component_ref idref="oc-f4"/>
      </symbol>
      <symbol id="sm-179">
         <name>vListInsert</name>
         <value>0x74f1</value>
         <object_component_ref idref="oc-f4"/>
      </symbol>
      <symbol id="sm-17a">
         <name>vListInitialiseItem</name>
         <value>0x74a5</value>
         <object_component_ref idref="oc-f4"/>
      </symbol>
      <symbol id="sm-17b">
         <name>vListInsertEnd</name>
         <value>0x74b5</value>
         <object_component_ref idref="oc-f4"/>
      </symbol>
      <symbol id="sm-17c">
         <name>vListInitialise</name>
         <value>0x7475</value>
         <object_component_ref idref="oc-f4"/>
      </symbol>
      <symbol id="sm-1ac">
         <name>ulMaxSyscallInterruptPriority</name>
         <value>0x81a8</value>
         <object_component_ref idref="oc-279"/>
      </symbol>
      <symbol id="sm-1ad">
         <name>vPortSetupTimerInterrupt</name>
         <value>0x71cf</value>
         <object_component_ref idref="oc-ee"/>
      </symbol>
      <symbol id="sm-1ae">
         <name>vPortEndScheduler</name>
         <value>0x7171</value>
         <object_component_ref idref="oc-ee"/>
      </symbol>
      <symbol id="sm-1af">
         <name>xPortSysTickHandler</name>
         <value>0x71a9</value>
         <object_component_ref idref="oc-ee"/>
      </symbol>
      <symbol id="sm-1b0">
         <name>pxPortInitialiseStack</name>
         <value>0x70d1</value>
         <object_component_ref idref="oc-ee"/>
      </symbol>
      <symbol id="sm-1b1">
         <name>vPortExitCritical</name>
         <value>0x7193</value>
         <object_component_ref idref="oc-ee"/>
      </symbol>
      <symbol id="sm-1b2">
         <name>xPortStartScheduler</name>
         <value>0x713b</value>
         <object_component_ref idref="oc-ee"/>
      </symbol>
      <symbol id="sm-1b3">
         <name>vPortEnterCritical</name>
         <value>0x7173</value>
         <object_component_ref idref="oc-ee"/>
      </symbol>
      <symbol id="sm-1c2">
         <name>vPortStartFirstTask</name>
         <value>0x7a85</value>
         <object_component_ref idref="oc-1a0"/>
      </symbol>
      <symbol id="sm-1c3">
         <name>ulPortGetIPSR</name>
         <value>0x79ed</value>
         <object_component_ref idref="oc-1a0"/>
      </symbol>
      <symbol id="sm-1c4">
         <name>vPortEnableVFP</name>
         <value>0x7aa9</value>
         <object_component_ref idref="oc-1a0"/>
      </symbol>
      <symbol id="sm-1c5">
         <name>xPortPendSVHandler</name>
         <value>0x7a05</value>
         <object_component_ref idref="oc-1a0"/>
      </symbol>
      <symbol id="sm-1c6">
         <name>vPortSVCHandler</name>
         <value>0x7a65</value>
         <object_component_ref idref="oc-1a0"/>
      </symbol>
      <symbol id="sm-283">
         <name>xQueuePeekFromISR</name>
         <value>0x6815</value>
         <object_component_ref idref="oc-94"/>
      </symbol>
      <symbol id="sm-284">
         <name>xQueueIsQueueEmptyFromISR</name>
         <value>0x6a79</value>
         <object_component_ref idref="oc-94"/>
      </symbol>
      <symbol id="sm-285">
         <name>xQueueGenericSendFromISR</name>
         <value>0x631d</value>
         <object_component_ref idref="oc-94"/>
      </symbol>
      <symbol id="sm-286">
         <name>uxQueueMessagesWaiting</name>
         <value>0x6867</value>
         <object_component_ref idref="oc-94"/>
      </symbol>
      <symbol id="sm-287">
         <name>xQueueCRReceiveFromISR</name>
         <value>0x6cb7</value>
         <object_component_ref idref="oc-94"/>
      </symbol>
      <symbol id="sm-288">
         <name>xQueueIsQueueFullFromISR</name>
         <value>0x6abf</value>
         <object_component_ref idref="oc-94"/>
      </symbol>
      <symbol id="sm-289">
         <name>xQueueGenericCreate</name>
         <value>0x6161</value>
         <object_component_ref idref="oc-94"/>
      </symbol>
      <symbol id="sm-28a">
         <name>xQueueCRReceive</name>
         <value>0x6b95</value>
         <object_component_ref idref="oc-94"/>
      </symbol>
      <symbol id="sm-28b">
         <name>xQueueGenericSend</name>
         <value>0x620b</value>
         <object_component_ref idref="oc-94"/>
      </symbol>
      <symbol id="sm-28c">
         <name>xQueueGenericReset</name>
         <value>0x60d1</value>
         <object_component_ref idref="oc-94"/>
      </symbol>
      <symbol id="sm-28d">
         <name>xQueueCRSendFromISR</name>
         <value>0x6c6b</value>
         <object_component_ref idref="oc-94"/>
      </symbol>
      <symbol id="sm-28e">
         <name>xQueueReceiveFromISR</name>
         <value>0x677b</value>
         <object_component_ref idref="oc-94"/>
      </symbol>
      <symbol id="sm-28f">
         <name>uxQueueSpacesAvailable</name>
         <value>0x687d</value>
         <object_component_ref idref="oc-94"/>
      </symbol>
      <symbol id="sm-290">
         <name>xQueueSemaphoreTake</name>
         <value>0x6561</value>
         <object_component_ref idref="oc-94"/>
      </symbol>
      <symbol id="sm-291">
         <name>xQueueGiveFromISR</name>
         <value>0x63b9</value>
         <object_component_ref idref="oc-94"/>
      </symbol>
      <symbol id="sm-292">
         <name>uxQueueMessagesWaitingFromISR</name>
         <value>0x689d</value>
         <object_component_ref idref="oc-94"/>
      </symbol>
      <symbol id="sm-293">
         <name>xQueueCreateCountingSemaphore</name>
         <value>0x61eb</value>
         <object_component_ref idref="oc-94"/>
      </symbol>
      <symbol id="sm-294">
         <name>vQueueDelete</name>
         <value>0x68b3</value>
         <object_component_ref idref="oc-94"/>
      </symbol>
      <symbol id="sm-295">
         <name>xQueuePeek</name>
         <value>0x6667</value>
         <object_component_ref idref="oc-94"/>
      </symbol>
      <symbol id="sm-296">
         <name>xQueueReceive</name>
         <value>0x644d</value>
         <object_component_ref idref="oc-94"/>
      </symbol>
      <symbol id="sm-297">
         <name>xQueueCRSend</name>
         <value>0x6ae5</value>
         <object_component_ref idref="oc-94"/>
      </symbol>
      <symbol id="sm-40f">
         <name>vTaskDelay</name>
         <value>0x52f5</value>
         <object_component_ref idref="oc-9a"/>
      </symbol>
      <symbol id="sm-410">
         <name>vTaskSuspendAll</name>
         <value>0x55bd</value>
         <object_component_ref idref="oc-9a"/>
      </symbol>
      <symbol id="sm-411">
         <name>vTaskPlaceOnEventList</name>
         <value>0x587b</value>
         <object_component_ref idref="oc-9a"/>
      </symbol>
      <symbol id="sm-412">
         <name>ulTaskNotifyTake</name>
         <value>0x5bd1</value>
         <object_component_ref idref="oc-9a"/>
      </symbol>
      <symbol id="sm-413">
         <name>pcTaskGetName</name>
         <value>0x56f1</value>
         <object_component_ref idref="oc-9a"/>
      </symbol>
      <symbol id="sm-414">
         <name>xTaskCheckForTimeOut</name>
         <value>0x5a09</value>
         <object_component_ref idref="oc-9a"/>
      </symbol>
      <symbol id="sm-415">
         <name>vTaskRemoveFromUnorderedEventList</name>
         <value>0x5955</value>
         <object_component_ref idref="oc-9a"/>
      </symbol>
      <symbol id="sm-416">
         <name>vTaskStartScheduler</name>
         <value>0x5557</value>
         <object_component_ref idref="oc-9a"/>
      </symbol>
      <symbol id="sm-417">
         <name>vTaskInternalSetTimeOutState</name>
         <value>0x59e3</value>
         <object_component_ref idref="oc-9a"/>
      </symbol>
      <symbol id="sm-418">
         <name>xTaskNotifyStateClear</name>
         <value>0x5fc1</value>
         <object_component_ref idref="oc-9a"/>
      </symbol>
      <symbol id="sm-419">
         <name>xTaskGenericNotify</name>
         <value>0x5d29</value>
         <object_component_ref idref="oc-9a"/>
      </symbol>
      <symbol id="sm-41a">
         <name>xTaskCreate</name>
         <value>0x4fc1</value>
         <object_component_ref idref="oc-9a"/>
      </symbol>
      <symbol id="sm-41b">
         <name>vTaskDelayUntil</name>
         <value>0x5247</value>
         <object_component_ref idref="oc-9a"/>
      </symbol>
      <symbol id="sm-41c">
         <name>vTaskEndScheduler</name>
         <value>0x55a1</value>
         <object_component_ref idref="oc-9a"/>
      </symbol>
      <symbol id="sm-41d">
         <name>xTaskNotifyWait</name>
         <value>0x5c55</value>
         <object_component_ref idref="oc-9a"/>
      </symbol>
      <symbol id="sm-41e">
         <name>vTaskMissedYield</name>
         <value>0x5a95</value>
         <object_component_ref idref="oc-9a"/>
      </symbol>
      <symbol id="sm-41f">
         <name>uxTaskGetNumberOfTasks</name>
         <value>0x56eb</value>
         <object_component_ref idref="oc-9a"/>
      </symbol>
      <symbol id="sm-420">
         <name>xTaskGenericNotifyFromISR</name>
         <value>0x5e0d</value>
         <object_component_ref idref="oc-9a"/>
      </symbol>
      <symbol id="sm-421">
         <name>xTaskResumeAll</name>
         <value>0x55cd</value>
         <object_component_ref idref="oc-9a"/>
      </symbol>
      <symbol id="sm-422">
         <name>xTaskGetTickCount</name>
         <value>0x56a1</value>
         <object_component_ref idref="oc-9a"/>
      </symbol>
      <symbol id="sm-423">
         <name>vTaskDelete</name>
         <value>0x5199</value>
         <object_component_ref idref="oc-9a"/>
      </symbol>
      <symbol id="sm-424">
         <name>pxCurrentTCB</name>
         <value>0x81ac</value>
         <object_component_ref idref="oc-11c"/>
      </symbol>
      <symbol id="sm-425">
         <name>vTaskNotifyGiveFromISR</name>
         <value>0x5f15</value>
         <object_component_ref idref="oc-9a"/>
      </symbol>
      <symbol id="sm-426">
         <name>vTaskSuspend</name>
         <value>0x5339</value>
         <object_component_ref idref="oc-9a"/>
      </symbol>
      <symbol id="sm-427">
         <name>xTaskGetTickCountFromISR</name>
         <value>0x56bd</value>
         <object_component_ref idref="oc-9a"/>
      </symbol>
      <symbol id="sm-428">
         <name>vTaskResume</name>
         <value>0x5461</value>
         <object_component_ref idref="oc-9a"/>
      </symbol>
      <symbol id="sm-429">
         <name>vTaskSetTimeOutState</name>
         <value>0x59c5</value>
         <object_component_ref idref="oc-9a"/>
      </symbol>
      <symbol id="sm-42a">
         <name>xTaskIncrementTick</name>
         <value>0x5715</value>
         <object_component_ref idref="oc-9a"/>
      </symbol>
      <symbol id="sm-42b">
         <name>vTaskSwitchContext</name>
         <value>0x5819</value>
         <object_component_ref idref="oc-9a"/>
      </symbol>
      <symbol id="sm-42c">
         <name>uxTaskResetEventItemValue</name>
         <value>0x5ba1</value>
         <object_component_ref idref="oc-9a"/>
      </symbol>
      <symbol id="sm-42d">
         <name>xTaskResumeFromISR</name>
         <value>0x54d1</value>
         <object_component_ref idref="oc-9a"/>
      </symbol>
      <symbol id="sm-42e">
         <name>vTaskPlaceOnUnorderedEventList</name>
         <value>0x58a1</value>
         <object_component_ref idref="oc-9a"/>
      </symbol>
      <symbol id="sm-42f">
         <name>xTaskRemoveFromEventList</name>
         <value>0x58dd</value>
         <object_component_ref idref="oc-9a"/>
      </symbol>
      <symbol id="sm-453">
         <name>CAN_recieve</name>
         <value>0x7927</value>
         <object_component_ref idref="oc-172"/>
      </symbol>
      <symbol id="sm-454">
         <name>CAN_SEND</name>
         <value>0x7987</value>
         <object_component_ref idref="oc-172"/>
      </symbol>
      <symbol id="sm-455">
         <name>CAN_init1</name>
         <value>0x78d5</value>
         <object_component_ref idref="oc-172"/>
      </symbol>
      <symbol id="sm-470">
         <name>memcpy</name>
         <value>0x7c0d</value>
         <object_component_ref idref="oc-1f"/>
      </symbol>
      <symbol id="sm-471">
         <name>__aeabi_memcpy</name>
         <value>0x7c0d</value>
         <object_component_ref idref="oc-1f"/>
      </symbol>
      <symbol id="sm-472">
         <name>__aeabi_memcpy8</name>
         <value>0x7c0d</value>
         <object_component_ref idref="oc-1f"/>
      </symbol>
      <symbol id="sm-473">
         <name>__aeabi_memcpy4</name>
         <value>0x7c0d</value>
         <object_component_ref idref="oc-1f"/>
      </symbol>
      <symbol id="sm-482">
         <name>__aeabi_memset</name>
         <value>0x7cab</value>
         <object_component_ref idref="oc-66"/>
      </symbol>
      <symbol id="sm-483">
         <name>memset</name>
         <value>0x7cb1</value>
         <object_component_ref idref="oc-66"/>
      </symbol>
      <symbol id="sm-484">
         <name>__aeabi_memset8</name>
         <value>0x7cab</value>
         <object_component_ref idref="oc-66"/>
      </symbol>
      <symbol id="sm-485">
         <name>__aeabi_memset4</name>
         <value>0x7cab</value>
         <object_component_ref idref="oc-66"/>
      </symbol>
      <symbol id="sm-486">
         <name>__aeabi_memclr8</name>
         <value>0x7ca9</value>
         <object_component_ref idref="oc-66"/>
      </symbol>
      <symbol id="sm-487">
         <name>__aeabi_memclr4</name>
         <value>0x7ca9</value>
         <object_component_ref idref="oc-66"/>
      </symbol>
      <symbol id="sm-488">
         <name>__aeabi_memclr</name>
         <value>0x7ca9</value>
         <object_component_ref idref="oc-66"/>
      </symbol>
      <symbol id="sm-49a">
         <name>__TI_zero_init</name>
         <value>0x8055</value>
         <object_component_ref idref="oc-31"/>
      </symbol>
      <symbol id="sm-4b1">
         <name>__TI_decompress_none</name>
         <value>0x8047</value>
         <object_component_ref idref="oc-9"/>
      </symbol>
      <symbol id="sm-4d4">
         <name>__TI_decompress_lzss</name>
         <value>0x7d91</value>
         <object_component_ref idref="oc-3"/>
      </symbol>
      <symbol id="sm-4e7">
         <name>__stack</name>
         <value>0x8200</value>
         <object_component_ref idref="oc-11"/>
      </symbol>
      <symbol id="sm-4e8">
         <name>_c_int00_noargs</name>
         <value>0x7f39</value>
         <object_component_ref idref="oc-3d"/>
      </symbol>
      <symbol id="sm-4f3">
         <name>C$$EXIT</name>
         <value>0x8075</value>
         <object_component_ref idref="oc-b0"/>
      </symbol>
      <symbol id="sm-4f4">
         <name>abort</name>
         <value>0x8075</value>
         <object_component_ref idref="oc-b0"/>
      </symbol>
      <symbol id="sm-51e">
         <name>__TI_auto_init_nobinit_nopinit</name>
         <value>0x7e41</value>
         <object_component_ref idref="oc-bc"/>
      </symbol>
      <symbol id="sm-528">
         <name>_system_pre_init</name>
         <value>0x8071</value>
         <object_component_ref idref="oc-6c"/>
      </symbol>
      <symbol id="sm-5b3">
         <name>CANMessageGet</name>
         <value>0x76b9</value>
         <object_component_ref idref="oc-246"/>
      </symbol>
      <symbol id="sm-5b4">
         <name>CANBitRateSet</name>
         <value>0x7d25</value>
         <object_component_ref idref="oc-22e"/>
      </symbol>
      <symbol id="sm-5b5">
         <name>CANEnable</name>
         <value>0x8061</value>
         <object_component_ref idref="oc-234"/>
      </symbol>
      <symbol id="sm-5b6">
         <name>CANStatusGet</name>
         <value>0x7e85</value>
         <object_component_ref idref="oc-240"/>
      </symbol>
      <symbol id="sm-5b7">
         <name>CANMessageSet</name>
         <value>0x720d</value>
         <object_component_ref idref="oc-23a"/>
      </symbol>
      <symbol id="sm-5b8">
         <name>CANInit</name>
         <value>0x7ec5</value>
         <object_component_ref idref="oc-222"/>
      </symbol>
      <symbol id="sm-5fa">
         <name>GPIOPinConfigure</name>
         <value>0x7df9</value>
         <object_component_ref idref="oc-21c"/>
      </symbol>
      <symbol id="sm-5fb">
         <name>GPIOPinTypeGPIOOutput</name>
         <value>0x801d</value>
         <object_component_ref idref="oc-16c"/>
      </symbol>
      <symbol id="sm-5fc">
         <name>GPIODirModeSet</name>
         <value>0x7fa5</value>
         <object_component_ref idref="oc-20e"/>
      </symbol>
      <symbol id="sm-5fd">
         <name>GPIOPinWrite</name>
         <value>0x806b</value>
         <object_component_ref idref="oc-178"/>
      </symbol>
      <symbol id="sm-5fe">
         <name>GPIOPadConfigSet</name>
         <value>0x7343</value>
         <object_component_ref idref="oc-208"/>
      </symbol>
      <symbol id="sm-5ff">
         <name>GPIOPinTypeCAN</name>
         <value>0x8035</value>
         <object_component_ref idref="oc-216"/>
      </symbol>
      <symbol id="sm-645">
         <name>SysCtlPeripheralEnable</name>
         <value>0x7f71</value>
         <object_component_ref idref="oc-160"/>
      </symbol>
      <symbol id="sm-646">
         <name>SysCtlClockGet</name>
         <value>0x75a9</value>
         <object_component_ref idref="oc-228"/>
      </symbol>
      <symbol id="sm-647">
         <name>SysCtlPeripheralReady</name>
         <value>0x7f01</value>
         <object_component_ref idref="oc-166"/>
      </symbol>
      <symbol id="sm-649">
         <name>__TI_static_base__</name>
         <value>0x8400</value>
      </symbol>
      <symbol id="sm-64c">
         <name>__mpu_init</name>
         <value>0x0</value>
      </symbol>
      <symbol id="sm-64d">
         <name>_system_post_cinit</name>
         <value>0x0</value>
      </symbol>
   </symbol_table>
   <title>Link successful</title>
</link_info>
