******************************************************************************
                  TI ARM Linker PC v18.1.1                     
******************************************************************************
>> Linked Thu Jul  4 21:19:52 2019

OUTPUT FILE NAME:   <tiva1.out>
ENTRY POINT SYMBOL: "_c_int00_noargs"  address: 00007f39


MEMORY CONFIGURATION

         name            origin    length      used     unused   attr    fill
----------------------  --------  ---------  --------  --------  ----  --------
  RAM                   00000020   ffffffe0  00008414  ffff7bcc  RWIX


SEGMENT ALLOCATION MAP

run origin  load origin   length   init length attrs members
----------  ----------- ---------- ----------- ----- -------
00000020    00000020    00004fa0   00000000    rw-
  00000020    00000020    00004fa0   00000000    rw- .bss
00004fc0    00004fc0    000031ec   000031ec    r-x
  00004fc0    00004fc0    000030b8   000030b8    r-x .text
  00008078    00008078    00000134   00000134    r-- .const
000081ac    000081ac    00000050   00000000    rw-
  000081ac    000081ac    00000050   00000000    rw- .data
00008200    00008200    00000200   00000000    rw-
  00008200    00008200    00000200   00000000    rw- .stack
00008400    00008400    00000038   00000038    r--
  00008400    00008400    00000038   00000038    r-- .cinit


SECTION ALLOCATION MAP

 output                                  attributes/
section   page    origin      length       input sections
--------  ----  ----------  ----------   ----------------
.bss       0    00000020    00004fa0     UNINITIALIZED
                  00000020    00004e20     heap_1.obj (.bss:ucHeap)
                  00004e40    000000a0     tasks.obj (.bss:pxReadyTasksLists)
                  00004ee0    00000028     croutine.obj (.bss:pxReadyCoRoutineLists)
                  00004f08    00000014     croutine.obj (.bss:xDelayedCoRoutineList1)
                  00004f1c    00000014     croutine.obj (.bss:xDelayedCoRoutineList2)
                  00004f30    00000014     tasks.obj (.bss:xDelayedTaskList1)
                  00004f44    00000014     tasks.obj (.bss:xDelayedTaskList2)
                  00004f58    00000014     croutine.obj (.bss:xPendingReadyCoRoutineList)
                  00004f6c    00000014     tasks.obj (.bss:xPendingReadyList)
                  00004f80    00000014     tasks.obj (.bss:xSuspendedTaskList)
                  00004f94    00000014     tasks.obj (.bss:xTasksWaitingTermination)
                  00004fa8    00000008     croutine.obj (.bss)
                  00004fb0    00000008     tasks.obj (.bss)
                  00004fb8    00000004     (.common:Key_Semaphore)
                  00004fbc    00000004     (.common:Key_Semaphore2)

.text      0    00004fc0    000030b8     
                  00004fc0    00001110     tasks.obj (.text)
                  000060d0    00000c6a     queue.obj (.text)
                  00006d3a    00000002     --HOLE-- [fill = 0]
                  00006d3c    00000394     croutine.obj (.text)
                  000070d0    0000013c     port.obj (.text)
                  0000720c    00000136     driverlib.lib : can.obj (.text:CANMessageSet)
                  00007342    00000132                   : gpio.obj (.text:GPIOPadConfigSet)
                  00007474    00000132     list.obj (.text)
                  000075a6    00000002     --HOLE-- [fill = 0]
                  000075a8    00000110     driverlib.lib : sysctl.obj (.text:SysCtlClockGet)
                  000076b8    0000010e                   : can.obj (.text:CANMessageGet)
                  000077c6    00000002     --HOLE-- [fill = 0]
                  000077c8    0000010c     User_tasks.obj (.text)
                  000078d4    00000108     can1.obj (.text)
                  000079dc    000000da     portasm.obj (.text)
                  00007ab6    00000002     --HOLE-- [fill = 0]
                  00007ab8    000000b8     main.obj (.text)
                  00007b70    0000009c     heap_1.obj (.text)
                  00007c0c    0000009c     rtsv7M4_T_le_v4SPD16_eabi.lib : memcpy_t2.asm.obj (.text)
                  00007ca8    0000007a                                   : memset_t2.asm.obj (.text)
                  00007d22    00000002     --HOLE-- [fill = 0]
                  00007d24    0000006c     driverlib.lib : can.obj (.text:CANBitRateSet)
                  00007d90    00000068     rtsv7M4_T_le_v4SPD16_eabi.lib : copy_decompress_lzss.c.obj (.text:decompress:lzss:__TI_decompress_lzss)
                  00007df8    00000048     driverlib.lib : gpio.obj (.text:GPIOPinConfigure)
                  00007e40    00000044     rtsv7M4_T_le_v4SPD16_eabi.lib : autoinit.c.obj (.text:__TI_auto_init_nobinit_nopinit:__TI_auto_init_nobinit_nopinit)
                  00007e84    00000040     driverlib.lib : can.obj (.text:CANStatusGet)
                  00007ec4    0000003a                   : can.obj (.text:CANInit)
                  00007efe    00000002     --HOLE-- [fill = 0]
                  00007f00    00000038                   : sysctl.obj (.text:SysCtlPeripheralReady)
                  00007f38    00000038     rtsv7M4_T_le_v4SPD16_eabi.lib : boot_cortex_m.c.obj (.text:_c_int00_noargs:_c_int00_noargs)
                  00007f70    00000034     driverlib.lib : sysctl.obj (.text:SysCtlPeripheralEnable)
                  00007fa4    0000002a                   : gpio.obj (.text:GPIODirModeSet)
                  00007fce    0000002a                   : can.obj (.text:_CANDataRegRead)
                  00007ff8    00000024                   : can.obj (.text:_CANDataRegWrite)
                  0000801c    00000018                   : gpio.obj (.text:GPIOPinTypeGPIOOutput)
                  00008034    00000012                   : gpio.obj (.text:GPIOPinTypeCAN)
                  00008046    0000000e     rtsv7M4_T_le_v4SPD16_eabi.lib : copy_decompress_none.c.obj (.text:decompress:none:__TI_decompress_none)
                  00008054    0000000c                                   : copy_zero_init.c.obj (.text:decompress:ZI:__TI_zero_init)
                  00008060    0000000a     driverlib.lib : can.obj (.text:CANEnable)
                  0000806a    00000006                   : gpio.obj (.text:GPIOPinWrite)
                  00008070    00000004     rtsv7M4_T_le_v4SPD16_eabi.lib : pre_init.c.obj (.text:_system_pre_init)
                  00008074    00000004                                   : exit.c.obj (.text:abort:abort)

.const     0    00008078    00000134     
                  00008078    00000090     driverlib.lib : gpio.obj (.const:g_pui32GPIOBaseAddrs)
                  00008108    0000006c                   : sysctl.obj (.const:g_pui32Xtals)
                  00008174    00000020                   : can.obj (.const)
                  00008194    00000014     can1.obj (.const:$P$T0$1)
                  000081a8    00000004     port.obj (.const)

.data      0    000081ac    00000050     UNINITIALIZED
                  000081ac    00000034     tasks.obj (.data)
                  000081e0    0000000e     croutine.obj (.data)
                  000081ee    00000002     --HOLE--
                  000081f0    00000008     heap_1.obj (.data)
                  000081f8    00000004     port.obj (.data)

.cinit     0    00008400    00000038     
                  00008400    00000014     (.cinit..data.load) [load image, compression = lzss]
                  00008414    0000000c     (__TI_handler_table)
                  00008420    00000008     (.cinit..bss.load) [load image, compression = zero_init]
                  00008428    00000010     (__TI_cinit_table)

.init_array 
*          0    00000020    00000000     UNINITIALIZED

.stack     0    00008200    00000200     UNINITIALIZED
                  00008200    00000004     rtsv7M4_T_le_v4SPD16_eabi.lib : boot_cortex_m.c.obj (.stack)
                  00008204    000001fc     --HOLE--

MODULE SUMMARY

       Module                       code    ro data   rw data
       ------                       ----    -------   -------
    .\
       main.obj                     184     0         8      
    +--+----------------------------+-------+---------+---------+
       Total:                       184     0         8      
                                                             
    .\HAL\
       User_tasks.obj               268     0         0      
    +--+----------------------------+-------+---------+---------+
       Total:                       268     0         0      
                                                             
    .\Kernal\
       heap_1.obj                   156     0         20008  
       tasks.obj                    4368    0         320    
       queue.obj                    3178    0         0      
       croutine.obj                 916     0         122    
       port.obj                     316     4         4      
       list.obj                     306     0         0      
       portasm.obj                  218     0         0      
    +--+----------------------------+-------+---------+---------+
       Total:                       9458    4         20454  
                                                             
    .\MCAL\
       can1.obj                     264     20        0      
    +--+----------------------------+-------+---------+---------+
       Total:                       264     20        0      
                                                             
    C:/ti/TivaWare_C_Series-2.1.4.178/driverlib/ccs/Debug/driverlib.lib
       can.obj                      898     32        0      
       gpio.obj                     468     144       0      
       sysctl.obj                   380     108       0      
    +--+----------------------------+-------+---------+---------+
       Total:                       1746    284       0      
                                                             
    C:\ti\ccsv8\tools\compiler\ti-cgt-arm_18.1.1.LTS\lib\rtsv7M4_T_le_v4SPD16_eabi.lib
       memcpy_t2.asm.obj            156     0         0      
       memset_t2.asm.obj            122     0         0      
       copy_decompress_lzss.c.obj   104     0         0      
       autoinit.c.obj               68      0         0      
       boot_cortex_m.c.obj          56      0         0      
       copy_decompress_none.c.obj   14      0         0      
       copy_zero_init.c.obj         12      0         0      
       exit.c.obj                   4       0         0      
       pre_init.c.obj               4       0         0      
    +--+----------------------------+-------+---------+---------+
       Total:                       540     0         0      
                                                             
       Stack:                       0       0         512    
       Linker Generated:            0       56        0      
    +--+----------------------------+-------+---------+---------+
       Grand Total:                 12460   364       20974  


LINKER GENERATED COPY TABLES

__TI_cinit_table @ 00008428 records: 2, size/record: 8, table size: 16
	.data: load addr=00008400, load size=00000014 bytes, run addr=000081ac, run size=00000050 bytes, compression=lzss
	.bss: load addr=00008420, load size=00000008 bytes, run addr=00000020, run size=00004fa0 bytes, compression=zero_init


LINKER GENERATED HANDLER TABLE

__TI_handler_table @ 00008414 records: 3, size/record: 4, table size: 12
	index: 0, handler: __TI_decompress_lzss
	index: 1, handler: __TI_decompress_none
	index: 2, handler: __TI_zero_init


GLOBAL SYMBOLS: SORTED ALPHABETICALLY BY Name 

address   name                             
-------   ----                             
00008075  C$$EXIT                          
00007d25  CANBitRateSet                    
00008061  CANEnable                        
00007ec5  CANInit                          
000076b9  CANMessageGet                    
0000720d  CANMessageSet                    
00007e85  CANStatusGet                     
000077f7  CAN_Read                         
00007987  CAN_SEND                         
000078d5  CAN_init1                        
00007927  CAN_recieve                      
00007fa5  GPIODirModeSet                   
00007343  GPIOPadConfigSet                 
00007df9  GPIOPinConfigure                 
00008035  GPIOPinTypeCAN                   
0000801d  GPIOPinTypeGPIOOutput            
0000806b  GPIOPinWrite                     
00004fb8  Key_Semaphore                    
00004fbc  Key_Semaphore2                   
00007847  LEDOn                            
000077c9  Preipherals_Init                 
00007887  SEND_key                         
000075a9  SysCtlClockGet                   
00007f71  SysCtlPeripheralEnable           
00007f01  SysCtlPeripheralReady            
00008400  __STACK_END                      
00000200  __STACK_SIZE                     
00008428  __TI_CINIT_Base                  
00008438  __TI_CINIT_Limit                 
00008414  __TI_Handler_Table_Base          
00008420  __TI_Handler_Table_Limit         
00007e41  __TI_auto_init_nobinit_nopinit   
00007d91  __TI_decompress_lzss             
00008047  __TI_decompress_none             
ffffffff  __TI_pprof_out_hndl              
ffffffff  __TI_prof_data_size              
ffffffff  __TI_prof_data_start             
00008400  __TI_static_base__               
00008055  __TI_zero_init                   
00007ca9  __aeabi_memclr                   
00007ca9  __aeabi_memclr4                  
00007ca9  __aeabi_memclr8                  
00007c0d  __aeabi_memcpy                   
00007c0d  __aeabi_memcpy4                  
00007c0d  __aeabi_memcpy8                  
00007cab  __aeabi_memset                   
00007cab  __aeabi_memset4                  
00007cab  __aeabi_memset8                  
ffffffff  __binit__                        
ffffffff  __c_args__                       
UNDEFED   __mpu_init                       
00008200  __stack                          
00007f39  _c_int00_noargs                  
UNDEFED   _system_post_cinit               
00008071  _system_pre_init                 
00008075  abort                            
ffffffff  binit                            
00007ab9  main                             
00007c0d  memcpy                           
00007cb1  memset                           
000056f1  pcTaskGetName                    
00007b71  pvPortMalloc                     
000081e0  pxCurrentCoRoutine               
000081ac  pxCurrentTCB                     
000070d1  pxPortInitialiseStack            
000081a8  ulMaxSyscallInterruptPriority    
000079ed  ulPortGetIPSR                    
00005bd1  ulTaskNotifyTake                 
0000755f  uxListRemove                     
00006867  uxQueueMessagesWaiting           
0000689d  uxQueueMessagesWaitingFromISR    
0000687d  uxQueueSpacesAvailable           
000056eb  uxTaskGetNumberOfTasks           
00005ba1  uxTaskResetEventItemValue        
00006ded  vCoRoutineAddToDelayedList       
00006f93  vCoRoutineSchedule               
00007475  vListInitialise                  
000074a5  vListInitialiseItem              
000074f1  vListInsert                      
000074b5  vListInsertEnd                   
00007aa9  vPortEnableVFP                   
00007171  vPortEndScheduler                
00007173  vPortEnterCritical               
00007193  vPortExitCritical                
00007be1  vPortFree                        
00007beb  vPortInitialiseBlocks            
00007a65  vPortSVCHandler                  
000071cf  vPortSetupTimerInterrupt         
00007a85  vPortStartFirstTask              
000068b3  vQueueDelete                     
000052f5  vTaskDelay                       
00005247  vTaskDelayUntil                  
00005199  vTaskDelete                      
000055a1  vTaskEndScheduler                
000059e3  vTaskInternalSetTimeOutState     
00005a95  vTaskMissedYield                 
00005f15  vTaskNotifyGiveFromISR           
0000587b  vTaskPlaceOnEventList            
000058a1  vTaskPlaceOnUnorderedEventList   
00005955  vTaskRemoveFromUnorderedEventList
00005461  vTaskResume                      
000059c5  vTaskSetTimeOutState             
00005557  vTaskStartScheduler              
00005339  vTaskSuspend                     
000055bd  vTaskSuspendAll                  
00005819  vTaskSwitchContext               
00006d3d  xCoRoutineCreate                 
0000706d  xCoRoutineRemoveFromEventList    
00007bf3  xPortGetFreeHeapSize             
00007a05  xPortPendSVHandler               
0000713b  xPortStartScheduler              
000071a9  xPortSysTickHandler              
00006b95  xQueueCRReceive                  
00006cb7  xQueueCRReceiveFromISR           
00006ae5  xQueueCRSend                     
00006c6b  xQueueCRSendFromISR              
000061eb  xQueueCreateCountingSemaphore    
00006161  xQueueGenericCreate              
000060d1  xQueueGenericReset               
0000620b  xQueueGenericSend                
0000631d  xQueueGenericSendFromISR         
000063b9  xQueueGiveFromISR                
00006a79  xQueueIsQueueEmptyFromISR        
00006abf  xQueueIsQueueFullFromISR         
00006667  xQueuePeek                       
00006815  xQueuePeekFromISR                
0000644d  xQueueReceive                    
0000677b  xQueueReceiveFromISR             
00006561  xQueueSemaphoreTake              
00005a09  xTaskCheckForTimeOut             
00004fc1  xTaskCreate                      
00005d29  xTaskGenericNotify               
00005e0d  xTaskGenericNotifyFromISR        
000056a1  xTaskGetTickCount                
000056bd  xTaskGetTickCountFromISR         
00005715  xTaskIncrementTick               
00005fc1  xTaskNotifyStateClear            
00005c55  xTaskNotifyWait                  
000058dd  xTaskRemoveFromEventList         
000055cd  xTaskResumeAll                   
000054d1  xTaskResumeFromISR               


GLOBAL SYMBOLS: SORTED BY Symbol Address 

address   name                             
-------   ----                             
00000200  __STACK_SIZE                     
00004fb8  Key_Semaphore                    
00004fbc  Key_Semaphore2                   
00004fc1  xTaskCreate                      
00005199  vTaskDelete                      
00005247  vTaskDelayUntil                  
000052f5  vTaskDelay                       
00005339  vTaskSuspend                     
00005461  vTaskResume                      
000054d1  xTaskResumeFromISR               
00005557  vTaskStartScheduler              
000055a1  vTaskEndScheduler                
000055bd  vTaskSuspendAll                  
000055cd  xTaskResumeAll                   
000056a1  xTaskGetTickCount                
000056bd  xTaskGetTickCountFromISR         
000056eb  uxTaskGetNumberOfTasks           
000056f1  pcTaskGetName                    
00005715  xTaskIncrementTick               
00005819  vTaskSwitchContext               
0000587b  vTaskPlaceOnEventList            
000058a1  vTaskPlaceOnUnorderedEventList   
000058dd  xTaskRemoveFromEventList         
00005955  vTaskRemoveFromUnorderedEventList
000059c5  vTaskSetTimeOutState             
000059e3  vTaskInternalSetTimeOutState     
00005a09  xTaskCheckForTimeOut             
00005a95  vTaskMissedYield                 
00005ba1  uxTaskResetEventItemValue        
00005bd1  ulTaskNotifyTake                 
00005c55  xTaskNotifyWait                  
00005d29  xTaskGenericNotify               
00005e0d  xTaskGenericNotifyFromISR        
00005f15  vTaskNotifyGiveFromISR           
00005fc1  xTaskNotifyStateClear            
000060d1  xQueueGenericReset               
00006161  xQueueGenericCreate              
000061eb  xQueueCreateCountingSemaphore    
0000620b  xQueueGenericSend                
0000631d  xQueueGenericSendFromISR         
000063b9  xQueueGiveFromISR                
0000644d  xQueueReceive                    
00006561  xQueueSemaphoreTake              
00006667  xQueuePeek                       
0000677b  xQueueReceiveFromISR             
00006815  xQueuePeekFromISR                
00006867  uxQueueMessagesWaiting           
0000687d  uxQueueSpacesAvailable           
0000689d  uxQueueMessagesWaitingFromISR    
000068b3  vQueueDelete                     
00006a79  xQueueIsQueueEmptyFromISR        
00006abf  xQueueIsQueueFullFromISR         
00006ae5  xQueueCRSend                     
00006b95  xQueueCRReceive                  
00006c6b  xQueueCRSendFromISR              
00006cb7  xQueueCRReceiveFromISR           
00006d3d  xCoRoutineCreate                 
00006ded  vCoRoutineAddToDelayedList       
00006f93  vCoRoutineSchedule               
0000706d  xCoRoutineRemoveFromEventList    
000070d1  pxPortInitialiseStack            
0000713b  xPortStartScheduler              
00007171  vPortEndScheduler                
00007173  vPortEnterCritical               
00007193  vPortExitCritical                
000071a9  xPortSysTickHandler              
000071cf  vPortSetupTimerInterrupt         
0000720d  CANMessageSet                    
00007343  GPIOPadConfigSet                 
00007475  vListInitialise                  
000074a5  vListInitialiseItem              
000074b5  vListInsertEnd                   
000074f1  vListInsert                      
0000755f  uxListRemove                     
000075a9  SysCtlClockGet                   
000076b9  CANMessageGet                    
000077c9  Preipherals_Init                 
000077f7  CAN_Read                         
00007847  LEDOn                            
00007887  SEND_key                         
000078d5  CAN_init1                        
00007927  CAN_recieve                      
00007987  CAN_SEND                         
000079ed  ulPortGetIPSR                    
00007a05  xPortPendSVHandler               
00007a65  vPortSVCHandler                  
00007a85  vPortStartFirstTask              
00007aa9  vPortEnableVFP                   
00007ab9  main                             
00007b71  pvPortMalloc                     
00007be1  vPortFree                        
00007beb  vPortInitialiseBlocks            
00007bf3  xPortGetFreeHeapSize             
00007c0d  __aeabi_memcpy                   
00007c0d  __aeabi_memcpy4                  
00007c0d  __aeabi_memcpy8                  
00007c0d  memcpy                           
00007ca9  __aeabi_memclr                   
00007ca9  __aeabi_memclr4                  
00007ca9  __aeabi_memclr8                  
00007cab  __aeabi_memset                   
00007cab  __aeabi_memset4                  
00007cab  __aeabi_memset8                  
00007cb1  memset                           
00007d25  CANBitRateSet                    
00007d91  __TI_decompress_lzss             
00007df9  GPIOPinConfigure                 
00007e41  __TI_auto_init_nobinit_nopinit   
00007e85  CANStatusGet                     
00007ec5  CANInit                          
00007f01  SysCtlPeripheralReady            
00007f39  _c_int00_noargs                  
00007f71  SysCtlPeripheralEnable           
00007fa5  GPIODirModeSet                   
0000801d  GPIOPinTypeGPIOOutput            
00008035  GPIOPinTypeCAN                   
00008047  __TI_decompress_none             
00008055  __TI_zero_init                   
00008061  CANEnable                        
0000806b  GPIOPinWrite                     
00008071  _system_pre_init                 
00008075  C$$EXIT                          
00008075  abort                            
000081a8  ulMaxSyscallInterruptPriority    
000081ac  pxCurrentTCB                     
000081e0  pxCurrentCoRoutine               
00008200  __stack                          
00008400  __STACK_END                      
00008400  __TI_static_base__               
00008414  __TI_Handler_Table_Base          
00008420  __TI_Handler_Table_Limit         
00008428  __TI_CINIT_Base                  
00008438  __TI_CINIT_Limit                 
ffffffff  __TI_pprof_out_hndl              
ffffffff  __TI_prof_data_size              
ffffffff  __TI_prof_data_start             
ffffffff  __binit__                        
ffffffff  __c_args__                       
ffffffff  binit                            
UNDEFED   __mpu_init                       
UNDEFED   _system_post_cinit               

[141 symbols]
